==> Analytics deploy
    stack:   shared-infra-stack
    profile: uat
    git:     554d5ea
    started: 2026-04-23T20:14:58Z
    log:     /Users/shoaibrain/edforge/docs/deploys/analytics-uat-shared-infra-stack-20260423-151458-554d5ea.log

[cdk] env file: .env + .env.uat
CDK NAG:  false
#0 building with "desktop-linux" instance using docker driver

#1 [internal] load build definition from Dockerfile
#1 transferring dockerfile: 1.56kB done
#1 DONE 0.0s

#2 [internal] load metadata for public.ecr.aws/sam/build-python3.10:latest
#2 DONE 0.7s

#3 [internal] load .dockerignore
#3 transferring context: 2B done
#3 DONE 0.0s

#4 [1/2] FROM public.ecr.aws/sam/build-python3.10:latest@sha256:2421fe882644e88ff4d0d10f0147f8a1671a84c475da6eeaee59e61b4b3d307f
#4 resolve public.ecr.aws/sam/build-python3.10:latest@sha256:2421fe882644e88ff4d0d10f0147f8a1671a84c475da6eeaee59e61b4b3d307f done
#4 DONE 0.0s

#5 [2/2] RUN     python -m venv /usr/app/venv &&     mkdir /tmp/pip-cache &&     chmod -R 777 /tmp/pip-cache &&     pip install --upgrade pip &&     mkdir /tmp/poetry-cache &&     chmod -R 777 /tmp/poetry-cache &&     pip install pipenv==2022.4.8 poetry==1.5.1 &&     rm -rf /tmp/pip-cache/* /tmp/poetry-cache/*
#5 CACHED

#6 exporting to image
#6 exporting layers done
#6 exporting manifest sha256:51513a9b0014c33907038e04a6966341582349788f94478c8d4e2dac4b062442 done
#6 exporting config sha256:cebb20296a30cbe48d609d89fef25ef93ea52f2d321f34d5c83e7fd2f2565123 done
#6 exporting attestation manifest sha256:06b20ccef7c7106e519b35499bb670fd6c06dd7f60d2ddc4c56af4892c33c8b9 done
#6 exporting manifest list sha256:48e8c7b4696de94478ea4ef74efa97bbf6c585104232070e4f1babc90f91d6b5 done
#6 naming to docker.io/library/cdk-cc00d3c8b7a394c42c1b7f01c426af15484ab3611aaa7dd8dbb441f6fd21c223:latest done
#6 DONE 0.0s

View build details: docker-desktop://dashboard/build/desktop-linux/desktop-linux/v1wug4flgeqreeoo8g7dvwlt3
#0 building with "desktop-linux" instance using docker driver

#1 [internal] load build definition from Dockerfile
#1 transferring dockerfile: 1.56kB done
#1 DONE 0.0s

#2 [internal] load metadata for public.ecr.aws/sam/build-python3.10:latest
#2 DONE 0.2s

#3 [internal] load .dockerignore
#3 transferring context: 2B done
#3 DONE 0.0s

#4 [1/2] FROM public.ecr.aws/sam/build-python3.10:latest@sha256:2421fe882644e88ff4d0d10f0147f8a1671a84c475da6eeaee59e61b4b3d307f
#4 resolve public.ecr.aws/sam/build-python3.10:latest@sha256:2421fe882644e88ff4d0d10f0147f8a1671a84c475da6eeaee59e61b4b3d307f done
#4 DONE 0.0s

#5 [2/2] RUN     python -m venv /usr/app/venv &&     mkdir /tmp/pip-cache &&     chmod -R 777 /tmp/pip-cache &&     pip install --upgrade pip &&     mkdir /tmp/poetry-cache &&     chmod -R 777 /tmp/poetry-cache &&     pip install pipenv==2022.4.8 poetry==1.5.1 &&     rm -rf /tmp/pip-cache/* /tmp/poetry-cache/*
#5 CACHED

#6 exporting to image
#6 exporting layers done
#6 exporting manifest sha256:51513a9b0014c33907038e04a6966341582349788f94478c8d4e2dac4b062442 done
#6 exporting config sha256:cebb20296a30cbe48d609d89fef25ef93ea52f2d321f34d5c83e7fd2f2565123 done
#6 exporting attestation manifest sha256:8a34caf7bbb89d894e290193d37923fd6ee59581064f20e3f501071e7f836a5e done
#6 exporting manifest list sha256:cf869c05a1618029e11600f73c7fa1e2f4ea5e9ff0b5085d8a8d63cb6fda6430 done
#6 naming to docker.io/library/cdk-cc00d3c8b7a394c42c1b7f01c426af15484ab3611aaa7dd8dbb441f6fd21c223:latest done
#6 DONE 0.0s

View build details: docker-desktop://dashboard/build/desktop-linux/desktop-linux/u0s27jeyjeqe60w05sv115s29
#0 building with "desktop-linux" instance using docker driver

#1 [internal] load build definition from Dockerfile
#1 transferring dockerfile: 1.56kB done
#1 DONE 0.0s

#2 [internal] load metadata for public.ecr.aws/sam/build-python3.13:latest
#2 DONE 0.6s

#3 [internal] load .dockerignore
#3 transferring context: 2B done
#3 DONE 0.0s

#4 [1/2] FROM public.ecr.aws/sam/build-python3.13:latest@sha256:be015b4dbfce398c76feb589c307073a48aed25b6accee4db41a481b78a490d2
#4 resolve public.ecr.aws/sam/build-python3.13:latest@sha256:be015b4dbfce398c76feb589c307073a48aed25b6accee4db41a481b78a490d2 done
#4 DONE 0.0s

#5 [2/2] RUN     python -m venv /usr/app/venv &&     mkdir /tmp/pip-cache &&     chmod -R 777 /tmp/pip-cache &&     pip install --upgrade pip &&     mkdir /tmp/poetry-cache &&     chmod -R 777 /tmp/poetry-cache &&     pip install pipenv==2022.4.8 poetry==1.5.1 &&     rm -rf /tmp/pip-cache/* /tmp/poetry-cache/*
#5 CACHED

#6 exporting to image
#6 exporting layers done
#6 exporting manifest sha256:13a6185e9271e933a5926f5f04489192d9d49ecbda1c6a8b2e36faa8b723a624 done
#6 exporting config sha256:ad9568a79883661f5b7399d87b99e718e47d93a37496672ce3cc3493c7a813e1 done
#6 exporting attestation manifest sha256:a7afb98f3dd404c0653801b2d67dcc1b047d199f2afe683ff6359a9d55d34d4a done
#6 exporting manifest list sha256:5ddfb58ee5464bb1a0372f9bad88fde28c5249a93becd2c21e6fd9460ec4180a done
#6 naming to docker.io/library/cdk-b88284e8533f19eb9f4e68a95bb6c02a2133a18e257c811977ee854e4dd1b826:latest done
#6 unpacking to docker.io/library/cdk-b88284e8533f19eb9f4e68a95bb6c02a2133a18e257c811977ee854e4dd1b826:latest done
#6 DONE 0.0s

View build details: docker-desktop://dashboard/build/desktop-linux/desktop-linux/0waslzkt3uay3quykzgq2jtir
#0 building with "desktop-linux" instance using docker driver

#1 [internal] load build definition from Dockerfile
#1 transferring dockerfile: 1.56kB done
#1 DONE 0.0s

#2 [internal] load metadata for public.ecr.aws/sam/build-python3.13:latest
#2 DONE 0.1s

#3 [internal] load .dockerignore
#3 transferring context: 2B done
#3 DONE 0.0s

#4 [1/2] FROM public.ecr.aws/sam/build-python3.13:latest@sha256:be015b4dbfce398c76feb589c307073a48aed25b6accee4db41a481b78a490d2
#4 resolve public.ecr.aws/sam/build-python3.13:latest@sha256:be015b4dbfce398c76feb589c307073a48aed25b6accee4db41a481b78a490d2 0.0s done
#4 DONE 0.0s

#5 [2/2] RUN     python -m venv /usr/app/venv &&     mkdir /tmp/pip-cache &&     chmod -R 777 /tmp/pip-cache &&     pip install --upgrade pip &&     mkdir /tmp/poetry-cache &&     chmod -R 777 /tmp/poetry-cache &&     pip install pipenv==2022.4.8 poetry==1.5.1 &&     rm -rf /tmp/pip-cache/* /tmp/poetry-cache/*
#5 CACHED

#6 exporting to image
#6 exporting layers done
#6 exporting manifest sha256:13a6185e9271e933a5926f5f04489192d9d49ecbda1c6a8b2e36faa8b723a624 done
#6 exporting config sha256:ad9568a79883661f5b7399d87b99e718e47d93a37496672ce3cc3493c7a813e1 done
#6 exporting attestation manifest sha256:e340674be7347638e4c073bffc7a7c18515e90e8f045a249611b1d2f1ee222d1 done
#6 exporting manifest list sha256:cbef0d6382491dd3585ea4c7ce56aa9eff697518c75352874d7ff76863d19ab5 done
#6 naming to docker.io/library/cdk-b88284e8533f19eb9f4e68a95bb6c02a2133a18e257c811977ee854e4dd1b826:latest done
#6 unpacking to docker.io/library/cdk-b88284e8533f19eb9f4e68a95bb6c02a2133a18e257c811977ee854e4dd1b826:latest done
#6 DONE 0.0s

View build details: docker-desktop://dashboard/build/desktop-linux/desktop-linux/ixkraz3kuonkq301wlagff23b
#0 building with "desktop-linux" instance using docker driver

#1 [internal] load build definition from Dockerfile
#1 transferring dockerfile: 1.56kB done
#1 DONE 0.0s

#2 [internal] load metadata for public.ecr.aws/sam/build-python3.13:latest
#2 DONE 0.2s

#3 [internal] load .dockerignore
#3 transferring context: 2B done
#3 DONE 0.0s

#4 [1/2] FROM public.ecr.aws/sam/build-python3.13:latest@sha256:be015b4dbfce398c76feb589c307073a48aed25b6accee4db41a481b78a490d2
#4 resolve public.ecr.aws/sam/build-python3.13:latest@sha256:be015b4dbfce398c76feb589c307073a48aed25b6accee4db41a481b78a490d2 done
#4 DONE 0.0s

#5 [2/2] RUN     python -m venv /usr/app/venv &&     mkdir /tmp/pip-cache &&     chmod -R 777 /tmp/pip-cache &&     pip install --upgrade pip &&     mkdir /tmp/poetry-cache &&     chmod -R 777 /tmp/poetry-cache &&     pip install pipenv==2022.4.8 poetry==1.5.1 &&     rm -rf /tmp/pip-cache/* /tmp/poetry-cache/*
#5 CACHED

#6 exporting to image
#6 exporting layers done
#6 exporting manifest sha256:13a6185e9271e933a5926f5f04489192d9d49ecbda1c6a8b2e36faa8b723a624 done
#6 exporting config sha256:ad9568a79883661f5b7399d87b99e718e47d93a37496672ce3cc3493c7a813e1 done
#6 exporting attestation manifest sha256:919ee7ec9c22d88526f16fc22d5c762c1302213f22d5ec4494ec4350b627d940 done
#6 exporting manifest list sha256:52e90821400cc710bd1940697fa8008982b61e52af8203cbe4aed148d5ddf416 done
#6 naming to docker.io/library/cdk-b88284e8533f19eb9f4e68a95bb6c02a2133a18e257c811977ee854e4dd1b826:latest done
#6 unpacking to docker.io/library/cdk-b88284e8533f19eb9f4e68a95bb6c02a2133a18e257c811977ee854e4dd1b826:latest done
#6 DONE 0.0s

View build details: docker-desktop://dashboard/build/desktop-linux/desktop-linux/yrjgkkp241wjxgl7p4lm5awqo
#0 building with "desktop-linux" instance using docker driver

#1 [internal] load build definition from Dockerfile
#1 transferring dockerfile: 1.56kB done
#1 DONE 0.0s

#2 [internal] load metadata for public.ecr.aws/sam/build-python3.13:latest
#2 DONE 0.1s

#3 [internal] load .dockerignore
#3 transferring context: 2B done
#3 DONE 0.0s

#4 [1/2] FROM public.ecr.aws/sam/build-python3.13:latest@sha256:be015b4dbfce398c76feb589c307073a48aed25b6accee4db41a481b78a490d2
#4 resolve public.ecr.aws/sam/build-python3.13:latest@sha256:be015b4dbfce398c76feb589c307073a48aed25b6accee4db41a481b78a490d2 done
#4 DONE 0.0s

#5 [2/2] RUN     python -m venv /usr/app/venv &&     mkdir /tmp/pip-cache &&     chmod -R 777 /tmp/pip-cache &&     pip install --upgrade pip &&     mkdir /tmp/poetry-cache &&     chmod -R 777 /tmp/poetry-cache &&     pip install pipenv==2022.4.8 poetry==1.5.1 &&     rm -rf /tmp/pip-cache/* /tmp/poetry-cache/*
#5 CACHED

#6 exporting to image
#6 exporting layers done
#6 exporting manifest sha256:13a6185e9271e933a5926f5f04489192d9d49ecbda1c6a8b2e36faa8b723a624 done
#6 exporting config sha256:ad9568a79883661f5b7399d87b99e718e47d93a37496672ce3cc3493c7a813e1 done
#6 exporting attestation manifest sha256:1c09d80a091ca7008c9a2fd3ecaa0261332527d2e2e3f5061fa8678af641f2d4 done
#6 exporting manifest list sha256:48ab3ceb480666097574e03e8336859a257e00b6e32c04d350de1bb028f18d43 done
#6 naming to docker.io/library/cdk-b88284e8533f19eb9f4e68a95bb6c02a2133a18e257c811977ee854e4dd1b826:latest done
#6 unpacking to docker.io/library/cdk-b88284e8533f19eb9f4e68a95bb6c02a2133a18e257c811977ee854e4dd1b826:latest done
#6 DONE 0.0s

View build details: docker-desktop://dashboard/build/desktop-linux/desktop-linux/jicvftb3y4vlc25xbzgikf2zv
#0 building with "desktop-linux" instance using docker driver

#1 [internal] load build definition from Dockerfile
#1 transferring dockerfile: 1.56kB done
#1 DONE 0.0s

#2 [internal] load metadata for public.ecr.aws/sam/build-python3.13:latest
#2 DONE 0.2s

#3 [internal] load .dockerignore
#3 transferring context: 2B done
#3 DONE 0.0s

#4 [1/2] FROM public.ecr.aws/sam/build-python3.13:latest@sha256:be015b4dbfce398c76feb589c307073a48aed25b6accee4db41a481b78a490d2
#4 resolve public.ecr.aws/sam/build-python3.13:latest@sha256:be015b4dbfce398c76feb589c307073a48aed25b6accee4db41a481b78a490d2 done
#4 DONE 0.0s

#5 [2/2] RUN     python -m venv /usr/app/venv &&     mkdir /tmp/pip-cache &&     chmod -R 777 /tmp/pip-cache &&     pip install --upgrade pip &&     mkdir /tmp/poetry-cache &&     chmod -R 777 /tmp/poetry-cache &&     pip install pipenv==2022.4.8 poetry==1.5.1 &&     rm -rf /tmp/pip-cache/* /tmp/poetry-cache/*
#5 CACHED

#6 exporting to image
#6 exporting layers done
#6 exporting manifest sha256:13a6185e9271e933a5926f5f04489192d9d49ecbda1c6a8b2e36faa8b723a624 done
#6 exporting config sha256:ad9568a79883661f5b7399d87b99e718e47d93a37496672ce3cc3493c7a813e1 done
#6 exporting attestation manifest sha256:bb31661ad7a6e3f86e5da991d0838714457628d8a5ded3738f509bfb0baf9a64 done
#6 exporting manifest list sha256:703b95c10f19ff3edaf68cdffee1277e287af9fc651f49f893168ce596c4caee done
#6 naming to docker.io/library/cdk-b88284e8533f19eb9f4e68a95bb6c02a2133a18e257c811977ee854e4dd1b826:latest done
#6 unpacking to docker.io/library/cdk-b88284e8533f19eb9f4e68a95bb6c02a2133a18e257c811977ee854e4dd1b826:latest done
#6 DONE 0.0s

View build details: docker-desktop://dashboard/build/desktop-linux/desktop-linux/dn26lvowofoc17mb9w9qh16ob
#0 building with "desktop-linux" instance using docker driver

#1 [internal] load build definition from Dockerfile
#1 transferring dockerfile: 1.56kB done
#1 DONE 0.0s

#2 [internal] load metadata for public.ecr.aws/sam/build-python3.13:latest
#2 DONE 0.3s

#3 [internal] load .dockerignore
#3 transferring context: 2B done
#3 DONE 0.0s

#4 [1/2] FROM public.ecr.aws/sam/build-python3.13:latest@sha256:be015b4dbfce398c76feb589c307073a48aed25b6accee4db41a481b78a490d2
#4 resolve public.ecr.aws/sam/build-python3.13:latest@sha256:be015b4dbfce398c76feb589c307073a48aed25b6accee4db41a481b78a490d2 done
#4 DONE 0.0s

#5 [2/2] RUN     python -m venv /usr/app/venv &&     mkdir /tmp/pip-cache &&     chmod -R 777 /tmp/pip-cache &&     pip install --upgrade pip &&     mkdir /tmp/poetry-cache &&     chmod -R 777 /tmp/poetry-cache &&     pip install pipenv==2022.4.8 poetry==1.5.1 &&     rm -rf /tmp/pip-cache/* /tmp/poetry-cache/*
#5 CACHED

#6 exporting to image
#6 exporting layers done
#6 exporting manifest sha256:13a6185e9271e933a5926f5f04489192d9d49ecbda1c6a8b2e36faa8b723a624 done
#6 exporting config sha256:ad9568a79883661f5b7399d87b99e718e47d93a37496672ce3cc3493c7a813e1 done
#6 exporting attestation manifest sha256:5c97169b3e0c3e49c3fc2e58d4940bbf18b0269d458369979f838c4ab0f288cf done
#6 exporting manifest list sha256:e797ca1c0acc6e4bf63cba68eee3ec03c2979f75d7f8e8f27ceb663f80028392 done
#6 naming to docker.io/library/cdk-b88284e8533f19eb9f4e68a95bb6c02a2133a18e257c811977ee854e4dd1b826:latest done
#6 unpacking to docker.io/library/cdk-b88284e8533f19eb9f4e68a95bb6c02a2133a18e257c811977ee854e4dd1b826:latest done
#6 DONE 0.0s

View build details: docker-desktop://dashboard/build/desktop-linux/desktop-linux/kgce39hodwhk2g8hrknquvj56
Bundling asset analytics-stack/AggregatorFunction/Code/Stage...

  ...680ee97c4b51bc73e87bb07bad5cc1f2a2d46a95afd22c-building/index.js  155.7kb

⚡ Done in 18ms
Bundling asset analytics-stack/ApiLambda/Code/Stage...

  ...6f8b1afb721c227097b4a9c3d324ffe699d887fe1a1560-building/index.js  604.1kb

⚡ Done in 12ms
Bundling asset analytics-stack/RollupLambda/Function/Code/Stage...

  ...9600391f9433db2c2b6f01a5ae5a36b66c44260f2200385-building/index.js  19.5kb

⚡ Done in 2ms
Bundling asset tenant-template-stack-basic/CognitoLoginEmitter/Function/Code/Stage...

  ...3e3320b3a8192c1d9e03826c5b6abc1898a66ec552cb0efc-building/index.js  4.1kb

⚡ Done in 1ms

✨  Synthesis time: 10.12s

current credentials could not be used to assume 'arn:aws:iam::715860911762:role/cdk-hnb659fds-file-publishing-role-715860911762-us-east-2', but are for the right account. Proceeding anyway.
current credentials could not be used to assume 'arn:aws:iam::715860911762:role/cdk-hnb659fds-file-publishing-role-715860911762-us-east-2', but are for the right account. Proceeding anyway.
current credentials could not be used to assume 'arn:aws:iam::715860911762:role/cdk-hnb659fds-file-publishing-role-715860911762-us-east-2', but are for the right account. Proceeding anyway.
current credentials could not be used to assume 'arn:aws:iam::715860911762:role/cdk-hnb659fds-file-publishing-role-715860911762-us-east-2', but are for the right account. Proceeding anyway.
current credentials could not be used to assume 'arn:aws:iam::715860911762:role/cdk-hnb659fds-file-publishing-role-715860911762-us-east-2', but are for the right account. Proceeding anyway.
shared-infra-stack: deploying... [1/1]
current credentials could not be used to assume 'arn:aws:iam::715860911762:role/cdk-hnb659fds-deploy-role-715860911762-us-east-2', but are for the right account. Proceeding anyway.
shared-infra-stack: creating CloudFormation changeset...
shared-infra-stack | 0/6 | 3:19:08 PM | UPDATE_IN_PROGRESS   | AWS::CloudFormation::Stack                | shared-infra-stack User Initiated
shared-infra-stack | 0/6 | 3:21:35 PM | UPDATE_IN_PROGRESS   | AWS::ApiGateway::RestApi                  | ApiGateway/TenantApi (ApiGatewayTenantApiF5CE34AA) 
shared-infra-stack | 1/6 | 3:21:46 PM | UPDATE_COMPLETE      | AWS::ApiGateway::RestApi                  | ApiGateway/TenantApi (ApiGatewayTenantApiF5CE34AA) 
shared-infra-stack | 1/6 | 3:21:46 PM | CREATE_IN_PROGRESS   | AWS::ApiGateway::Deployment               | ApiGateway/TenantApi/Deployment (ApiGatewayTenantApiDeployment4DA0AEAF7e26f8716eb9ed7bcadbec9463f5e17e) 
shared-infra-stack | 1/6 | 3:21:51 PM | CREATE_IN_PROGRESS   | AWS::ApiGateway::Deployment               | ApiGateway/TenantApi/Deployment (ApiGatewayTenantApiDeployment4DA0AEAF7e26f8716eb9ed7bcadbec9463f5e17e) Resource creation Initiated
shared-infra-stack | 2/6 | 3:21:52 PM | CREATE_COMPLETE      | AWS::ApiGateway::Deployment               | ApiGateway/TenantApi/Deployment (ApiGatewayTenantApiDeployment4DA0AEAF7e26f8716eb9ed7bcadbec9463f5e17e) 
shared-infra-stack | 2/6 | 3:21:53 PM | UPDATE_IN_PROGRESS   | AWS::ApiGateway::Stage                    | ApiGateway/TenantApi/DeploymentStage.prod (ApiGatewayTenantApiDeploymentStageprod5419DFE5) 
shared-infra-stack | 3/6 | 3:21:54 PM | UPDATE_COMPLETE      | AWS::ApiGateway::Stage                    | ApiGateway/TenantApi/DeploymentStage.prod (ApiGatewayTenantApiDeploymentStageprod5419DFE5) 
shared-infra-stack | 4/6 | 3:21:59 PM | UPDATE_COMPLETE_CLEA | AWS::CloudFormation::Stack                | shared-infra-stack 
shared-infra-stack | 4/6 | 3:22:00 PM | DELETE_IN_PROGRESS   | AWS::ApiGateway::Deployment               | ApiGatewayTenantApiDeployment4DA0AEAFaa04d22bd56db3aaeb472360064c338a 
shared-infra-stack | 5/6 | 3:22:02 PM | DELETE_COMPLETE      | AWS::ApiGateway::Deployment               | ApiGatewayTenantApiDeployment4DA0AEAFaa04d22bd56db3aaeb472360064c338a 
shared-infra-stack | 6/6 | 3:22:03 PM | UPDATE_COMPLETE      | AWS::CloudFormation::Stack                | shared-infra-stack 

 ✅  shared-infra-stack

✨  Deployment time: 416.12s

Outputs:
shared-infra-stack.ALBArn = arn:aws:elasticloadbalancing:us-east-2:715860911762:loadbalancer/app/shared-sbtec-g08DvsSmDe1E/e9542f210aff729a
shared-infra-stack.ALBDnsName = internal-shared-sbtec-g08DvsSmDe1E-1693952765.us-east-2.elb.amazonaws.com
shared-infra-stack.AlbSgId = sg-0524b4dc1993a4edf
shared-infra-stack.ApiGatewayTenantApiEndpointF0F42595 = https://tw8pfmqsdi.execute-api.us-east-2.amazonaws.com/prod/
shared-infra-stack.ApiGatewayUrl = https://tw8pfmqsdi.execute-api.us-east-2.amazonaws.com/prod/
shared-infra-stack.AvailabilityZones = us-east-2a,us-east-2b,us-east-2c
shared-infra-stack.EcsVpcId = vpc-08afbe4546adce53f
shared-infra-stack.ExportsOutputFnGetAttTenantMappingTable8521321CArn3DDEA8C7 = arn:aws:dynamodb:us-east-2:715860911762:table/shared-infra-stack-TenantMappingTable8521321C-1G038YY0X2K2C
shared-infra-stack.ExportsOutputFnGetAttadminsiteadminsiteBucketCFEB0FF8Arn668B883E = arn:aws:s3:::adminsitebucket-715860911762-us-east-2
shared-infra-stack.ExportsOutputFnGetAttadminsiteadminsiteDistributionCB923EF7DomainName0F4425B4 = djbcgz3fusj2e.cloudfront.net
shared-infra-stack.ExportsOutputFnGetAttsbtecsalbC25444E7LoadBalancerFullName39D4005E = app/shared-sbtec-g08DvsSmDe1E/e9542f210aff729a
shared-infra-stack.ExportsOutputRefTenantMappingTable8521321C99BF1CB4 = shared-infra-stack-TenantMappingTable8521321C-1G038YY0X2K2C
shared-infra-stack.ExportsOutputRefadminsiteadminsiteBucketCFEB0FF8950F79BC = adminsitebucket-715860911762-us-east-2
shared-infra-stack.ListenerArn = arn:aws:elasticloadbalancing:us-east-2:715860911762:listener/app/shared-sbtec-g08DvsSmDe1E/e9542f210aff729a/a7f363bf665fddf0
shared-infra-stack.PrivSub1RouteId = rtb-0f36bd68a9ab5caee
shared-infra-stack.PrivSub2RouteId = rtb-07c2a211607c322ab
shared-infra-stack.PrivSub3RouteId = rtb-09d073842da6cd592
shared-infra-stack.PrivateSubnetIds = subnet-0d21d98426e3638f6,subnet-08e95eb9a3f3db1b8,subnet-0dc3db8d5609a9396
shared-infra-stack.TenantApiAuthorizerArn = arn:aws:lambda:us-east-2:715860911762:function:shared-infra-stack-ApiGatewayAuthorizerFunction287-mK9L1xEbCreK
shared-infra-stack.TenantApiRestApiId = tw8pfmqsdi
shared-infra-stack.TenantApiRootResourceId = jpnb6vgjm5
shared-infra-stack.adminSiteUrl = https://djbcgz3fusj2e.cloudfront.net
Stack ARN:
arn:aws:cloudformation:us-east-2:715860911762:stack/shared-infra-stack/7c277af0-2d03-11f1-8edf-02075323fe01

✨  Total time: 426.24s


==> Finished
    exit:    0
    ended:   2026-04-23T20:22:07Z
