==> Analytics deploy
    stack:   shared-infra-stack
    profile: uat
    git:     f959e56
    started: 2026-04-23T22:38:06Z
    log:     /Users/shoaibrain/edforge/docs/deploys/analytics-uat-shared-infra-stack-20260423-173806-f959e56.log

[cdk] env file: .env + .env.uat
CDK NAG:  false
#0 building with "desktop-linux" instance using docker driver

#1 [internal] load build definition from Dockerfile
#1 transferring dockerfile: 1.56kB done
#1 DONE 0.0s

#2 [internal] load metadata for public.ecr.aws/sam/build-python3.10:latest
#2 DONE 0.7s

#3 [internal] load .dockerignore
#3 transferring context: 2B done
#3 DONE 0.0s

#4 [1/2] FROM public.ecr.aws/sam/build-python3.10:latest@sha256:2421fe882644e88ff4d0d10f0147f8a1671a84c475da6eeaee59e61b4b3d307f
#4 resolve public.ecr.aws/sam/build-python3.10:latest@sha256:2421fe882644e88ff4d0d10f0147f8a1671a84c475da6eeaee59e61b4b3d307f done
#4 DONE 0.0s

#5 [2/2] RUN     python -m venv /usr/app/venv &&     mkdir /tmp/pip-cache &&     chmod -R 777 /tmp/pip-cache &&     pip install --upgrade pip &&     mkdir /tmp/poetry-cache &&     chmod -R 777 /tmp/poetry-cache &&     pip install pipenv==2022.4.8 poetry==1.5.1 &&     rm -rf /tmp/pip-cache/* /tmp/poetry-cache/*
#5 CACHED

#6 exporting to image
#6 exporting layers done
#6 exporting manifest sha256:51513a9b0014c33907038e04a6966341582349788f94478c8d4e2dac4b062442 done
#6 exporting config sha256:cebb20296a30cbe48d609d89fef25ef93ea52f2d321f34d5c83e7fd2f2565123 done
#6 exporting attestation manifest sha256:9d2b5339dfc3be82ccb59c03ce5a83e01e5e433ff727d3b61d4dc037d3270658 done
#6 exporting manifest list sha256:585c279be1cdafa49c6567d14c26e5f5b0f33c244f908517bdfb3a1cc72f7599 done
#6 naming to docker.io/library/cdk-cc00d3c8b7a394c42c1b7f01c426af15484ab3611aaa7dd8dbb441f6fd21c223:latest done
#6 DONE 0.0s

View build details: docker-desktop://dashboard/build/desktop-linux/desktop-linux/s86ds36v3fafifik1y7fni8fo
#0 building with "desktop-linux" instance using docker driver

#1 [internal] load build definition from Dockerfile
#1 transferring dockerfile: 1.56kB done
#1 DONE 0.0s

#2 [internal] load metadata for public.ecr.aws/sam/build-python3.10:latest
#2 DONE 0.2s

#3 [internal] load .dockerignore
#3 transferring context: 2B done
#3 DONE 0.0s

#4 [1/2] FROM public.ecr.aws/sam/build-python3.10:latest@sha256:2421fe882644e88ff4d0d10f0147f8a1671a84c475da6eeaee59e61b4b3d307f
#4 resolve public.ecr.aws/sam/build-python3.10:latest@sha256:2421fe882644e88ff4d0d10f0147f8a1671a84c475da6eeaee59e61b4b3d307f done
#4 DONE 0.0s

#5 [2/2] RUN     python -m venv /usr/app/venv &&     mkdir /tmp/pip-cache &&     chmod -R 777 /tmp/pip-cache &&     pip install --upgrade pip &&     mkdir /tmp/poetry-cache &&     chmod -R 777 /tmp/poetry-cache &&     pip install pipenv==2022.4.8 poetry==1.5.1 &&     rm -rf /tmp/pip-cache/* /tmp/poetry-cache/*
#5 CACHED

#6 exporting to image
#6 exporting layers done
#6 exporting manifest sha256:51513a9b0014c33907038e04a6966341582349788f94478c8d4e2dac4b062442 done
#6 exporting config sha256:cebb20296a30cbe48d609d89fef25ef93ea52f2d321f34d5c83e7fd2f2565123 done
#6 exporting attestation manifest sha256:6054936be7b6d68a47cc6c9c40b7c8d71203a671d0b7e400adb091fbdeeb532d done
#6 exporting manifest list sha256:311cb86522c340bb0d1c8968f76d8863910af87afc4fc3dd93bb1d0e6fdea38f done
#6 naming to docker.io/library/cdk-cc00d3c8b7a394c42c1b7f01c426af15484ab3611aaa7dd8dbb441f6fd21c223:latest done
#6 DONE 0.0s

View build details: docker-desktop://dashboard/build/desktop-linux/desktop-linux/o3tc770p71t8bbj94nkfml7g8
#0 building with "desktop-linux" instance using docker driver

#1 [internal] load build definition from Dockerfile
#1 transferring dockerfile: 1.56kB done
#1 DONE 0.0s

#2 [internal] load metadata for public.ecr.aws/sam/build-python3.13:latest
#2 DONE 0.6s

#3 [internal] load .dockerignore
#3 transferring context: 2B done
#3 DONE 0.0s

#4 [1/2] FROM public.ecr.aws/sam/build-python3.13:latest@sha256:be015b4dbfce398c76feb589c307073a48aed25b6accee4db41a481b78a490d2
#4 resolve public.ecr.aws/sam/build-python3.13:latest@sha256:be015b4dbfce398c76feb589c307073a48aed25b6accee4db41a481b78a490d2 done
#4 DONE 0.0s

#5 [2/2] RUN     python -m venv /usr/app/venv &&     mkdir /tmp/pip-cache &&     chmod -R 777 /tmp/pip-cache &&     pip install --upgrade pip &&     mkdir /tmp/poetry-cache &&     chmod -R 777 /tmp/poetry-cache &&     pip install pipenv==2022.4.8 poetry==1.5.1 &&     rm -rf /tmp/pip-cache/* /tmp/poetry-cache/*
#5 CACHED

#6 exporting to image
#6 exporting layers done
#6 exporting manifest sha256:13a6185e9271e933a5926f5f04489192d9d49ecbda1c6a8b2e36faa8b723a624 done
#6 exporting config sha256:ad9568a79883661f5b7399d87b99e718e47d93a37496672ce3cc3493c7a813e1 done
#6 exporting attestation manifest sha256:5db3fc4f271d1ad512930c0939c02192d431be2cea447fdcbe90ae23e29e92d6 done
#6 exporting manifest list sha256:8408809fe8fdc3cceb69e582878c82bc250e4d8877b94784e86d95e6cd9e437f done
#6 naming to docker.io/library/cdk-b88284e8533f19eb9f4e68a95bb6c02a2133a18e257c811977ee854e4dd1b826:latest done
#6 unpacking to docker.io/library/cdk-b88284e8533f19eb9f4e68a95bb6c02a2133a18e257c811977ee854e4dd1b826:latest done
#6 DONE 0.0s

View build details: docker-desktop://dashboard/build/desktop-linux/desktop-linux/2157g1kzo9civqjykj1iimzd0
#0 building with "desktop-linux" instance using docker driver

#1 [internal] load build definition from Dockerfile
#1 transferring dockerfile: 1.56kB done
#1 DONE 0.0s

#2 [internal] load metadata for public.ecr.aws/sam/build-python3.13:latest
#2 DONE 0.2s

#3 [internal] load .dockerignore
#3 transferring context: 2B done
#3 DONE 0.0s

#4 [1/2] FROM public.ecr.aws/sam/build-python3.13:latest@sha256:be015b4dbfce398c76feb589c307073a48aed25b6accee4db41a481b78a490d2
#4 resolve public.ecr.aws/sam/build-python3.13:latest@sha256:be015b4dbfce398c76feb589c307073a48aed25b6accee4db41a481b78a490d2 done
#4 DONE 0.0s

#5 [2/2] RUN     python -m venv /usr/app/venv &&     mkdir /tmp/pip-cache &&     chmod -R 777 /tmp/pip-cache &&     pip install --upgrade pip &&     mkdir /tmp/poetry-cache &&     chmod -R 777 /tmp/poetry-cache &&     pip install pipenv==2022.4.8 poetry==1.5.1 &&     rm -rf /tmp/pip-cache/* /tmp/poetry-cache/*
#5 CACHED

#6 exporting to image
#6 exporting layers done
#6 exporting manifest sha256:13a6185e9271e933a5926f5f04489192d9d49ecbda1c6a8b2e36faa8b723a624 done
#6 exporting config sha256:ad9568a79883661f5b7399d87b99e718e47d93a37496672ce3cc3493c7a813e1 done
#6 exporting attestation manifest sha256:feb0843f5808b11a068458fe7b75f802713d1277ed47c6ded064b38d49d1b9c1 done
#6 exporting manifest list sha256:531f241d368a7992ed2b13571dd5c0c7c658d8d881fbaa595b1bcf27fafdc6ca done
#6 naming to docker.io/library/cdk-b88284e8533f19eb9f4e68a95bb6c02a2133a18e257c811977ee854e4dd1b826:latest done
#6 unpacking to docker.io/library/cdk-b88284e8533f19eb9f4e68a95bb6c02a2133a18e257c811977ee854e4dd1b826:latest done
#6 DONE 0.0s

View build details: docker-desktop://dashboard/build/desktop-linux/desktop-linux/vbra2qa28kziwlpx911c47onr
#0 building with "desktop-linux" instance using docker driver

#1 [internal] load build definition from Dockerfile
#1 transferring dockerfile: 1.56kB done
#1 DONE 0.0s

#2 [internal] load metadata for public.ecr.aws/sam/build-python3.13:latest
#2 DONE 0.2s

#3 [internal] load .dockerignore
#3 transferring context: 2B done
#3 DONE 0.0s

#4 [1/2] FROM public.ecr.aws/sam/build-python3.13:latest@sha256:be015b4dbfce398c76feb589c307073a48aed25b6accee4db41a481b78a490d2
#4 resolve public.ecr.aws/sam/build-python3.13:latest@sha256:be015b4dbfce398c76feb589c307073a48aed25b6accee4db41a481b78a490d2 done
#4 DONE 0.0s

#5 [2/2] RUN     python -m venv /usr/app/venv &&     mkdir /tmp/pip-cache &&     chmod -R 777 /tmp/pip-cache &&     pip install --upgrade pip &&     mkdir /tmp/poetry-cache &&     chmod -R 777 /tmp/poetry-cache &&     pip install pipenv==2022.4.8 poetry==1.5.1 &&     rm -rf /tmp/pip-cache/* /tmp/poetry-cache/*
#5 CACHED

#6 exporting to image
#6 exporting layers done
#6 exporting manifest sha256:13a6185e9271e933a5926f5f04489192d9d49ecbda1c6a8b2e36faa8b723a624 done
#6 exporting config sha256:ad9568a79883661f5b7399d87b99e718e47d93a37496672ce3cc3493c7a813e1 done
#6 exporting attestation manifest sha256:4d2ac8bceafb7a17183cafe54e2c5dfc2c11e51cff686fb977195b4a4e34c561 done
#6 exporting manifest list sha256:75cb40357c70c8a69d2f11ec6b270d4811bb8465fc5c9f18a0dcb56acf181096 done
#6 naming to docker.io/library/cdk-b88284e8533f19eb9f4e68a95bb6c02a2133a18e257c811977ee854e4dd1b826:latest done
#6 unpacking to docker.io/library/cdk-b88284e8533f19eb9f4e68a95bb6c02a2133a18e257c811977ee854e4dd1b826:latest done
#6 DONE 0.0s

View build details: docker-desktop://dashboard/build/desktop-linux/desktop-linux/b6aursyiq3m87ep1h2mvjjabu
#0 building with "desktop-linux" instance using docker driver

#1 [internal] load build definition from Dockerfile
#1 transferring dockerfile: 1.56kB done
#1 DONE 0.0s

#2 [internal] load metadata for public.ecr.aws/sam/build-python3.13:latest
#2 DONE 0.2s

#3 [internal] load .dockerignore
#3 transferring context: 2B done
#3 DONE 0.0s

#4 [1/2] FROM public.ecr.aws/sam/build-python3.13:latest@sha256:be015b4dbfce398c76feb589c307073a48aed25b6accee4db41a481b78a490d2
#4 resolve public.ecr.aws/sam/build-python3.13:latest@sha256:be015b4dbfce398c76feb589c307073a48aed25b6accee4db41a481b78a490d2 done
#4 DONE 0.0s

#5 [2/2] RUN     python -m venv /usr/app/venv &&     mkdir /tmp/pip-cache &&     chmod -R 777 /tmp/pip-cache &&     pip install --upgrade pip &&     mkdir /tmp/poetry-cache &&     chmod -R 777 /tmp/poetry-cache &&     pip install pipenv==2022.4.8 poetry==1.5.1 &&     rm -rf /tmp/pip-cache/* /tmp/poetry-cache/*
#5 CACHED

#6 exporting to image
#6 exporting layers done
#6 exporting manifest sha256:13a6185e9271e933a5926f5f04489192d9d49ecbda1c6a8b2e36faa8b723a624 done
#6 exporting config sha256:ad9568a79883661f5b7399d87b99e718e47d93a37496672ce3cc3493c7a813e1 done
#6 exporting attestation manifest sha256:9fda1f00d21ddc449f83965a5cea34722d62261dafdadc255f19837c91167f0a done
#6 exporting manifest list sha256:d019bfc892f52a379def0fdbdc9fe324c38b90d217e7964e4119efda54fabdb3 done
#6 naming to docker.io/library/cdk-b88284e8533f19eb9f4e68a95bb6c02a2133a18e257c811977ee854e4dd1b826:latest done
#6 unpacking to docker.io/library/cdk-b88284e8533f19eb9f4e68a95bb6c02a2133a18e257c811977ee854e4dd1b826:latest done
#6 DONE 0.0s

View build details: docker-desktop://dashboard/build/desktop-linux/desktop-linux/lzgt1pmvehuk7ztkwe5e7xas1
#0 building with "desktop-linux" instance using docker driver

#1 [internal] load build definition from Dockerfile
#1 transferring dockerfile: 1.56kB done
#1 DONE 0.0s

#2 [internal] load metadata for public.ecr.aws/sam/build-python3.13:latest
#2 DONE 0.2s

#3 [internal] load .dockerignore
#3 transferring context: 2B done
#3 DONE 0.0s

#4 [1/2] FROM public.ecr.aws/sam/build-python3.13:latest@sha256:be015b4dbfce398c76feb589c307073a48aed25b6accee4db41a481b78a490d2
#4 resolve public.ecr.aws/sam/build-python3.13:latest@sha256:be015b4dbfce398c76feb589c307073a48aed25b6accee4db41a481b78a490d2 done
#4 DONE 0.0s

#5 [2/2] RUN     python -m venv /usr/app/venv &&     mkdir /tmp/pip-cache &&     chmod -R 777 /tmp/pip-cache &&     pip install --upgrade pip &&     mkdir /tmp/poetry-cache &&     chmod -R 777 /tmp/poetry-cache &&     pip install pipenv==2022.4.8 poetry==1.5.1 &&     rm -rf /tmp/pip-cache/* /tmp/poetry-cache/*
#5 CACHED

#6 exporting to image
#6 exporting layers done
#6 exporting manifest sha256:13a6185e9271e933a5926f5f04489192d9d49ecbda1c6a8b2e36faa8b723a624 done
#6 exporting config sha256:ad9568a79883661f5b7399d87b99e718e47d93a37496672ce3cc3493c7a813e1 done
#6 exporting attestation manifest sha256:6f27cbd8484711d6fb95d913f3ed41b1cb56f859476c94176bea3a54fbbcb026 done
#6 exporting manifest list sha256:0f21e4a6b303b0967b69c65ef5bb15a19d81493e6063d2bd8900ba6535f402d9 done
#6 naming to docker.io/library/cdk-b88284e8533f19eb9f4e68a95bb6c02a2133a18e257c811977ee854e4dd1b826:latest done
#6 unpacking to docker.io/library/cdk-b88284e8533f19eb9f4e68a95bb6c02a2133a18e257c811977ee854e4dd1b826:latest done
#6 DONE 0.0s

View build details: docker-desktop://dashboard/build/desktop-linux/desktop-linux/rue5qqy0p2y6802ryygkfgrdz
#0 building with "desktop-linux" instance using docker driver

#1 [internal] load build definition from Dockerfile
#1 transferring dockerfile: 1.56kB done
#1 DONE 0.0s

#2 [internal] load metadata for public.ecr.aws/sam/build-python3.13:latest
#2 DONE 0.2s

#3 [internal] load .dockerignore
#3 transferring context: 2B done
#3 DONE 0.0s

#4 [1/2] FROM public.ecr.aws/sam/build-python3.13:latest@sha256:be015b4dbfce398c76feb589c307073a48aed25b6accee4db41a481b78a490d2
#4 resolve public.ecr.aws/sam/build-python3.13:latest@sha256:be015b4dbfce398c76feb589c307073a48aed25b6accee4db41a481b78a490d2 done
#4 DONE 0.0s

#5 [2/2] RUN     python -m venv /usr/app/venv &&     mkdir /tmp/pip-cache &&     chmod -R 777 /tmp/pip-cache &&     pip install --upgrade pip &&     mkdir /tmp/poetry-cache &&     chmod -R 777 /tmp/poetry-cache &&     pip install pipenv==2022.4.8 poetry==1.5.1 &&     rm -rf /tmp/pip-cache/* /tmp/poetry-cache/*
#5 CACHED

#6 exporting to image
#6 exporting layers done
#6 exporting manifest sha256:13a6185e9271e933a5926f5f04489192d9d49ecbda1c6a8b2e36faa8b723a624 done
#6 exporting config sha256:ad9568a79883661f5b7399d87b99e718e47d93a37496672ce3cc3493c7a813e1 done
#6 exporting attestation manifest sha256:5ff32767dc28b10f0fde2117b71fb04d712cd839601fd193f0692b59b26b7351 done
#6 exporting manifest list sha256:c74110b9be908b9a639b5b700b9f1d10a83127fc9a9614cadaa1e462c0d888c5 done
#6 naming to docker.io/library/cdk-b88284e8533f19eb9f4e68a95bb6c02a2133a18e257c811977ee854e4dd1b826:latest done
#6 unpacking to docker.io/library/cdk-b88284e8533f19eb9f4e68a95bb6c02a2133a18e257c811977ee854e4dd1b826:latest done
#6 DONE 0.0s

View build details: docker-desktop://dashboard/build/desktop-linux/desktop-linux/k5atzu658bbxb73qswzex320u
Bundling asset analytics-stack/AggregatorFunction/Code/Stage...

  ...680ee97c4b51bc73e87bb07bad5cc1f2a2d46a95afd22c-building/index.js  155.7kb

⚡ Done in 28ms
Bundling asset analytics-stack/ApiLambda/Code/Stage...

  ...6f8b1afb721c227097b4a9c3d324ffe699d887fe1a1560-building/index.js  654.4kb

⚡ Done in 16ms
Bundling asset analytics-stack/RollupLambda/Function/Code/Stage...

  ...9600391f9433db2c2b6f01a5ae5a36b66c44260f2200385-building/index.js  19.5kb

⚡ Done in 2ms
Bundling asset tenant-template-stack-basic/CognitoLoginEmitter/Function/Code/Stage...

  ...3e3320b3a8192c1d9e03826c5b6abc1898a66ec552cb0efc-building/index.js  4.1kb

⚡ Done in 1ms

✨  Synthesis time: 10.73s

current credentials could not be used to assume 'arn:aws:iam::715860911762:role/cdk-hnb659fds-file-publishing-role-715860911762-us-east-2', but are for the right account. Proceeding anyway.
current credentials could not be used to assume 'arn:aws:iam::715860911762:role/cdk-hnb659fds-file-publishing-role-715860911762-us-east-2', but are for the right account. Proceeding anyway.
current credentials could not be used to assume 'arn:aws:iam::715860911762:role/cdk-hnb659fds-file-publishing-role-715860911762-us-east-2', but are for the right account. Proceeding anyway.
current credentials could not be used to assume 'arn:aws:iam::715860911762:role/cdk-hnb659fds-file-publishing-role-715860911762-us-east-2', but are for the right account. Proceeding anyway.
current credentials could not be used to assume 'arn:aws:iam::715860911762:role/cdk-hnb659fds-file-publishing-role-715860911762-us-east-2', but are for the right account. Proceeding anyway.
shared-infra-stack: deploying... [1/1]
current credentials could not be used to assume 'arn:aws:iam::715860911762:role/cdk-hnb659fds-deploy-role-715860911762-us-east-2', but are for the right account. Proceeding anyway.
shared-infra-stack: creating CloudFormation changeset...
shared-infra-stack | 0/6 | 5:42:18 PM | UPDATE_IN_PROGRESS   | AWS::CloudFormation::Stack                | shared-infra-stack User Initiated
shared-infra-stack | 0/6 | 5:44:43 PM | UPDATE_IN_PROGRESS   | AWS::ApiGateway::RestApi                  | ApiGateway/TenantApi (ApiGatewayTenantApiF5CE34AA) 
shared-infra-stack | 1/6 | 5:44:53 PM | UPDATE_COMPLETE      | AWS::ApiGateway::RestApi                  | ApiGateway/TenantApi (ApiGatewayTenantApiF5CE34AA) 
shared-infra-stack | 1/6 | 5:44:54 PM | CREATE_IN_PROGRESS   | AWS::ApiGateway::Deployment               | ApiGateway/TenantApi/Deployment (ApiGatewayTenantApiDeployment4DA0AEAF1f7cfcba54ced308af5e4b664ba25921) 
shared-infra-stack | 1/6 | 5:44:58 PM | CREATE_IN_PROGRESS   | AWS::ApiGateway::Deployment               | ApiGateway/TenantApi/Deployment (ApiGatewayTenantApiDeployment4DA0AEAF1f7cfcba54ced308af5e4b664ba25921) Resource creation Initiated
shared-infra-stack | 2/6 | 5:44:59 PM | CREATE_COMPLETE      | AWS::ApiGateway::Deployment               | ApiGateway/TenantApi/Deployment (ApiGatewayTenantApiDeployment4DA0AEAF1f7cfcba54ced308af5e4b664ba25921) 
shared-infra-stack | 2/6 | 5:45:00 PM | UPDATE_IN_PROGRESS   | AWS::ApiGateway::Stage                    | ApiGateway/TenantApi/DeploymentStage.prod (ApiGatewayTenantApiDeploymentStageprod5419DFE5) 
shared-infra-stack | 3/6 | 5:45:02 PM | UPDATE_COMPLETE      | AWS::ApiGateway::Stage                    | ApiGateway/TenantApi/DeploymentStage.prod (ApiGatewayTenantApiDeploymentStageprod5419DFE5) 
shared-infra-stack | 4/6 | 5:45:06 PM | UPDATE_COMPLETE_CLEA | AWS::CloudFormation::Stack                | shared-infra-stack 
shared-infra-stack | 4/6 | 5:45:07 PM | DELETE_IN_PROGRESS   | AWS::ApiGateway::Deployment               | ApiGatewayTenantApiDeployment4DA0AEAF7e26f8716eb9ed7bcadbec9463f5e17e 
shared-infra-stack | 5/6 | 5:45:10 PM | DELETE_COMPLETE      | AWS::ApiGateway::Deployment               | ApiGatewayTenantApiDeployment4DA0AEAF7e26f8716eb9ed7bcadbec9463f5e17e 
shared-infra-stack | 6/6 | 5:45:10 PM | UPDATE_COMPLETE      | AWS::CloudFormation::Stack                | shared-infra-stack 

 ✅  shared-infra-stack

✨  Deployment time: 419.08s

Outputs:
shared-infra-stack.ALBArn = arn:aws:elasticloadbalancing:us-east-2:715860911762:loadbalancer/app/shared-sbtec-g08DvsSmDe1E/e9542f210aff729a
shared-infra-stack.ALBDnsName = internal-shared-sbtec-g08DvsSmDe1E-1693952765.us-east-2.elb.amazonaws.com
shared-infra-stack.AlbSgId = sg-0524b4dc1993a4edf
shared-infra-stack.ApiGatewayTenantApiEndpointF0F42595 = https://tw8pfmqsdi.execute-api.us-east-2.amazonaws.com/prod/
shared-infra-stack.ApiGatewayUrl = https://tw8pfmqsdi.execute-api.us-east-2.amazonaws.com/prod/
shared-infra-stack.AvailabilityZones = us-east-2a,us-east-2b,us-east-2c
shared-infra-stack.EcsVpcId = vpc-08afbe4546adce53f
shared-infra-stack.ExportsOutputFnGetAttTenantMappingTable8521321CArn3DDEA8C7 = arn:aws:dynamodb:us-east-2:715860911762:table/shared-infra-stack-TenantMappingTable8521321C-1G038YY0X2K2C
shared-infra-stack.ExportsOutputFnGetAttadminsiteadminsiteBucketCFEB0FF8Arn668B883E = arn:aws:s3:::adminsitebucket-715860911762-us-east-2
shared-infra-stack.ExportsOutputFnGetAttadminsiteadminsiteDistributionCB923EF7DomainName0F4425B4 = djbcgz3fusj2e.cloudfront.net
shared-infra-stack.ExportsOutputFnGetAttsbtecsalbC25444E7LoadBalancerFullName39D4005E = app/shared-sbtec-g08DvsSmDe1E/e9542f210aff729a
shared-infra-stack.ExportsOutputRefTenantMappingTable8521321C99BF1CB4 = shared-infra-stack-TenantMappingTable8521321C-1G038YY0X2K2C
shared-infra-stack.ExportsOutputRefadminsiteadminsiteBucketCFEB0FF8950F79BC = adminsitebucket-715860911762-us-east-2
shared-infra-stack.ListenerArn = arn:aws:elasticloadbalancing:us-east-2:715860911762:listener/app/shared-sbtec-g08DvsSmDe1E/e9542f210aff729a/a7f363bf665fddf0
shared-infra-stack.PrivSub1RouteId = rtb-0f36bd68a9ab5caee
shared-infra-stack.PrivSub2RouteId = rtb-07c2a211607c322ab
shared-infra-stack.PrivSub3RouteId = rtb-09d073842da6cd592
shared-infra-stack.PrivateSubnetIds = subnet-0d21d98426e3638f6,subnet-08e95eb9a3f3db1b8,subnet-0dc3db8d5609a9396
shared-infra-stack.TenantApiAuthorizerArn = arn:aws:lambda:us-east-2:715860911762:function:shared-infra-stack-ApiGatewayAuthorizerFunction287-mK9L1xEbCreK
shared-infra-stack.TenantApiRestApiId = tw8pfmqsdi
shared-infra-stack.TenantApiRootResourceId = jpnb6vgjm5
shared-infra-stack.adminSiteUrl = https://djbcgz3fusj2e.cloudfront.net
Stack ARN:
arn:aws:cloudformation:us-east-2:715860911762:stack/shared-infra-stack/7c277af0-2d03-11f1-8edf-02075323fe01

✨  Total time: 429.81s


==> Finished
    exit:    0
    ended:   2026-04-23T22:45:19Z
