==> Analytics deploy
    stack:   controlplane-stack
    profile: uat
    git:     766ab3b
    started: 2026-04-23T18:15:07Z
    log:     /Users/shoaibrain/edforge/docs/deploys/analytics-uat-controlplane-stack-20260423-131507-766ab3b.log

[cdk] env file: .env + .env.uat
CDK NAG:  false
#0 building with "desktop-linux" instance using docker driver

#1 [internal] load build definition from Dockerfile
#1 transferring dockerfile: 1.56kB done
#1 DONE 0.0s

#2 [internal] load metadata for public.ecr.aws/sam/build-python3.10:latest
#2 DONE 0.7s

#3 [internal] load .dockerignore
#3 transferring context: 2B done
#3 DONE 0.0s

#4 [1/2] FROM public.ecr.aws/sam/build-python3.10:latest@sha256:2421fe882644e88ff4d0d10f0147f8a1671a84c475da6eeaee59e61b4b3d307f
#4 resolve public.ecr.aws/sam/build-python3.10:latest@sha256:2421fe882644e88ff4d0d10f0147f8a1671a84c475da6eeaee59e61b4b3d307f done
#4 DONE 0.0s

#5 [2/2] RUN     python -m venv /usr/app/venv &&     mkdir /tmp/pip-cache &&     chmod -R 777 /tmp/pip-cache &&     pip install --upgrade pip &&     mkdir /tmp/poetry-cache &&     chmod -R 777 /tmp/poetry-cache &&     pip install pipenv==2022.4.8 poetry==1.5.1 &&     rm -rf /tmp/pip-cache/* /tmp/poetry-cache/*
#5 CACHED

#6 exporting to image
#6 exporting layers done
#6 exporting manifest sha256:51513a9b0014c33907038e04a6966341582349788f94478c8d4e2dac4b062442 done
#6 exporting config sha256:cebb20296a30cbe48d609d89fef25ef93ea52f2d321f34d5c83e7fd2f2565123 done
#6 exporting attestation manifest sha256:ec4f00af9a664c547e6b55421d570a457e24e83fb92d7a476811665666e444be done
#6 exporting manifest list sha256:510ccbed89fcabe9a34f9c8c065265567fed7e9f5139f47555954c8fe1c3a2b0 done
#6 naming to docker.io/library/cdk-cc00d3c8b7a394c42c1b7f01c426af15484ab3611aaa7dd8dbb441f6fd21c223:latest done
#6 DONE 0.0s

View build details: docker-desktop://dashboard/build/desktop-linux/desktop-linux/k59tega4abvbuxk9o1cclsb5d
#0 building with "desktop-linux" instance using docker driver

#1 [internal] load build definition from Dockerfile
#1 transferring dockerfile: 1.56kB done
#1 DONE 0.0s

#2 [internal] load metadata for public.ecr.aws/sam/build-python3.10:latest
#2 DONE 0.2s

#3 [internal] load .dockerignore
#3 transferring context: 2B done
#3 DONE 0.0s

#4 [1/2] FROM public.ecr.aws/sam/build-python3.10:latest@sha256:2421fe882644e88ff4d0d10f0147f8a1671a84c475da6eeaee59e61b4b3d307f
#4 resolve public.ecr.aws/sam/build-python3.10:latest@sha256:2421fe882644e88ff4d0d10f0147f8a1671a84c475da6eeaee59e61b4b3d307f done
#4 DONE 0.0s

#5 [2/2] RUN     python -m venv /usr/app/venv &&     mkdir /tmp/pip-cache &&     chmod -R 777 /tmp/pip-cache &&     pip install --upgrade pip &&     mkdir /tmp/poetry-cache &&     chmod -R 777 /tmp/poetry-cache &&     pip install pipenv==2022.4.8 poetry==1.5.1 &&     rm -rf /tmp/pip-cache/* /tmp/poetry-cache/*
#5 CACHED

#6 exporting to image
#6 exporting layers done
#6 exporting manifest sha256:51513a9b0014c33907038e04a6966341582349788f94478c8d4e2dac4b062442 done
#6 exporting config sha256:cebb20296a30cbe48d609d89fef25ef93ea52f2d321f34d5c83e7fd2f2565123 done
#6 exporting attestation manifest sha256:f7b8016eb80e9cacc26170420fad0ec5a5024bfc4f9b9b922e5f1ad702d1cff1 done
#6 exporting manifest list sha256:1a0e3f0c68c6ffed1f3db1e960e05845cf0dc1ee264f4de2f5bf818e021b32fe done
#6 naming to docker.io/library/cdk-cc00d3c8b7a394c42c1b7f01c426af15484ab3611aaa7dd8dbb441f6fd21c223:latest done
#6 DONE 0.0s

View build details: docker-desktop://dashboard/build/desktop-linux/desktop-linux/r2g8mp1iyfl1lzgvtocyq9526
#0 building with "desktop-linux" instance using docker driver

#1 [internal] load build definition from Dockerfile
#1 transferring dockerfile: 1.56kB done
#1 DONE 0.0s

#2 [internal] load metadata for public.ecr.aws/sam/build-python3.13:latest
#2 DONE 0.5s

#3 [internal] load .dockerignore
#3 transferring context: 2B 0.0s done
#3 DONE 0.0s

#4 [1/2] FROM public.ecr.aws/sam/build-python3.13:latest@sha256:be015b4dbfce398c76feb589c307073a48aed25b6accee4db41a481b78a490d2
#4 resolve public.ecr.aws/sam/build-python3.13:latest@sha256:be015b4dbfce398c76feb589c307073a48aed25b6accee4db41a481b78a490d2 0.0s done
#4 DONE 0.0s

#5 [2/2] RUN     python -m venv /usr/app/venv &&     mkdir /tmp/pip-cache &&     chmod -R 777 /tmp/pip-cache &&     pip install --upgrade pip &&     mkdir /tmp/poetry-cache &&     chmod -R 777 /tmp/poetry-cache &&     pip install pipenv==2022.4.8 poetry==1.5.1 &&     rm -rf /tmp/pip-cache/* /tmp/poetry-cache/*
#5 CACHED

#6 exporting to image
#6 exporting layers done
#6 exporting manifest sha256:13a6185e9271e933a5926f5f04489192d9d49ecbda1c6a8b2e36faa8b723a624 done
#6 exporting config sha256:ad9568a79883661f5b7399d87b99e718e47d93a37496672ce3cc3493c7a813e1 done
#6 exporting attestation manifest sha256:e0bcb618ff1f2c49269231e8306b2b2b73fe3f02362e21c241e2fc96faa836bf done
#6 exporting manifest list sha256:b24c70738751859d0ebe6f11179345e7e4a8f34b9a2560fcaa18f8345f3fc8e5 done
#6 naming to docker.io/library/cdk-b88284e8533f19eb9f4e68a95bb6c02a2133a18e257c811977ee854e4dd1b826:latest done
#6 unpacking to docker.io/library/cdk-b88284e8533f19eb9f4e68a95bb6c02a2133a18e257c811977ee854e4dd1b826:latest done
#6 DONE 0.1s

View build details: docker-desktop://dashboard/build/desktop-linux/desktop-linux/mywhcp4k8niln6sqxkfuyc14y
#0 building with "desktop-linux" instance using docker driver

#1 [internal] load build definition from Dockerfile
#1 transferring dockerfile: 1.56kB done
#1 DONE 0.0s

#2 [internal] load metadata for public.ecr.aws/sam/build-python3.13:latest
#2 DONE 0.2s

#3 [internal] load .dockerignore
#3 transferring context: 2B done
#3 DONE 0.0s

#4 [1/2] FROM public.ecr.aws/sam/build-python3.13:latest@sha256:be015b4dbfce398c76feb589c307073a48aed25b6accee4db41a481b78a490d2
#4 resolve public.ecr.aws/sam/build-python3.13:latest@sha256:be015b4dbfce398c76feb589c307073a48aed25b6accee4db41a481b78a490d2 done
#4 DONE 0.0s

#5 [2/2] RUN     python -m venv /usr/app/venv &&     mkdir /tmp/pip-cache &&     chmod -R 777 /tmp/pip-cache &&     pip install --upgrade pip &&     mkdir /tmp/poetry-cache &&     chmod -R 777 /tmp/poetry-cache &&     pip install pipenv==2022.4.8 poetry==1.5.1 &&     rm -rf /tmp/pip-cache/* /tmp/poetry-cache/*
#5 CACHED

#6 exporting to image
#6 exporting layers done
#6 exporting manifest sha256:13a6185e9271e933a5926f5f04489192d9d49ecbda1c6a8b2e36faa8b723a624 done
#6 exporting config sha256:ad9568a79883661f5b7399d87b99e718e47d93a37496672ce3cc3493c7a813e1 done
#6 exporting attestation manifest sha256:5b6a0d88f7aed8919af7fdc67f520ddf00b921488fade7472c39c33cefc829e6 done
#6 exporting manifest list sha256:082be68e1fd0f7f8c2ccef1d6a7d18d9af89a295ecccceecab3f299afc5a072c done
#6 naming to docker.io/library/cdk-b88284e8533f19eb9f4e68a95bb6c02a2133a18e257c811977ee854e4dd1b826:latest done
#6 unpacking to docker.io/library/cdk-b88284e8533f19eb9f4e68a95bb6c02a2133a18e257c811977ee854e4dd1b826:latest done
#6 DONE 0.0s

View build details: docker-desktop://dashboard/build/desktop-linux/desktop-linux/t2zokbkb89sw7n11j8u43bp6k
#0 building with "desktop-linux" instance using docker driver

#1 [internal] load build definition from Dockerfile
#1 transferring dockerfile: 1.56kB done
#1 DONE 0.0s

#2 [internal] load metadata for public.ecr.aws/sam/build-python3.13:latest
#2 DONE 0.1s

#3 [internal] load .dockerignore
#3 transferring context: 2B done
#3 DONE 0.0s

#4 [1/2] FROM public.ecr.aws/sam/build-python3.13:latest@sha256:be015b4dbfce398c76feb589c307073a48aed25b6accee4db41a481b78a490d2
#4 resolve public.ecr.aws/sam/build-python3.13:latest@sha256:be015b4dbfce398c76feb589c307073a48aed25b6accee4db41a481b78a490d2 done
#4 DONE 0.0s

#5 [2/2] RUN     python -m venv /usr/app/venv &&     mkdir /tmp/pip-cache &&     chmod -R 777 /tmp/pip-cache &&     pip install --upgrade pip &&     mkdir /tmp/poetry-cache &&     chmod -R 777 /tmp/poetry-cache &&     pip install pipenv==2022.4.8 poetry==1.5.1 &&     rm -rf /tmp/pip-cache/* /tmp/poetry-cache/*
#5 CACHED

#6 exporting to image
#6 exporting layers done
#6 exporting manifest sha256:13a6185e9271e933a5926f5f04489192d9d49ecbda1c6a8b2e36faa8b723a624 done
#6 exporting config sha256:ad9568a79883661f5b7399d87b99e718e47d93a37496672ce3cc3493c7a813e1 done
#6 exporting attestation manifest sha256:e18ed490775c1f25adf9b595dd9d5044f0e19aaa18510f479434ce2d42863db0 done
#6 exporting manifest list sha256:21594d5b9e9bee96810375a6b408dc4d1a4b2141b712827537e26b6523370913 done
#6 naming to docker.io/library/cdk-b88284e8533f19eb9f4e68a95bb6c02a2133a18e257c811977ee854e4dd1b826:latest done
#6 unpacking to docker.io/library/cdk-b88284e8533f19eb9f4e68a95bb6c02a2133a18e257c811977ee854e4dd1b826:latest done
#6 DONE 0.0s

View build details: docker-desktop://dashboard/build/desktop-linux/desktop-linux/g6pn275yqfnytcnd857ru9vov
#0 building with "desktop-linux" instance using docker driver

#1 [internal] load build definition from Dockerfile
#1 transferring dockerfile: 1.56kB done
#1 DONE 0.0s

#2 [internal] load metadata for public.ecr.aws/sam/build-python3.13:latest
#2 DONE 0.2s

#3 [internal] load .dockerignore
#3 transferring context: 2B done
#3 DONE 0.0s

#4 [1/2] FROM public.ecr.aws/sam/build-python3.13:latest@sha256:be015b4dbfce398c76feb589c307073a48aed25b6accee4db41a481b78a490d2
#4 resolve public.ecr.aws/sam/build-python3.13:latest@sha256:be015b4dbfce398c76feb589c307073a48aed25b6accee4db41a481b78a490d2 done
#4 DONE 0.0s

#5 [2/2] RUN     python -m venv /usr/app/venv &&     mkdir /tmp/pip-cache &&     chmod -R 777 /tmp/pip-cache &&     pip install --upgrade pip &&     mkdir /tmp/poetry-cache &&     chmod -R 777 /tmp/poetry-cache &&     pip install pipenv==2022.4.8 poetry==1.5.1 &&     rm -rf /tmp/pip-cache/* /tmp/poetry-cache/*
#5 CACHED

#6 exporting to image
#6 exporting layers done
#6 exporting manifest sha256:13a6185e9271e933a5926f5f04489192d9d49ecbda1c6a8b2e36faa8b723a624 done
#6 exporting config sha256:ad9568a79883661f5b7399d87b99e718e47d93a37496672ce3cc3493c7a813e1 done
#6 exporting attestation manifest sha256:7d9b75ff69930e8443ffb0ca7df6cb5a6a925001edf1b5b009fa43f11779b4d7 done
#6 exporting manifest list sha256:474b9ebc03953c7f7630c19ee02974d8172f1daa68ad8539a199aea74fbbdea5 done
#6 naming to docker.io/library/cdk-b88284e8533f19eb9f4e68a95bb6c02a2133a18e257c811977ee854e4dd1b826:latest done
#6 unpacking to docker.io/library/cdk-b88284e8533f19eb9f4e68a95bb6c02a2133a18e257c811977ee854e4dd1b826:latest done
#6 DONE 0.0s

View build details: docker-desktop://dashboard/build/desktop-linux/desktop-linux/oewr45gb7r2uajrm593mv7eaf
#0 building with "desktop-linux" instance using docker driver

#1 [internal] load build definition from Dockerfile
#1 transferring dockerfile: 1.56kB done
#1 DONE 0.0s

#2 [internal] load metadata for public.ecr.aws/sam/build-python3.13:latest
#2 DONE 0.2s

#3 [internal] load .dockerignore
#3 transferring context: 2B done
#3 DONE 0.0s

#4 [1/2] FROM public.ecr.aws/sam/build-python3.13:latest@sha256:be015b4dbfce398c76feb589c307073a48aed25b6accee4db41a481b78a490d2
#4 resolve public.ecr.aws/sam/build-python3.13:latest@sha256:be015b4dbfce398c76feb589c307073a48aed25b6accee4db41a481b78a490d2 done
#4 DONE 0.0s

#5 [2/2] RUN     python -m venv /usr/app/venv &&     mkdir /tmp/pip-cache &&     chmod -R 777 /tmp/pip-cache &&     pip install --upgrade pip &&     mkdir /tmp/poetry-cache &&     chmod -R 777 /tmp/poetry-cache &&     pip install pipenv==2022.4.8 poetry==1.5.1 &&     rm -rf /tmp/pip-cache/* /tmp/poetry-cache/*
#5 CACHED

#6 exporting to image
#6 exporting layers done
#6 exporting manifest sha256:13a6185e9271e933a5926f5f04489192d9d49ecbda1c6a8b2e36faa8b723a624 done
#6 exporting config sha256:ad9568a79883661f5b7399d87b99e718e47d93a37496672ce3cc3493c7a813e1 done
#6 exporting attestation manifest sha256:01dcc718e27d4704dced4bf570099dbe6965a000073be119663bafc93768b8e5 done
#6 exporting manifest list sha256:73df614479cc96beeb806c0e9b581030124a09de8a4eea73cfc901e4732fcca0 done
#6 naming to docker.io/library/cdk-b88284e8533f19eb9f4e68a95bb6c02a2133a18e257c811977ee854e4dd1b826:latest done
#6 unpacking to docker.io/library/cdk-b88284e8533f19eb9f4e68a95bb6c02a2133a18e257c811977ee854e4dd1b826:latest done
#6 DONE 0.0s

View build details: docker-desktop://dashboard/build/desktop-linux/desktop-linux/mcncf5ilz20fjhls3motxkiqs
#0 building with "desktop-linux" instance using docker driver

#1 [internal] load build definition from Dockerfile
#1 transferring dockerfile: 1.56kB done
#1 DONE 0.0s

#2 [internal] load metadata for public.ecr.aws/sam/build-python3.13:latest
#2 DONE 0.2s

#3 [internal] load .dockerignore
#3 transferring context: 2B done
#3 DONE 0.0s

#4 [1/2] FROM public.ecr.aws/sam/build-python3.13:latest@sha256:be015b4dbfce398c76feb589c307073a48aed25b6accee4db41a481b78a490d2
#4 resolve public.ecr.aws/sam/build-python3.13:latest@sha256:be015b4dbfce398c76feb589c307073a48aed25b6accee4db41a481b78a490d2 done
#4 DONE 0.0s

#5 [2/2] RUN     python -m venv /usr/app/venv &&     mkdir /tmp/pip-cache &&     chmod -R 777 /tmp/pip-cache &&     pip install --upgrade pip &&     mkdir /tmp/poetry-cache &&     chmod -R 777 /tmp/poetry-cache &&     pip install pipenv==2022.4.8 poetry==1.5.1 &&     rm -rf /tmp/pip-cache/* /tmp/poetry-cache/*
#5 CACHED

#6 exporting to image
#6 exporting layers done
#6 exporting manifest sha256:13a6185e9271e933a5926f5f04489192d9d49ecbda1c6a8b2e36faa8b723a624 done
#6 exporting config sha256:ad9568a79883661f5b7399d87b99e718e47d93a37496672ce3cc3493c7a813e1 done
#6 exporting attestation manifest sha256:b53a5864c722ce67c4e2c4a48bb1efa2e412a644a491ad59543981929b958778 done
#6 exporting manifest list sha256:6ef0009d4f688f0ed1aced3eff8de4d1ad8e8693358b0dbb117197757425e55e done
#6 naming to docker.io/library/cdk-b88284e8533f19eb9f4e68a95bb6c02a2133a18e257c811977ee854e4dd1b826:latest done
#6 unpacking to docker.io/library/cdk-b88284e8533f19eb9f4e68a95bb6c02a2133a18e257c811977ee854e4dd1b826:latest done
#6 DONE 0.0s

View build details: docker-desktop://dashboard/build/desktop-linux/desktop-linux/r04sun9rk668741sulp96fng5
Bundling asset analytics-stack/AggregatorFunction/Code/Stage...

  ...680ee97c4b51bc73e87bb07bad5cc1f2a2d46a95afd22c-building/index.js  155.7kb

⚡ Done in 28ms
Bundling asset analytics-stack/ApiLambda/Code/Stage...

  ...6f8b1afb721c227097b4a9c3d324ffe699d887fe1a1560-building/index.js  602.3kb

⚡ Done in 14ms
Bundling asset analytics-stack/RollupLambda/Function/Code/Stage...

  ...9600391f9433db2c2b6f01a5ae5a36b66c44260f2200385-building/index.js  19.5kb

⚡ Done in 2ms
Bundling asset tenant-template-stack-basic/CognitoLoginEmitter/Function/Code/Stage...

  ...3e3320b3a8192c1d9e03826c5b6abc1898a66ec552cb0efc-building/index.js  4.1kb

⚡ Done in 1ms
Including dependency stacks: shared-infra-stack

✨  Synthesis time: 10.23s

current credentials could not be used to assume 'arn:aws:iam::715860911762:role/cdk-hnb659fds-file-publishing-role-715860911762-us-east-2', but are for the right account. Proceeding anyway.
current credentials could not be used to assume 'arn:aws:iam::715860911762:role/cdk-hnb659fds-file-publishing-role-715860911762-us-east-2', but are for the right account. Proceeding anyway.
current credentials could not be used to assume 'arn:aws:iam::715860911762:role/cdk-hnb659fds-file-publishing-role-715860911762-us-east-2', but are for the right account. Proceeding anyway.
current credentials could not be used to assume 'arn:aws:iam::715860911762:role/cdk-hnb659fds-file-publishing-role-715860911762-us-east-2', but are for the right account. Proceeding anyway.
current credentials could not be used to assume 'arn:aws:iam::715860911762:role/cdk-hnb659fds-file-publishing-role-715860911762-us-east-2', but are for the right account. Proceeding anyway.
current credentials could not be used to assume 'arn:aws:iam::715860911762:role/cdk-hnb659fds-file-publishing-role-715860911762-us-east-2', but are for the right account. Proceeding anyway.
current credentials could not be used to assume 'arn:aws:iam::715860911762:role/cdk-hnb659fds-file-publishing-role-715860911762-us-east-2', but are for the right account. Proceeding anyway.
current credentials could not be used to assume 'arn:aws:iam::715860911762:role/cdk-hnb659fds-file-publishing-role-715860911762-us-east-2', but are for the right account. Proceeding anyway.
shared-infra-stack
shared-infra-stack: deploying... [1/2]
current credentials could not be used to assume 'arn:aws:iam::715860911762:role/cdk-hnb659fds-deploy-role-715860911762-us-east-2', but are for the right account. Proceeding anyway.
current credentials could not be used to assume 'arn:aws:iam::715860911762:role/cdk-hnb659fds-deploy-role-715860911762-us-east-2', but are for the right account. Proceeding anyway.
controlplane-stack: start: Building AdminWebUi/AdminSite/Asset1
controlplane-stack: success: Built AdminWebUi/AdminSite/Asset1
shared-infra-stack: creating CloudFormation changeset...

 ✅  shared-infra-stack (no changes)

✨  Deployment time: 4.3s

Outputs:
shared-infra-stack.ALBArn = arn:aws:elasticloadbalancing:us-east-2:715860911762:loadbalancer/app/shared-sbtec-g08DvsSmDe1E/e9542f210aff729a
shared-infra-stack.ALBDnsName = internal-shared-sbtec-g08DvsSmDe1E-1693952765.us-east-2.elb.amazonaws.com
shared-infra-stack.AlbSgId = sg-0524b4dc1993a4edf
shared-infra-stack.ApiGatewayTenantApiEndpointF0F42595 = https://tw8pfmqsdi.execute-api.us-east-2.amazonaws.com/prod/
shared-infra-stack.ApiGatewayUrl = https://tw8pfmqsdi.execute-api.us-east-2.amazonaws.com/prod/
shared-infra-stack.AvailabilityZones = us-east-2a,us-east-2b,us-east-2c
shared-infra-stack.EcsVpcId = vpc-08afbe4546adce53f
shared-infra-stack.ExportsOutputFnGetAttTenantMappingTable8521321CArn3DDEA8C7 = arn:aws:dynamodb:us-east-2:715860911762:table/shared-infra-stack-TenantMappingTable8521321C-1G038YY0X2K2C
shared-infra-stack.ExportsOutputFnGetAttadminsiteadminsiteBucketCFEB0FF8Arn668B883E = arn:aws:s3:::adminsitebucket-715860911762-us-east-2
shared-infra-stack.ExportsOutputFnGetAttadminsiteadminsiteDistributionCB923EF7DomainName0F4425B4 = djbcgz3fusj2e.cloudfront.net
shared-infra-stack.ExportsOutputFnGetAttsbtecsalbC25444E7LoadBalancerFullName39D4005E = app/shared-sbtec-g08DvsSmDe1E/e9542f210aff729a
shared-infra-stack.ExportsOutputRefTenantMappingTable8521321C99BF1CB4 = shared-infra-stack-TenantMappingTable8521321C-1G038YY0X2K2C
shared-infra-stack.ExportsOutputRefadminsiteadminsiteBucketCFEB0FF8950F79BC = adminsitebucket-715860911762-us-east-2
shared-infra-stack.ListenerArn = arn:aws:elasticloadbalancing:us-east-2:715860911762:listener/app/shared-sbtec-g08DvsSmDe1E/e9542f210aff729a/a7f363bf665fddf0
shared-infra-stack.PrivSub1RouteId = rtb-0f36bd68a9ab5caee
shared-infra-stack.PrivSub2RouteId = rtb-07c2a211607c322ab
shared-infra-stack.PrivSub3RouteId = rtb-09d073842da6cd592
shared-infra-stack.PrivateSubnetIds = subnet-0d21d98426e3638f6,subnet-08e95eb9a3f3db1b8,subnet-0dc3db8d5609a9396
shared-infra-stack.TenantApiAuthorizerArn = arn:aws:lambda:us-east-2:715860911762:function:shared-infra-stack-ApiGatewayAuthorizerFunction287-mK9L1xEbCreK
shared-infra-stack.TenantApiRestApiId = tw8pfmqsdi
shared-infra-stack.TenantApiRootResourceId = jpnb6vgjm5
shared-infra-stack.adminSiteUrl = https://djbcgz3fusj2e.cloudfront.net
Stack ARN:
arn:aws:cloudformation:us-east-2:715860911762:stack/shared-infra-stack/7c277af0-2d03-11f1-8edf-02075323fe01

✨  Total time: 14.53s

controlplane-stack: start: Publishing AdminWebUi/AdminSite/Asset1 (current_account-current_region)
controlplane-stack: success: Published AdminWebUi/AdminSite/Asset1 (current_account-current_region)
controlplane-stack
controlplane-stack: deploying... [2/2]
controlplane-stack: creating CloudFormation changeset...
controlplane-stack | 0/5 | 1:15:56 PM | UPDATE_IN_PROGRESS   | AWS::CloudFormation::Stack            | controlplane-stack User Initiated
controlplane-stack | 0/5 | 1:16:00 PM | UPDATE_IN_PROGRESS   | Custom::CDKBucketDeployment           | AdminWebUi/AdminSite/CustomResource-1024MiB/Default (AdminWebUiAdminSiteCustomResource1024MiBB5360447) 
controlplane-stack | 1/5 | 1:16:06 PM | UPDATE_COMPLETE      | Custom::CDKBucketDeployment           | AdminWebUi/AdminSite/CustomResource-1024MiB/Default (AdminWebUiAdminSiteCustomResource1024MiBB5360447) 
controlplane-stack | 1/5 | 1:16:09 PM | UPDATE_IN_PROGRESS   | AWS::CodePipeline::Pipeline           | AdminWebUi/AdminWebUiCodePipeline (AdminWebUiAdminWebUiCodePipeline654848F6) 
controlplane-stack | 1/5 | 1:16:09 PM | UPDATE_IN_PROGRESS   | AWS::IAM::Policy                      | AdminWebUi/AdminWebUiCodePipeline/Source/AdminWebUi/CodePipelineActionRole/DefaultPolicy (AdminWebUiAdminWebUiCodePipelineSourceAdminWebUiCodePipelineActionRoleDefaultPolicy230386F3) 
controlplane-stack | 2/5 | 1:16:12 PM | UPDATE_COMPLETE      | AWS::CodePipeline::Pipeline           | AdminWebUi/AdminWebUiCodePipeline (AdminWebUiAdminWebUiCodePipeline654848F6) 
controlplane-stack | 3/5 | 1:16:25 PM | UPDATE_COMPLETE      | AWS::IAM::Policy                      | AdminWebUi/AdminWebUiCodePipeline/Source/AdminWebUi/CodePipelineActionRole/DefaultPolicy (AdminWebUiAdminWebUiCodePipelineSourceAdminWebUiCodePipelineActionRoleDefaultPolicy230386F3) 
controlplane-stack | 4/5 | 1:16:26 PM | UPDATE_COMPLETE_CLEA | AWS::CloudFormation::Stack            | controlplane-stack 
controlplane-stack | 5/5 | 1:16:28 PM | UPDATE_COMPLETE      | AWS::CloudFormation::Stack            | controlplane-stack 

 ✅  controlplane-stack

✨  Deployment time: 57.25s

Outputs:
controlplane-stack.CognitoClientId = 29l2siliuhd042plto6qo53nmd
controlplane-stack.CognitoTokenEndpoint = https://715860911762-c83dc306206cd2b41042b8e909ee0a0aeb9a7a1712.auth.us-east-2.amazoncognito.com/oauth2/token
controlplane-stack.CognitoWellKnownUrl = https://cognito-idp.us-east-2.amazonaws.com/us-east-2_rVy7dkuq8/.well-known/openid-configuration
controlplane-stack.ControlPlaneApiUrl = https://m6qc9l1s30.execute-api.us-east-2.amazonaws.com/
controlplane-stack.ControlPlaneIdpClientId = 29l2siliuhd042plto6qo53nmd
controlplane-stack.ControlPlaneIdpUserPoolId = us-east-2_rVy7dkuq8
controlplane-stack.EventDLQDLQArn6DD3BF25 = arn:aws:sqs:us-east-2:715860911762:edforge-event-dlq-prod
controlplane-stack.EventDLQDLQUrlCF448061 = https://sqs.us-east-2.amazonaws.com/715860911762/edforge-event-dlq-prod
controlplane-stack.ExportsOutputFnGetAttcontrolplanesbtEventManagerSbtEventBus84ECD1F3ArnCF92EAF9 = arn:aws:events:us-east-2:715860911762:event-bus/controlplanestackcontrolplanesbtEventManagerSbtEventBus1E602009
controlplane-stack.ExportsOutputRefTenantSeederTenantSeederFn904D42012F9767AC = controlplane-stack-TenantSeederTenantSeederFn904D4-p62jMBQBLpSt
controlplane-stack.ExportsOutputRefcontrolplanesbtEventManagerSbtEventBus84ECD1F3FE22559E = controlplanestackcontrolplanesbtEventManagerSbtEventBus1E602009
controlplane-stack.SbtEventBusName = controlplanestackcontrolplanesbtEventManagerSbtEventBus1E602009
controlplane-stack.TenantSeederTenantSeederLambdaArn3515B4E9 = arn:aws:lambda:us-east-2:715860911762:function:controlplane-stack-TenantSeederTenantSeederFn904D4-p62jMBQBLpSt
controlplane-stack.adminSiteUrl = https://djbcgz3fusj2e.cloudfront.net
controlplane-stack.controlPlaneAPIEndpoint = https://m6qc9l1s30.execute-api.us-east-2.amazonaws.com/
controlplane-stack.eventBridgeArn = arn:aws:events:us-east-2:715860911762:event-bus/controlplanestackcontrolplanesbtEventManagerSbtEventBus1E602009
Stack ARN:
arn:aws:cloudformation:us-east-2:715860911762:stack/controlplane-stack/244760a0-2d05-11f1-9855-06273d1b45c9

✨  Total time: 67.48s


==> Finished
    exit:    0
    ended:   2026-04-23T18:16:29Z
