==> Analytics deploy
    stack:   tenant-template-stack-basic
    profile: uat
    git:     554d5ea
    started: 2026-04-23T20:28:15Z
    log:     /Users/shoaibrain/edforge/docs/deploys/analytics-uat-tenant-template-stack-basic-20260423-152815-554d5ea.log

[cdk] env file: .env + .env.uat
CDK NAG:  false
#0 building with "desktop-linux" instance using docker driver

#1 [internal] load build definition from Dockerfile
#1 transferring dockerfile: 1.56kB done
#1 DONE 0.0s

#2 [internal] load metadata for public.ecr.aws/sam/build-python3.10:latest
#2 DONE 0.8s

#3 [internal] load .dockerignore
#3 transferring context: 2B done
#3 DONE 0.0s

#4 [1/2] FROM public.ecr.aws/sam/build-python3.10:latest@sha256:2421fe882644e88ff4d0d10f0147f8a1671a84c475da6eeaee59e61b4b3d307f
#4 resolve public.ecr.aws/sam/build-python3.10:latest@sha256:2421fe882644e88ff4d0d10f0147f8a1671a84c475da6eeaee59e61b4b3d307f done
#4 DONE 0.0s

#5 [2/2] RUN     python -m venv /usr/app/venv &&     mkdir /tmp/pip-cache &&     chmod -R 777 /tmp/pip-cache &&     pip install --upgrade pip &&     mkdir /tmp/poetry-cache &&     chmod -R 777 /tmp/poetry-cache &&     pip install pipenv==2022.4.8 poetry==1.5.1 &&     rm -rf /tmp/pip-cache/* /tmp/poetry-cache/*
#5 CACHED

#6 exporting to image
#6 exporting layers done
#6 exporting manifest sha256:51513a9b0014c33907038e04a6966341582349788f94478c8d4e2dac4b062442 done
#6 exporting config sha256:cebb20296a30cbe48d609d89fef25ef93ea52f2d321f34d5c83e7fd2f2565123 done
#6 exporting attestation manifest sha256:f906ca26abe0f39ebac0df3ed470cb2e48fa3c4a5d0cc9ed057958bd7f5be6ae done
#6 exporting manifest list sha256:2e0af9cb07637886cf40dfcf54c69abd86f054b7029b4eb88cd81ca025ec6f69 done
#6 naming to docker.io/library/cdk-cc00d3c8b7a394c42c1b7f01c426af15484ab3611aaa7dd8dbb441f6fd21c223:latest done
#6 DONE 0.0s

View build details: docker-desktop://dashboard/build/desktop-linux/desktop-linux/vci23w39bk84ifz3mdtqr121y
#0 building with "desktop-linux" instance using docker driver

#1 [internal] load build definition from Dockerfile
#1 transferring dockerfile: 1.56kB done
#1 DONE 0.0s

#2 [internal] load metadata for public.ecr.aws/sam/build-python3.10:latest
#2 DONE 0.3s

#3 [internal] load .dockerignore
#3 transferring context: 2B done
#3 DONE 0.0s

#4 [1/2] FROM public.ecr.aws/sam/build-python3.10:latest@sha256:2421fe882644e88ff4d0d10f0147f8a1671a84c475da6eeaee59e61b4b3d307f
#4 resolve public.ecr.aws/sam/build-python3.10:latest@sha256:2421fe882644e88ff4d0d10f0147f8a1671a84c475da6eeaee59e61b4b3d307f done
#4 DONE 0.0s

#5 [2/2] RUN     python -m venv /usr/app/venv &&     mkdir /tmp/pip-cache &&     chmod -R 777 /tmp/pip-cache &&     pip install --upgrade pip &&     mkdir /tmp/poetry-cache &&     chmod -R 777 /tmp/poetry-cache &&     pip install pipenv==2022.4.8 poetry==1.5.1 &&     rm -rf /tmp/pip-cache/* /tmp/poetry-cache/*
#5 CACHED

#6 exporting to image
#6 exporting layers done
#6 exporting manifest sha256:51513a9b0014c33907038e04a6966341582349788f94478c8d4e2dac4b062442 done
#6 exporting config sha256:cebb20296a30cbe48d609d89fef25ef93ea52f2d321f34d5c83e7fd2f2565123 done
#6 exporting attestation manifest sha256:67b3ab5ac2d57ab6d58aeba8954baef52da1ac7185437469fc1fc6a6e81ac5f5 done
#6 exporting manifest list sha256:8e58344999b8159acb938edededcbda4738a78c737bd0ba3225a24ee09efaed0 done
#6 naming to docker.io/library/cdk-cc00d3c8b7a394c42c1b7f01c426af15484ab3611aaa7dd8dbb441f6fd21c223:latest done
#6 DONE 0.0s

View build details: docker-desktop://dashboard/build/desktop-linux/desktop-linux/ajcz1ixem93bs5l8oasj13xym
#0 building with "desktop-linux" instance using docker driver

#1 [internal] load build definition from Dockerfile
#1 transferring dockerfile: 1.56kB done
#1 DONE 0.0s

#2 [internal] load metadata for public.ecr.aws/sam/build-python3.13:latest
#2 DONE 0.6s

#3 [internal] load .dockerignore
#3 transferring context: 2B done
#3 DONE 0.0s

#4 [1/2] FROM public.ecr.aws/sam/build-python3.13:latest@sha256:be015b4dbfce398c76feb589c307073a48aed25b6accee4db41a481b78a490d2
#4 resolve public.ecr.aws/sam/build-python3.13:latest@sha256:be015b4dbfce398c76feb589c307073a48aed25b6accee4db41a481b78a490d2 done
#4 DONE 0.0s

#5 [2/2] RUN     python -m venv /usr/app/venv &&     mkdir /tmp/pip-cache &&     chmod -R 777 /tmp/pip-cache &&     pip install --upgrade pip &&     mkdir /tmp/poetry-cache &&     chmod -R 777 /tmp/poetry-cache &&     pip install pipenv==2022.4.8 poetry==1.5.1 &&     rm -rf /tmp/pip-cache/* /tmp/poetry-cache/*
#5 CACHED

#6 exporting to image
#6 exporting layers done
#6 exporting manifest sha256:13a6185e9271e933a5926f5f04489192d9d49ecbda1c6a8b2e36faa8b723a624 done
#6 exporting config sha256:ad9568a79883661f5b7399d87b99e718e47d93a37496672ce3cc3493c7a813e1 done
#6 exporting attestation manifest sha256:e30cbd1c0154f7e72c92b3632e2caffa0d2c2f3e73c4a89fec7a1c19ff16062a done
#6 exporting manifest list sha256:93715171a4a0e53797fd78ff1501c92ea14943ca51ee59af3922afd3fe464589 done
#6 naming to docker.io/library/cdk-b88284e8533f19eb9f4e68a95bb6c02a2133a18e257c811977ee854e4dd1b826:latest done
#6 unpacking to docker.io/library/cdk-b88284e8533f19eb9f4e68a95bb6c02a2133a18e257c811977ee854e4dd1b826:latest done
#6 DONE 0.0s

View build details: docker-desktop://dashboard/build/desktop-linux/desktop-linux/y09ksns7bmdn41x95g8zdsmr2
#0 building with "desktop-linux" instance using docker driver

#1 [internal] load build definition from Dockerfile
#1 transferring dockerfile: 1.56kB done
#1 DONE 0.0s

#2 [internal] load metadata for public.ecr.aws/sam/build-python3.13:latest
#2 DONE 0.3s

#3 [internal] load .dockerignore
#3 transferring context: 2B done
#3 DONE 0.0s

#4 [1/2] FROM public.ecr.aws/sam/build-python3.13:latest@sha256:be015b4dbfce398c76feb589c307073a48aed25b6accee4db41a481b78a490d2
#4 resolve public.ecr.aws/sam/build-python3.13:latest@sha256:be015b4dbfce398c76feb589c307073a48aed25b6accee4db41a481b78a490d2 done
#4 DONE 0.0s

#5 [2/2] RUN     python -m venv /usr/app/venv &&     mkdir /tmp/pip-cache &&     chmod -R 777 /tmp/pip-cache &&     pip install --upgrade pip &&     mkdir /tmp/poetry-cache &&     chmod -R 777 /tmp/poetry-cache &&     pip install pipenv==2022.4.8 poetry==1.5.1 &&     rm -rf /tmp/pip-cache/* /tmp/poetry-cache/*
#5 CACHED

#6 exporting to image
#6 exporting layers done
#6 exporting manifest sha256:13a6185e9271e933a5926f5f04489192d9d49ecbda1c6a8b2e36faa8b723a624 done
#6 exporting config sha256:ad9568a79883661f5b7399d87b99e718e47d93a37496672ce3cc3493c7a813e1 done
#6 exporting attestation manifest sha256:872a360317a84a067ce6e6feeee20292b1f3736332502ed60650a4344ee32cf5 done
#6 exporting manifest list sha256:e2824789549953f28c11f4ccbb85563491fd8fd1131214eca0256e9fad05a984 done
#6 naming to docker.io/library/cdk-b88284e8533f19eb9f4e68a95bb6c02a2133a18e257c811977ee854e4dd1b826:latest done
#6 unpacking to docker.io/library/cdk-b88284e8533f19eb9f4e68a95bb6c02a2133a18e257c811977ee854e4dd1b826:latest done
#6 DONE 0.0s

View build details: docker-desktop://dashboard/build/desktop-linux/desktop-linux/6qlttqjjqe0hwdiohz0mlkrnu
#0 building with "desktop-linux" instance using docker driver

#1 [internal] load build definition from Dockerfile
#1 transferring dockerfile: 1.56kB done
#1 DONE 0.0s

#2 [internal] load metadata for public.ecr.aws/sam/build-python3.13:latest
#2 DONE 0.3s

#3 [internal] load .dockerignore
#3 transferring context: 2B done
#3 DONE 0.0s

#4 [1/2] FROM public.ecr.aws/sam/build-python3.13:latest@sha256:be015b4dbfce398c76feb589c307073a48aed25b6accee4db41a481b78a490d2
#4 resolve public.ecr.aws/sam/build-python3.13:latest@sha256:be015b4dbfce398c76feb589c307073a48aed25b6accee4db41a481b78a490d2 done
#4 DONE 0.0s

#5 [2/2] RUN     python -m venv /usr/app/venv &&     mkdir /tmp/pip-cache &&     chmod -R 777 /tmp/pip-cache &&     pip install --upgrade pip &&     mkdir /tmp/poetry-cache &&     chmod -R 777 /tmp/poetry-cache &&     pip install pipenv==2022.4.8 poetry==1.5.1 &&     rm -rf /tmp/pip-cache/* /tmp/poetry-cache/*
#5 CACHED

#6 exporting to image
#6 exporting layers done
#6 exporting manifest sha256:13a6185e9271e933a5926f5f04489192d9d49ecbda1c6a8b2e36faa8b723a624 done
#6 exporting config sha256:ad9568a79883661f5b7399d87b99e718e47d93a37496672ce3cc3493c7a813e1 done
#6 exporting attestation manifest sha256:a6681f3ea69b73a8ad8c4e92bd902ffd5d0dcc1de402f7f26bbbbfad4b26aa92 done
#6 exporting manifest list sha256:2010da0cdd7fc623c804c7c4603a3304e8db4950cd5bce08dc2a941ed6f71316 done
#6 naming to docker.io/library/cdk-b88284e8533f19eb9f4e68a95bb6c02a2133a18e257c811977ee854e4dd1b826:latest done
#6 unpacking to docker.io/library/cdk-b88284e8533f19eb9f4e68a95bb6c02a2133a18e257c811977ee854e4dd1b826:latest done
#6 DONE 0.0s

View build details: docker-desktop://dashboard/build/desktop-linux/desktop-linux/l1bi7h6ymo34a1rbo5hldy5sn
#0 building with "desktop-linux" instance using docker driver

#1 [internal] load build definition from Dockerfile
#1 transferring dockerfile: 1.56kB done
#1 DONE 0.0s

#2 [internal] load metadata for public.ecr.aws/sam/build-python3.13:latest
#2 DONE 0.3s

#3 [internal] load .dockerignore
#3 transferring context: 2B done
#3 DONE 0.0s

#4 [1/2] FROM public.ecr.aws/sam/build-python3.13:latest@sha256:be015b4dbfce398c76feb589c307073a48aed25b6accee4db41a481b78a490d2
#4 resolve public.ecr.aws/sam/build-python3.13:latest@sha256:be015b4dbfce398c76feb589c307073a48aed25b6accee4db41a481b78a490d2 done
#4 DONE 0.0s

#5 [2/2] RUN     python -m venv /usr/app/venv &&     mkdir /tmp/pip-cache &&     chmod -R 777 /tmp/pip-cache &&     pip install --upgrade pip &&     mkdir /tmp/poetry-cache &&     chmod -R 777 /tmp/poetry-cache &&     pip install pipenv==2022.4.8 poetry==1.5.1 &&     rm -rf /tmp/pip-cache/* /tmp/poetry-cache/*
#5 CACHED

#6 exporting to image
#6 exporting layers done
#6 exporting manifest sha256:13a6185e9271e933a5926f5f04489192d9d49ecbda1c6a8b2e36faa8b723a624 done
#6 exporting config sha256:ad9568a79883661f5b7399d87b99e718e47d93a37496672ce3cc3493c7a813e1 done
#6 exporting attestation manifest sha256:d19524e5c43d6c43a9bef069ecf0b3fbc48e859439d356ffe7130b4d523cf7af done
#6 exporting manifest list sha256:28b98caba059bd2181f31e971d181f19dee60d1e79d70bb2dbf2b4184cd1e711 done
#6 naming to docker.io/library/cdk-b88284e8533f19eb9f4e68a95bb6c02a2133a18e257c811977ee854e4dd1b826:latest done
#6 unpacking to docker.io/library/cdk-b88284e8533f19eb9f4e68a95bb6c02a2133a18e257c811977ee854e4dd1b826:latest done
#6 DONE 0.0s

View build details: docker-desktop://dashboard/build/desktop-linux/desktop-linux/3tqzmd53xsaxq6i6cdx82t93w
#0 building with "desktop-linux" instance using docker driver

#1 [internal] load build definition from Dockerfile
#1 transferring dockerfile: 1.56kB done
#1 DONE 0.0s

#2 [internal] load metadata for public.ecr.aws/sam/build-python3.13:latest
#2 DONE 0.3s

#3 [internal] load .dockerignore
#3 transferring context: 2B done
#3 DONE 0.0s

#4 [1/2] FROM public.ecr.aws/sam/build-python3.13:latest@sha256:be015b4dbfce398c76feb589c307073a48aed25b6accee4db41a481b78a490d2
#4 resolve public.ecr.aws/sam/build-python3.13:latest@sha256:be015b4dbfce398c76feb589c307073a48aed25b6accee4db41a481b78a490d2 done
#4 DONE 0.0s

#5 [2/2] RUN     python -m venv /usr/app/venv &&     mkdir /tmp/pip-cache &&     chmod -R 777 /tmp/pip-cache &&     pip install --upgrade pip &&     mkdir /tmp/poetry-cache &&     chmod -R 777 /tmp/poetry-cache &&     pip install pipenv==2022.4.8 poetry==1.5.1 &&     rm -rf /tmp/pip-cache/* /tmp/poetry-cache/*
#5 CACHED

#6 exporting to image
#6 exporting layers done
#6 exporting manifest sha256:13a6185e9271e933a5926f5f04489192d9d49ecbda1c6a8b2e36faa8b723a624 done
#6 exporting config sha256:ad9568a79883661f5b7399d87b99e718e47d93a37496672ce3cc3493c7a813e1 done
#6 exporting attestation manifest sha256:d8beed8e935f66d38e9b9fcb52aea0df8d544b8e2a664b1ee4984d35019d49d7 done
#6 exporting manifest list sha256:13f85d4eb2d0c587b604859ca1dd73b364bbdc460adb761762bdb03c8194c29c done
#6 naming to docker.io/library/cdk-b88284e8533f19eb9f4e68a95bb6c02a2133a18e257c811977ee854e4dd1b826:latest done
#6 unpacking to docker.io/library/cdk-b88284e8533f19eb9f4e68a95bb6c02a2133a18e257c811977ee854e4dd1b826:latest done
#6 DONE 0.1s

View build details: docker-desktop://dashboard/build/desktop-linux/desktop-linux/rjnasw4c1a1wprpt1ttiuuij5
#0 building with "desktop-linux" instance using docker driver

#1 [internal] load build definition from Dockerfile
#1 transferring dockerfile: 1.56kB done
#1 DONE 0.0s

#2 [internal] load metadata for public.ecr.aws/sam/build-python3.13:latest
#2 DONE 0.3s

#3 [internal] load .dockerignore
#3 transferring context: 2B done
#3 DONE 0.0s

#4 [1/2] FROM public.ecr.aws/sam/build-python3.13:latest@sha256:be015b4dbfce398c76feb589c307073a48aed25b6accee4db41a481b78a490d2
#4 resolve public.ecr.aws/sam/build-python3.13:latest@sha256:be015b4dbfce398c76feb589c307073a48aed25b6accee4db41a481b78a490d2 done
#4 DONE 0.0s

#5 [2/2] RUN     python -m venv /usr/app/venv &&     mkdir /tmp/pip-cache &&     chmod -R 777 /tmp/pip-cache &&     pip install --upgrade pip &&     mkdir /tmp/poetry-cache &&     chmod -R 777 /tmp/poetry-cache &&     pip install pipenv==2022.4.8 poetry==1.5.1 &&     rm -rf /tmp/pip-cache/* /tmp/poetry-cache/*
#5 CACHED

#6 exporting to image
#6 exporting layers done
#6 exporting manifest sha256:13a6185e9271e933a5926f5f04489192d9d49ecbda1c6a8b2e36faa8b723a624 done
#6 exporting config sha256:ad9568a79883661f5b7399d87b99e718e47d93a37496672ce3cc3493c7a813e1 done
#6 exporting attestation manifest sha256:62698afe3413fb7deb34449e4e4db0963cf094cb36a2101541b9513948e21e50 done
#6 exporting manifest list sha256:5e437a57d9442db45263740b068e33e3d1524705e571e189133187df44437b51 done
#6 naming to docker.io/library/cdk-b88284e8533f19eb9f4e68a95bb6c02a2133a18e257c811977ee854e4dd1b826:latest done
#6 unpacking to docker.io/library/cdk-b88284e8533f19eb9f4e68a95bb6c02a2133a18e257c811977ee854e4dd1b826:latest done
#6 DONE 0.0s

View build details: docker-desktop://dashboard/build/desktop-linux/desktop-linux/vp5jfytn1cqem77p9wq60bmk6
Bundling asset analytics-stack/AggregatorFunction/Code/Stage...

  ...680ee97c4b51bc73e87bb07bad5cc1f2a2d46a95afd22c-building/index.js  155.7kb

⚡ Done in 24ms
Bundling asset analytics-stack/ApiLambda/Code/Stage...

  ...6f8b1afb721c227097b4a9c3d324ffe699d887fe1a1560-building/index.js  604.1kb

⚡ Done in 18ms
Bundling asset analytics-stack/RollupLambda/Function/Code/Stage...

  ...9600391f9433db2c2b6f01a5ae5a36b66c44260f2200385-building/index.js  19.5kb

⚡ Done in 2ms
Bundling asset tenant-template-stack-basic/CognitoLoginEmitter/Function/Code/Stage...

  ...3e3320b3a8192c1d9e03826c5b6abc1898a66ec552cb0efc-building/index.js  4.1kb

⚡ Done in 1ms
Including dependency stacks: shared-infra-stack, controlplane-stack
[Warning at /tenant-template-stack-basic/Vpc] fromVpcAttributes: 'availabilityZones' is a list token: the imported VPC will not work with constructs that require a list of subnets at synthesis time. Use 'Vpc.fromLookup()' or 'Fn.importListValue' instead. [ack: @aws-cdk/aws-ec2:vpcAttributeIsListTokenavailabilityZones]
[Warning at /tenant-template-stack-basic/Vpc] fromVpcAttributes: 'privateSubnetIds' is a list token: the imported VPC will not work with constructs that require a list of subnets at synthesis time. Use 'Vpc.fromLookup()' or 'Fn.importListValue' instead. [ack: @aws-cdk/aws-ec2:vpcAttributeIsListTokenprivateSubnetIds]
[Warning at /tenant-template-stack-basic/Vpc/PrivateSubnet1] No routeTableId was provided to the subnet at 'tenant-template-stack-basic/Vpc/PrivateSubnet1'. Attempting to read its .routeTable.routeTableId will return null/undefined. (More info: https://github.com/aws/aws-cdk/pull/3171) [ack: @aws-cdk/aws-ec2:noSubnetRouteTableId]
[Warning at /tenant-template-stack-basic/identity-TaskDef/identity-container] Proper policies need to be attached before pulling from ECR repository, or use 'fromEcrRepository'. [ack: @aws-cdk/aws-ecs:ecrImageRequiresPolicy]
[Warning at /tenant-template-stack-basic/academics-TaskDef/academics-container] Proper policies need to be attached before pulling from ECR repository, or use 'fromEcrRepository'. [ack: @aws-cdk/aws-ecs:ecrImageRequiresPolicy]
[Warning at /tenant-template-stack-basic/finance-TaskDef/finance-container] Proper policies need to be attached before pulling from ECR repository, or use 'fromEcrRepository'. [ack: @aws-cdk/aws-ecs:ecrImageRequiresPolicy]
[Warning at /tenant-template-stack-basic/rproxy-TaskDef/rproxy-container] Proper policies need to be attached before pulling from ECR repository, or use 'fromEcrRepository'. [ack: @aws-cdk/aws-ecs:ecrImageRequiresPolicy]

✨  Synthesis time: 11.21s

current credentials could not be used to assume 'arn:aws:iam::715860911762:role/cdk-hnb659fds-file-publishing-role-715860911762-us-east-2', but are for the right account. Proceeding anyway.
current credentials could not be used to assume 'arn:aws:iam::715860911762:role/cdk-hnb659fds-file-publishing-role-715860911762-us-east-2', but are for the right account. Proceeding anyway.
current credentials could not be used to assume 'arn:aws:iam::715860911762:role/cdk-hnb659fds-file-publishing-role-715860911762-us-east-2', but are for the right account. Proceeding anyway.
current credentials could not be used to assume 'arn:aws:iam::715860911762:role/cdk-hnb659fds-file-publishing-role-715860911762-us-east-2', but are for the right account. Proceeding anyway.
current credentials could not be used to assume 'arn:aws:iam::715860911762:role/cdk-hnb659fds-file-publishing-role-715860911762-us-east-2', but are for the right account. Proceeding anyway.
current credentials could not be used to assume 'arn:aws:iam::715860911762:role/cdk-hnb659fds-file-publishing-role-715860911762-us-east-2', but are for the right account. Proceeding anyway.
current credentials could not be used to assume 'arn:aws:iam::715860911762:role/cdk-hnb659fds-file-publishing-role-715860911762-us-east-2', but are for the right account. Proceeding anyway.
current credentials could not be used to assume 'arn:aws:iam::715860911762:role/cdk-hnb659fds-file-publishing-role-715860911762-us-east-2', but are for the right account. Proceeding anyway.
current credentials could not be used to assume 'arn:aws:iam::715860911762:role/cdk-hnb659fds-file-publishing-role-715860911762-us-east-2', but are for the right account. Proceeding anyway.
current credentials could not be used to assume 'arn:aws:iam::715860911762:role/cdk-hnb659fds-file-publishing-role-715860911762-us-east-2', but are for the right account. Proceeding anyway.
current credentials could not be used to assume 'arn:aws:iam::715860911762:role/cdk-hnb659fds-file-publishing-role-715860911762-us-east-2', but are for the right account. Proceeding anyway.
shared-infra-stack
shared-infra-stack: deploying... [1/3]
current credentials could not be used to assume 'arn:aws:iam::715860911762:role/cdk-hnb659fds-deploy-role-715860911762-us-east-2', but are for the right account. Proceeding anyway.
shared-infra-stack: creating CloudFormation changeset...

 ✅  shared-infra-stack (no changes)

✨  Deployment time: 3.89s

Outputs:
shared-infra-stack.ALBArn = arn:aws:elasticloadbalancing:us-east-2:715860911762:loadbalancer/app/shared-sbtec-g08DvsSmDe1E/e9542f210aff729a
shared-infra-stack.ALBDnsName = internal-shared-sbtec-g08DvsSmDe1E-1693952765.us-east-2.elb.amazonaws.com
shared-infra-stack.AlbSgId = sg-0524b4dc1993a4edf
shared-infra-stack.ApiGatewayTenantApiEndpointF0F42595 = https://tw8pfmqsdi.execute-api.us-east-2.amazonaws.com/prod/
shared-infra-stack.ApiGatewayUrl = https://tw8pfmqsdi.execute-api.us-east-2.amazonaws.com/prod/
shared-infra-stack.AvailabilityZones = us-east-2a,us-east-2b,us-east-2c
shared-infra-stack.EcsVpcId = vpc-08afbe4546adce53f
shared-infra-stack.ExportsOutputFnGetAttTenantMappingTable8521321CArn3DDEA8C7 = arn:aws:dynamodb:us-east-2:715860911762:table/shared-infra-stack-TenantMappingTable8521321C-1G038YY0X2K2C
shared-infra-stack.ExportsOutputFnGetAttadminsiteadminsiteBucketCFEB0FF8Arn668B883E = arn:aws:s3:::adminsitebucket-715860911762-us-east-2
shared-infra-stack.ExportsOutputFnGetAttadminsiteadminsiteDistributionCB923EF7DomainName0F4425B4 = djbcgz3fusj2e.cloudfront.net
shared-infra-stack.ExportsOutputFnGetAttsbtecsalbC25444E7LoadBalancerFullName39D4005E = app/shared-sbtec-g08DvsSmDe1E/e9542f210aff729a
shared-infra-stack.ExportsOutputRefTenantMappingTable8521321C99BF1CB4 = shared-infra-stack-TenantMappingTable8521321C-1G038YY0X2K2C
shared-infra-stack.ExportsOutputRefadminsiteadminsiteBucketCFEB0FF8950F79BC = adminsitebucket-715860911762-us-east-2
shared-infra-stack.ListenerArn = arn:aws:elasticloadbalancing:us-east-2:715860911762:listener/app/shared-sbtec-g08DvsSmDe1E/e9542f210aff729a/a7f363bf665fddf0
shared-infra-stack.PrivSub1RouteId = rtb-0f36bd68a9ab5caee
shared-infra-stack.PrivSub2RouteId = rtb-07c2a211607c322ab
shared-infra-stack.PrivSub3RouteId = rtb-09d073842da6cd592
shared-infra-stack.PrivateSubnetIds = subnet-0d21d98426e3638f6,subnet-08e95eb9a3f3db1b8,subnet-0dc3db8d5609a9396
shared-infra-stack.TenantApiAuthorizerArn = arn:aws:lambda:us-east-2:715860911762:function:shared-infra-stack-ApiGatewayAuthorizerFunction287-mK9L1xEbCreK
shared-infra-stack.TenantApiRestApiId = tw8pfmqsdi
shared-infra-stack.TenantApiRootResourceId = jpnb6vgjm5
shared-infra-stack.adminSiteUrl = https://djbcgz3fusj2e.cloudfront.net
Stack ARN:
arn:aws:cloudformation:us-east-2:715860911762:stack/shared-infra-stack/7c277af0-2d03-11f1-8edf-02075323fe01

✨  Total time: 15.1s

controlplane-stack
controlplane-stack: deploying... [2/3]
controlplane-stack: creating CloudFormation changeset...

 ✅  controlplane-stack (no changes)

✨  Deployment time: 3.18s

Outputs:
controlplane-stack.CognitoClientId = 29l2siliuhd042plto6qo53nmd
controlplane-stack.CognitoTokenEndpoint = https://715860911762-c83dc306206cd2b41042b8e909ee0a0aeb9a7a1712.auth.us-east-2.amazoncognito.com/oauth2/token
controlplane-stack.CognitoWellKnownUrl = https://cognito-idp.us-east-2.amazonaws.com/us-east-2_rVy7dkuq8/.well-known/openid-configuration
controlplane-stack.ControlPlaneApiUrl = https://m6qc9l1s30.execute-api.us-east-2.amazonaws.com/
controlplane-stack.ControlPlaneIdpClientId = 29l2siliuhd042plto6qo53nmd
controlplane-stack.ControlPlaneIdpUserPoolId = us-east-2_rVy7dkuq8
controlplane-stack.EventDLQDLQArn6DD3BF25 = arn:aws:sqs:us-east-2:715860911762:edforge-event-dlq-prod
controlplane-stack.EventDLQDLQUrlCF448061 = https://sqs.us-east-2.amazonaws.com/715860911762/edforge-event-dlq-prod
controlplane-stack.ExportsOutputFnGetAttcontrolplanesbtEventManagerSbtEventBus84ECD1F3ArnCF92EAF9 = arn:aws:events:us-east-2:715860911762:event-bus/controlplanestackcontrolplanesbtEventManagerSbtEventBus1E602009
controlplane-stack.ExportsOutputRefTenantSeederTenantSeederFn904D42012F9767AC = controlplane-stack-TenantSeederTenantSeederFn904D4-p62jMBQBLpSt
controlplane-stack.ExportsOutputRefcontrolplanesbtEventManagerSbtEventBus84ECD1F3FE22559E = controlplanestackcontrolplanesbtEventManagerSbtEventBus1E602009
controlplane-stack.SbtEventBusName = controlplanestackcontrolplanesbtEventManagerSbtEventBus1E602009
controlplane-stack.TenantSeederTenantSeederLambdaArn3515B4E9 = arn:aws:lambda:us-east-2:715860911762:function:controlplane-stack-TenantSeederTenantSeederFn904D4-p62jMBQBLpSt
controlplane-stack.adminSiteUrl = https://djbcgz3fusj2e.cloudfront.net
controlplane-stack.controlPlaneAPIEndpoint = https://m6qc9l1s30.execute-api.us-east-2.amazonaws.com/
controlplane-stack.eventBridgeArn = arn:aws:events:us-east-2:715860911762:event-bus/controlplanestackcontrolplanesbtEventManagerSbtEventBus1E602009
Stack ARN:
arn:aws:cloudformation:us-east-2:715860911762:stack/controlplane-stack/244760a0-2d05-11f1-9855-06273d1b45c9

✨  Total time: 14.38s

tenant-template-stack-basic
tenant-template-stack-basic: deploying... [3/3]
tenant-template-stack-basic: creating CloudFormation changeset...
tenant-template-stack-basic |  0/26 | 3:28:54 PM | UPDATE_IN_PROGRESS   | AWS::CloudFormation::Stack                | tenant-template-stack-basic User Initiated
tenant-template-stack-basic |  0/26 | 3:28:58 PM | CREATE_IN_PROGRESS   | AWS::Logs::LogGroup                       | identity-EcsServices/IdentityLogGroup (identityEcsServicesIdentityLogGroup6BCAA5D6) 
tenant-template-stack-basic |  0/26 | 3:28:58 PM | CREATE_IN_PROGRESS   | AWS::CloudWatch::Alarm                    | identity-EcsServices/IemisAuditEmitFailuresAlarm (identityEcsServicesIemisAuditEmitFailuresAlarm5174C1D8) 
tenant-template-stack-basic |  0/26 | 3:28:58 PM | UPDATE_IN_PROGRESS   | AWS::CloudFormation::Stack                | EcsCluster.NestedStack/EcsCluster.NestedStackResource (EcsClusterNestedStackEcsClusterNestedStackResource0624F17C) 
tenant-template-stack-basic |  0/26 | 3:28:58 PM | UPDATE_IN_PROGRESS   | Custom::AWS                               | CreateTenantMapping/Resource/Default (CreateTenantMappingA61F466B) 
tenant-template-stack-basic |  0/26 | 3:28:58 PM | UPDATE_IN_PROGRESS   | AWS::CDK::Metadata                        | EcsCluster/CDKMetadata/Default (CDKMetadata) 
tenant-template-stack-basic |  0/26 | 3:28:58 PM | UPDATE_IN_PROGRESS   | AWS::DynamoDB::Table                      | identityStorage/edforge-identity-basic (identityStorageedforgeidentitybasicED16B725) 
tenant-template-stack-basic |  0/26 | 3:28:58 PM | UPDATE_IN_PROGRESS   | AWS::DynamoDB::Table                      | academicsStorage/edforge-academics-basic (academicsStorageedforgeacademicsbasic3A1D540B) 
tenant-template-stack-basic |  0/26 | 3:28:58 PM | UPDATE_IN_PROGRESS   | AWS::DynamoDB::Table                      | financeStorage/edforge-finance-basic (financeStorageedforgefinancebasic93F99320) 
tenant-template-stack-basic |  1/26 | 3:28:58 PM | UPDATE_COMPLETE      | AWS::CloudFormation::Stack                | EcsCluster.NestedStack/EcsCluster.NestedStackResource (EcsClusterNestedStackEcsClusterNestedStackResource0624F17C) 
tenant-template-stack-basic |  1/26 | 3:28:58 PM | CREATE_IN_PROGRESS   | AWS::Logs::LogGroup                       | identity-EcsServices/IdentityLogGroup (identityEcsServicesIdentityLogGroup6BCAA5D6) Resource creation Initiated
tenant-template-stack-basic |  1/26 | 3:28:58 PM | CREATE_IN_PROGRESS   | AWS::CloudWatch::Alarm                    | identity-EcsServices/IemisAuditEmitFailuresAlarm (identityEcsServicesIemisAuditEmitFailuresAlarm5174C1D8) Resource creation Initiated
tenant-template-stack-basic |  2/26 | 3:28:59 PM | UPDATE_COMPLETE      | AWS::CDK::Metadata                        | EcsCluster/CDKMetadata/Default (CDKMetadata) 
tenant-template-stack-basic |  3/26 | 3:29:00 PM | CREATE_COMPLETE      | AWS::CloudWatch::Alarm                    | identity-EcsServices/IemisAuditEmitFailuresAlarm (identityEcsServicesIemisAuditEmitFailuresAlarm5174C1D8) 
tenant-template-stack-basic |  4/26 | 3:29:07 PM | CREATE_COMPLETE      | AWS::Logs::LogGroup                       | identity-EcsServices/IdentityLogGroup (identityEcsServicesIdentityLogGroup6BCAA5D6) 
tenant-template-stack-basic |  4/26 | 3:29:08 PM | CREATE_IN_PROGRESS   | AWS::Logs::MetricFilter                   | identity-EcsServices/IemisAuditEmitFailureFilter (identityEcsServicesIemisAuditEmitFailureFilter0557B504) 
tenant-template-stack-basic |  4/26 | 3:29:09 PM | CREATE_IN_PROGRESS   | AWS::Logs::MetricFilter                   | identity-EcsServices/IemisAuditEmitFailureFilter (identityEcsServicesIemisAuditEmitFailureFilter0557B504) Resource creation Initiated
tenant-template-stack-basic |  5/26 | 3:29:10 PM | CREATE_COMPLETE      | AWS::Logs::MetricFilter                   | identity-EcsServices/IemisAuditEmitFailureFilter (identityEcsServicesIemisAuditEmitFailureFilter0557B504) 
tenant-template-stack-basic |  6/26 | 3:29:11 PM | UPDATE_COMPLETE      | AWS::DynamoDB::Table                      | identityStorage/edforge-identity-basic (identityStorageedforgeidentitybasicED16B725) 
tenant-template-stack-basic |  7/26 | 3:29:11 PM | UPDATE_COMPLETE      | AWS::DynamoDB::Table                      | academicsStorage/edforge-academics-basic (academicsStorageedforgeacademicsbasic3A1D540B) 
tenant-template-stack-basic |  7/26 | 3:29:15 PM | UPDATE_IN_PROGRESS   | AWS::ECS::TaskDefinition                  | identity-TaskDef (identityTaskDef4E17C112) Requested update requires the creation of a new physical resource; hence creating one.
tenant-template-stack-basic |  7/26 | 3:29:16 PM | UPDATE_IN_PROGRESS   | AWS::ECS::TaskDefinition                  | identity-TaskDef (identityTaskDef4E17C112) Resource creation Initiated
tenant-template-stack-basic |  7/26 | 3:29:16 PM | UPDATE_IN_PROGRESS   | AWS::IAM::Policy                          | identity-EcsServices/ecsTaskExecutionRole-basic/DefaultPolicy (identityEcsServicesecsTaskExecutionRolebasicDefaultPolicy19C92912) 
tenant-template-stack-basic |  8/26 | 3:29:16 PM | UPDATE_COMPLETE      | AWS::ECS::TaskDefinition                  | identity-TaskDef (identityTaskDef4E17C112) 
tenant-template-stack-basic |  8/26 | 3:29:18 PM | UPDATE_IN_PROGRESS   | AWS::ECS::Service                         | identity-EcsServices/identity-service/Service (identitybasic) 
tenant-template-stack-basic |  9/26 | 3:29:21 PM | UPDATE_COMPLETE      | Custom::AWS                               | CreateTenantMapping/Resource/Default (CreateTenantMappingA61F466B) 
tenant-template-stack-basic | 10/26 | 3:29:22 PM | UPDATE_COMPLETE      | AWS::DynamoDB::Table                      | financeStorage/edforge-finance-basic (financeStorageedforgefinancebasic93F99320) 
tenant-template-stack-basic | 11/26 | 3:29:32 PM | UPDATE_COMPLETE      | AWS::IAM::Policy                          | identity-EcsServices/ecsTaskExecutionRole-basic/DefaultPolicy (identityEcsServicesecsTaskExecutionRolebasicDefaultPolicy19C92912) 
tenant-template-stack-basic | 12/26 | 3:33:41 PM | UPDATE_COMPLETE      | AWS::ECS::Service                         | identity-EcsServices/identity-service/Service (identitybasic) 
tenant-template-stack-basic | 13/26 | 3:33:44 PM | UPDATE_COMPLETE_CLEA | AWS::CloudFormation::Stack                | tenant-template-stack-basic 
tenant-template-stack-basic | 13/26 | 3:33:44 PM | DELETE_IN_PROGRESS   | AWS::ECS::TaskDefinition                  | identity-TaskDef (identityTaskDef4E17C112) 
tenant-template-stack-basic | 12/26 | 3:33:44 PM | UPDATE_COMPLETE      | AWS::CloudFormation::Stack                | EcsCluster.NestedStack/EcsCluster.NestedStackResource (EcsClusterNestedStackEcsClusterNestedStackResource0624F17C) 
tenant-template-stack-basic | 11/26 | 3:33:45 PM | DELETE_COMPLETE      | AWS::ECS::TaskDefinition                  | identity-TaskDef (identityTaskDef4E17C112) 
tenant-template-stack-basic | 11/26 | 3:33:46 PM | DELETE_SKIPPED       | AWS::Logs::LogGroup                       | identityTaskDefidentitycontainerLogGroup2EAE7319 
tenant-template-stack-basic | 12/26 | 3:33:46 PM | UPDATE_COMPLETE      | AWS::CloudFormation::Stack                | tenant-template-stack-basic 

 ✅  tenant-template-stack-basic

✨  Deployment time: 327.59s

Outputs:
tenant-template-stack-basic.S3SourceVersion = 554d5ea
tenant-template-stack-basic.TenantUserpoolId = us-east-2_CjGEBNa9X
tenant-template-stack-basic.TenantWellKnownUrl = https://cognito-idp.us-east-2.amazonaws.com/us-east-2_CjGEBNa9X/.well-known/openid-configuration
tenant-template-stack-basic.UserPoolClientId = f9r69qrqfgpekdjfo93a8n5mu
tenant-template-stack-basic.academicsStorageacademicsTableNameDF924240 = edforge-academics-basic
tenant-template-stack-basic.financeStoragefinanceTableName58941AAC = edforge-finance-basic
tenant-template-stack-basic.identityStorageidentityTableName656705F5 = edforge-identity-basic
Stack ARN:
arn:aws:cloudformation:us-east-2:715860911762:stack/tenant-template-stack-basic/81691530-2d05-11f1-840c-024e12cdd4c5

✨  Total time: 338.8s


==> Finished
    exit:    0
    ended:   2026-04-23T20:34:04Z
