==> Analytics deploy
    stack:   shared-infra-stack
    profile: prod
    git:     debd786
    started: 2026-06-18T18:39:01Z
    log:     /Users/shoaibrain/edforge/docs/deploys/analytics-prod-shared-infra-stack-20260618-133901-debd786.log

    region:  ap-south-1
    account: 257526644020

[cdk] env file: .env + .env.prod
CDK NAG:  false
#0 building with "desktop-linux" instance using docker driver

#1 [internal] load build definition from Dockerfile
#1 transferring dockerfile: 1.56kB done
#1 DONE 0.0s

#2 [internal] load metadata for public.ecr.aws/sam/build-python3.10:latest
#2 DONE 0.7s

#3 [internal] load .dockerignore
#3 transferring context: 2B done
#3 DONE 0.0s

#4 [1/2] FROM public.ecr.aws/sam/build-python3.10:latest@sha256:72958e77ec8aa845fc213da5f80e6b0cfd4db858dbbaa6ce9e0738daabe65a8d
#4 resolve public.ecr.aws/sam/build-python3.10:latest@sha256:72958e77ec8aa845fc213da5f80e6b0cfd4db858dbbaa6ce9e0738daabe65a8d done
#4 DONE 0.0s

#5 [2/2] RUN     python -m venv /usr/app/venv &&     mkdir /tmp/pip-cache &&     chmod -R 777 /tmp/pip-cache &&     pip install --upgrade pip &&     mkdir /tmp/poetry-cache &&     chmod -R 777 /tmp/poetry-cache &&     pip install pipenv==2022.4.8 poetry==1.5.1 &&     rm -rf /tmp/pip-cache/* /tmp/poetry-cache/*
#5 CACHED

#6 exporting to image
#6 exporting layers done
#6 exporting manifest sha256:60d444762608e5d126cba51551773b8daa8ac3380639bf3e1c777f6c72bca639 done
#6 exporting config sha256:7b509bd15b97dac1bce3da9141c56dc9a341e873ab321f90360bf78e1a6ee6f2 done
#6 exporting attestation manifest sha256:6828585b717721a68a6c7485707c860e41628f8db4482d015a110c2b3a9bb5db done
#6 exporting manifest list sha256:e19d8ea845f907366ade6f0a5baa2f1fb71fccb0e83f67b43c5b2004709f3963 done
#6 naming to docker.io/library/cdk-cc00d3c8b7a394c42c1b7f01c426af15484ab3611aaa7dd8dbb441f6fd21c223:latest done
#6 DONE 0.0s

View build details: docker-desktop://dashboard/build/desktop-linux/desktop-linux/1v18stu7slde9sz2vwftfnkum
#0 building with "desktop-linux" instance using docker driver

#1 [internal] load build definition from Dockerfile
#1 transferring dockerfile: 1.56kB done
#1 DONE 0.0s

#2 [internal] load metadata for public.ecr.aws/sam/build-python3.10:latest
#2 DONE 0.2s

#3 [internal] load .dockerignore
#3 transferring context: 2B done
#3 DONE 0.0s

#4 [1/2] FROM public.ecr.aws/sam/build-python3.10:latest@sha256:72958e77ec8aa845fc213da5f80e6b0cfd4db858dbbaa6ce9e0738daabe65a8d
#4 resolve public.ecr.aws/sam/build-python3.10:latest@sha256:72958e77ec8aa845fc213da5f80e6b0cfd4db858dbbaa6ce9e0738daabe65a8d done
#4 DONE 0.0s

#5 [2/2] RUN     python -m venv /usr/app/venv &&     mkdir /tmp/pip-cache &&     chmod -R 777 /tmp/pip-cache &&     pip install --upgrade pip &&     mkdir /tmp/poetry-cache &&     chmod -R 777 /tmp/poetry-cache &&     pip install pipenv==2022.4.8 poetry==1.5.1 &&     rm -rf /tmp/pip-cache/* /tmp/poetry-cache/*
#5 CACHED

#6 exporting to image
#6 exporting layers done
#6 exporting manifest sha256:60d444762608e5d126cba51551773b8daa8ac3380639bf3e1c777f6c72bca639 done
#6 exporting config sha256:7b509bd15b97dac1bce3da9141c56dc9a341e873ab321f90360bf78e1a6ee6f2 done
#6 exporting attestation manifest sha256:b3e4e2abf7609dbd2097b5857f47f82ec366971f0f8b1f8aeb341de06055d96e done
#6 exporting manifest list sha256:249938a2016cbbd795a283aa2d4f9f405d410a76041db5cdb2096fa6dc05c482 done
#6 naming to docker.io/library/cdk-cc00d3c8b7a394c42c1b7f01c426af15484ab3611aaa7dd8dbb441f6fd21c223:latest done
#6 DONE 0.0s

View build details: docker-desktop://dashboard/build/desktop-linux/desktop-linux/k73tl4x27m76lxhlnhs07qcm8
#0 building with "desktop-linux" instance using docker driver

#1 [internal] load build definition from Dockerfile
#1 transferring dockerfile: 1.56kB done
#1 DONE 0.0s

#2 [internal] load metadata for public.ecr.aws/sam/build-python3.13:latest
#2 DONE 0.6s

#3 [internal] load .dockerignore
#3 transferring context: 2B done
#3 DONE 0.0s

#4 [1/2] FROM public.ecr.aws/sam/build-python3.13:latest@sha256:caa464dc2628d5e9e87936142b571d3cbd3c5cc3a64cde9471963bfa5c54d2c8
#4 resolve public.ecr.aws/sam/build-python3.13:latest@sha256:caa464dc2628d5e9e87936142b571d3cbd3c5cc3a64cde9471963bfa5c54d2c8 done
#4 DONE 0.0s

#5 [2/2] RUN     python -m venv /usr/app/venv &&     mkdir /tmp/pip-cache &&     chmod -R 777 /tmp/pip-cache &&     pip install --upgrade pip &&     mkdir /tmp/poetry-cache &&     chmod -R 777 /tmp/poetry-cache &&     pip install pipenv==2022.4.8 poetry==1.5.1 &&     rm -rf /tmp/pip-cache/* /tmp/poetry-cache/*
#5 CACHED

#6 exporting to image
#6 exporting layers done
#6 exporting manifest sha256:01a25c5de2d1d20fc135620664f6039ccb214d741ce4a49d8be76583f3ec63d5 done
#6 exporting config sha256:b28acc9790eaf330b84f10b345d8546c59cf531ee08fd1e5c2fb633d44335113 done
#6 exporting attestation manifest sha256:f1e83e9741bd99e7643024cbc0106e16131c8f266788a5d6d06d7a4618ee0310 done
#6 exporting manifest list sha256:adcbc11156b6bca74666a78dbdb7ec6a0c1c98f7b4f9b6c3752f4c8f853f088d done
#6 naming to docker.io/library/cdk-b88284e8533f19eb9f4e68a95bb6c02a2133a18e257c811977ee854e4dd1b826:latest done
#6 unpacking to docker.io/library/cdk-b88284e8533f19eb9f4e68a95bb6c02a2133a18e257c811977ee854e4dd1b826:latest done
#6 DONE 0.0s

View build details: docker-desktop://dashboard/build/desktop-linux/desktop-linux/245dsp5k1thdt6ib6aq5iedap
#0 building with "desktop-linux" instance using docker driver

#1 [internal] load build definition from Dockerfile
#1 transferring dockerfile: 1.56kB done
#1 DONE 0.0s

#2 [internal] load metadata for public.ecr.aws/sam/build-python3.13:latest
#2 DONE 0.2s

#3 [internal] load .dockerignore
#3 transferring context: 2B done
#3 DONE 0.0s

#4 [1/2] FROM public.ecr.aws/sam/build-python3.13:latest@sha256:caa464dc2628d5e9e87936142b571d3cbd3c5cc3a64cde9471963bfa5c54d2c8
#4 resolve public.ecr.aws/sam/build-python3.13:latest@sha256:caa464dc2628d5e9e87936142b571d3cbd3c5cc3a64cde9471963bfa5c54d2c8 done
#4 DONE 0.0s

#5 [2/2] RUN     python -m venv /usr/app/venv &&     mkdir /tmp/pip-cache &&     chmod -R 777 /tmp/pip-cache &&     pip install --upgrade pip &&     mkdir /tmp/poetry-cache &&     chmod -R 777 /tmp/poetry-cache &&     pip install pipenv==2022.4.8 poetry==1.5.1 &&     rm -rf /tmp/pip-cache/* /tmp/poetry-cache/*
#5 CACHED

#6 exporting to image
#6 exporting layers done
#6 exporting manifest sha256:01a25c5de2d1d20fc135620664f6039ccb214d741ce4a49d8be76583f3ec63d5 done
#6 exporting config sha256:b28acc9790eaf330b84f10b345d8546c59cf531ee08fd1e5c2fb633d44335113 done
#6 exporting attestation manifest sha256:37072070088a81ccd10c6e4468701a6e0fbffe159ef37f9acd9cb6209ee5152b done
#6 exporting manifest list sha256:ca4d469bdf0524070a7c1e8974f30ccd2426b9494cb39f1e3e6c5219cdcf29e0 done
#6 naming to docker.io/library/cdk-b88284e8533f19eb9f4e68a95bb6c02a2133a18e257c811977ee854e4dd1b826:latest done
#6 unpacking to docker.io/library/cdk-b88284e8533f19eb9f4e68a95bb6c02a2133a18e257c811977ee854e4dd1b826:latest done
#6 DONE 0.0s

View build details: docker-desktop://dashboard/build/desktop-linux/desktop-linux/vd9thvsk0xy7cfwpdvc9q6q4g
#0 building with "desktop-linux" instance using docker driver

#1 [internal] load build definition from Dockerfile
#1 transferring dockerfile: 1.56kB done
#1 DONE 0.0s

#2 [internal] load metadata for public.ecr.aws/sam/build-python3.13:latest
#2 DONE 0.3s

#3 [internal] load .dockerignore
#3 transferring context: 2B done
#3 DONE 0.0s

#4 [1/2] FROM public.ecr.aws/sam/build-python3.13:latest@sha256:caa464dc2628d5e9e87936142b571d3cbd3c5cc3a64cde9471963bfa5c54d2c8
#4 resolve public.ecr.aws/sam/build-python3.13:latest@sha256:caa464dc2628d5e9e87936142b571d3cbd3c5cc3a64cde9471963bfa5c54d2c8 done
#4 DONE 0.0s

#5 [2/2] RUN     python -m venv /usr/app/venv &&     mkdir /tmp/pip-cache &&     chmod -R 777 /tmp/pip-cache &&     pip install --upgrade pip &&     mkdir /tmp/poetry-cache &&     chmod -R 777 /tmp/poetry-cache &&     pip install pipenv==2022.4.8 poetry==1.5.1 &&     rm -rf /tmp/pip-cache/* /tmp/poetry-cache/*
#5 CACHED

#6 exporting to image
#6 exporting layers done
#6 exporting manifest sha256:01a25c5de2d1d20fc135620664f6039ccb214d741ce4a49d8be76583f3ec63d5 done
#6 exporting config sha256:b28acc9790eaf330b84f10b345d8546c59cf531ee08fd1e5c2fb633d44335113 done
#6 exporting attestation manifest sha256:e29997f019451752912ff950aea4c6302a7c056e94c1ac7c03126784ebc0c329 done
#6 exporting manifest list sha256:a4442fee7ff94c59f0b131583afa90cd51792a30fe90f7c1638564c320fc6e0d done
#6 naming to docker.io/library/cdk-b88284e8533f19eb9f4e68a95bb6c02a2133a18e257c811977ee854e4dd1b826:latest done
#6 unpacking to docker.io/library/cdk-b88284e8533f19eb9f4e68a95bb6c02a2133a18e257c811977ee854e4dd1b826:latest done
#6 DONE 0.0s

View build details: docker-desktop://dashboard/build/desktop-linux/desktop-linux/xzhj6irkc00w9pdnklu1br494
#0 building with "desktop-linux" instance using docker driver

#1 [internal] load build definition from Dockerfile
#1 transferring dockerfile: 1.56kB done
#1 DONE 0.0s

#2 [internal] load metadata for public.ecr.aws/sam/build-python3.13:latest
#2 DONE 0.3s

#3 [internal] load .dockerignore
#3 transferring context: 2B done
#3 DONE 0.0s

#4 [1/2] FROM public.ecr.aws/sam/build-python3.13:latest@sha256:caa464dc2628d5e9e87936142b571d3cbd3c5cc3a64cde9471963bfa5c54d2c8
#4 resolve public.ecr.aws/sam/build-python3.13:latest@sha256:caa464dc2628d5e9e87936142b571d3cbd3c5cc3a64cde9471963bfa5c54d2c8 done
#4 DONE 0.0s

#5 [2/2] RUN     python -m venv /usr/app/venv &&     mkdir /tmp/pip-cache &&     chmod -R 777 /tmp/pip-cache &&     pip install --upgrade pip &&     mkdir /tmp/poetry-cache &&     chmod -R 777 /tmp/poetry-cache &&     pip install pipenv==2022.4.8 poetry==1.5.1 &&     rm -rf /tmp/pip-cache/* /tmp/poetry-cache/*
#5 CACHED

#6 exporting to image
#6 exporting layers done
#6 exporting manifest sha256:01a25c5de2d1d20fc135620664f6039ccb214d741ce4a49d8be76583f3ec63d5 done
#6 exporting config sha256:b28acc9790eaf330b84f10b345d8546c59cf531ee08fd1e5c2fb633d44335113 done
#6 exporting attestation manifest sha256:a352cdf64c24dc1bfe11303ad8539ca3036dcb23955374a99dca8378efd583f5 done
#6 exporting manifest list sha256:ed141f8b2e65fd395ee204bc2eac3cd7258c3c176b2febeaa02c9da582c5f15d done
#6 naming to docker.io/library/cdk-b88284e8533f19eb9f4e68a95bb6c02a2133a18e257c811977ee854e4dd1b826:latest done
#6 unpacking to docker.io/library/cdk-b88284e8533f19eb9f4e68a95bb6c02a2133a18e257c811977ee854e4dd1b826:latest done
#6 DONE 0.0s

View build details: docker-desktop://dashboard/build/desktop-linux/desktop-linux/z5v1jfn97dw4jqluyt4oyo2eb
#0 building with "desktop-linux" instance using docker driver

#1 [internal] load build definition from Dockerfile
#1 transferring dockerfile: 1.56kB done
#1 DONE 0.0s

#2 [internal] load metadata for public.ecr.aws/sam/build-python3.13:latest
#2 DONE 0.2s

#3 [internal] load .dockerignore
#3 transferring context: 2B done
#3 DONE 0.0s

#4 [1/2] FROM public.ecr.aws/sam/build-python3.13:latest@sha256:caa464dc2628d5e9e87936142b571d3cbd3c5cc3a64cde9471963bfa5c54d2c8
#4 resolve public.ecr.aws/sam/build-python3.13:latest@sha256:caa464dc2628d5e9e87936142b571d3cbd3c5cc3a64cde9471963bfa5c54d2c8 done
#4 DONE 0.0s

#5 [2/2] RUN     python -m venv /usr/app/venv &&     mkdir /tmp/pip-cache &&     chmod -R 777 /tmp/pip-cache &&     pip install --upgrade pip &&     mkdir /tmp/poetry-cache &&     chmod -R 777 /tmp/poetry-cache &&     pip install pipenv==2022.4.8 poetry==1.5.1 &&     rm -rf /tmp/pip-cache/* /tmp/poetry-cache/*
#5 CACHED

#6 exporting to image
#6 exporting layers done
#6 exporting manifest sha256:01a25c5de2d1d20fc135620664f6039ccb214d741ce4a49d8be76583f3ec63d5 done
#6 exporting config sha256:b28acc9790eaf330b84f10b345d8546c59cf531ee08fd1e5c2fb633d44335113 done
#6 exporting attestation manifest sha256:51dd96e3abfc95d47327d896e679eb34c5f0ec00d1fe641ca9ca9c257cd1421e done
#6 exporting manifest list sha256:3a3229f5d92763e7ea47ab1edbccb03f2f4fce3b24cdff78e4e5467f8b0d9d13 done
#6 naming to docker.io/library/cdk-b88284e8533f19eb9f4e68a95bb6c02a2133a18e257c811977ee854e4dd1b826:latest done
#6 unpacking to docker.io/library/cdk-b88284e8533f19eb9f4e68a95bb6c02a2133a18e257c811977ee854e4dd1b826:latest done
#6 DONE 0.0s

View build details: docker-desktop://dashboard/build/desktop-linux/desktop-linux/2kqrq5hoovynbs2ui1j4uuc9j
#0 building with "desktop-linux" instance using docker driver

#1 [internal] load build definition from Dockerfile
#1 transferring dockerfile: 1.56kB done
#1 DONE 0.0s

#2 [internal] load metadata for public.ecr.aws/sam/build-python3.13:latest
#2 DONE 0.2s

#3 [internal] load .dockerignore
#3 transferring context: 2B done
#3 DONE 0.0s

#4 [1/2] FROM public.ecr.aws/sam/build-python3.13:latest@sha256:caa464dc2628d5e9e87936142b571d3cbd3c5cc3a64cde9471963bfa5c54d2c8
#4 resolve public.ecr.aws/sam/build-python3.13:latest@sha256:caa464dc2628d5e9e87936142b571d3cbd3c5cc3a64cde9471963bfa5c54d2c8 done
#4 DONE 0.0s

#5 [2/2] RUN     python -m venv /usr/app/venv &&     mkdir /tmp/pip-cache &&     chmod -R 777 /tmp/pip-cache &&     pip install --upgrade pip &&     mkdir /tmp/poetry-cache &&     chmod -R 777 /tmp/poetry-cache &&     pip install pipenv==2022.4.8 poetry==1.5.1 &&     rm -rf /tmp/pip-cache/* /tmp/poetry-cache/*
#5 CACHED

#6 exporting to image
#6 exporting layers done
#6 exporting manifest sha256:01a25c5de2d1d20fc135620664f6039ccb214d741ce4a49d8be76583f3ec63d5 done
#6 exporting config sha256:b28acc9790eaf330b84f10b345d8546c59cf531ee08fd1e5c2fb633d44335113 done
#6 exporting attestation manifest sha256:e22c5447554183138b88790efd3b270e4cfbc91b09bf1eccb056802ceb85bd21 done
#6 exporting manifest list sha256:56fde571dc8b2741db2a5c6df1fcf6d379f974dc58cc3b6eaa66e2e948445fde done
#6 naming to docker.io/library/cdk-b88284e8533f19eb9f4e68a95bb6c02a2133a18e257c811977ee854e4dd1b826:latest done
#6 unpacking to docker.io/library/cdk-b88284e8533f19eb9f4e68a95bb6c02a2133a18e257c811977ee854e4dd1b826:latest done
#6 DONE 0.0s

View build details: docker-desktop://dashboard/build/desktop-linux/desktop-linux/o0jlazuk1znhmnystnqvrb0il
Bundling asset analytics-stack/AggregatorFunction/Code/Stage...

  ...680ee97c4b51bc73e87bb07bad5cc1f2a2d46a95afd22c-building/index.js  157.3kb

⚡ Done in 25ms
Bundling asset analytics-stack/ApiLambda/Code/Stage...

  ...6f8b1afb721c227097b4a9c3d324ffe699d887fe1a1560-building/index.js  853.6kb

⚡ Done in 19ms
Bundling asset analytics-stack/RollupLambda/Function/Code/Stage...

  ...9600391f9433db2c2b6f01a5ae5a36b66c44260f2200385-building/index.js  19.5kb

⚡ Done in 2ms
Bundling asset analytics-stack/IemisJobJanitorLambda/Function/Code/Stage...

  ...ae4e8a3ffefd1a421a18585a86d1501c94719acb2ed4c4f9-building/index.js  6.2kb

⚡ Done in 2ms
Bundling asset analytics-stack/ReportAggregatorLambda/Code/Stage...

  ...d19b482dca17575775fe587e72c6017286fb2a2f15edaa-building/index.js  862.7kb

⚡ Done in 13ms
Bundling asset analytics-stack/ReportingSchedulerLambda/Function/Code/Stage...

  ...48ec99d39363aca8db4855ac75b6cb793f89f116789ea373-building/index.js  5.7kb

⚡ Done in 2ms
Bundling asset tenant-template-stack-basic/CognitoLoginEmitter/Function/Code/Stage...

  ...3e3320b3a8192c1d9e03826c5b6abc1898a66ec552cb0efc-building/index.js  4.1kb

⚡ Done in 1ms
Bundling asset tenant-template-stack-basic/ResultBatchLambda/Code/Stage...

  ...e2c0f5bd85c43b91a66fbc566e52b4a78d1eced0108ef90-building/index.js  23.0kb

⚡ Done in 5ms

✨  Synthesis time: 11.16s

shared-infra-stack: start: Building ApiGateway/TenantApi/APIDefinition
shared-infra-stack: success: Built ApiGateway/TenantApi/APIDefinition
shared-infra-stack: start: Publishing ApiGateway/TenantApi/APIDefinition (257526644020-ap-south-1)
shared-infra-stack: success: Published ApiGateway/TenantApi/APIDefinition (257526644020-ap-south-1)
shared-infra-stack: creating CloudFormation changeset...
Changeset arn:aws:cloudformation:ap-south-1:257526644020:changeSet/cdk-deploy-change-set/76f19d76-e15d-4220-bded-a7a38ddba01e created and waiting in review for manual execution (--no-execute)
shared-infra-stack: deploying... [1/1]
shared-infra-stack | 0/6 | 1:40:07 PM | UPDATE_IN_PROGRESS      | AWS::CloudFormation::Stack                 | shared-infra-stack User Initiated
shared-infra-stack | 0/6 | 1:40:11 PM | UPDATE_IN_PROGRESS      | AWS::ApiGateway::RestApi                   | ApiGateway/TenantApi (ApiGatewayTenantApiF5CE34AA) 
shared-infra-stack | 1/6 | 1:40:25 PM | UPDATE_COMPLETE         | AWS::ApiGateway::RestApi                   | ApiGateway/TenantApi (ApiGatewayTenantApiF5CE34AA) 
shared-infra-stack | 1/6 | 1:40:25 PM | CREATE_IN_PROGRESS      | AWS::ApiGateway::Deployment                | ApiGateway/TenantApi/Deployment (ApiGatewayTenantApiDeployment4DA0AEAF4881396897f1878d16fb84644e828a21) 
shared-infra-stack | 1/6 | 1:40:30 PM | CREATE_IN_PROGRESS      | AWS::ApiGateway::Deployment                | ApiGateway/TenantApi/Deployment (ApiGatewayTenantApiDeployment4DA0AEAF4881396897f1878d16fb84644e828a21) Resource creation Initiated
shared-infra-stack | 2/6 | 1:40:30 PM | CREATE_COMPLETE         | AWS::ApiGateway::Deployment                | ApiGateway/TenantApi/Deployment (ApiGatewayTenantApiDeployment4DA0AEAF4881396897f1878d16fb84644e828a21) 
shared-infra-stack | 2/6 | 1:40:31 PM | UPDATE_IN_PROGRESS      | AWS::ApiGateway::Stage                     | ApiGateway/TenantApi/DeploymentStage.prod (ApiGatewayTenantApiDeploymentStageprod5419DFE5) 
shared-infra-stack | 3/6 | 1:40:34 PM | UPDATE_COMPLETE         | AWS::ApiGateway::Stage                     | ApiGateway/TenantApi/DeploymentStage.prod (ApiGatewayTenantApiDeploymentStageprod5419DFE5) 
shared-infra-stack | 4/6 | 1:40:39 PM | UPDATE_COMPLETE_CLEANUP | AWS::CloudFormation::Stack                 | shared-infra-stack 
shared-infra-stack | 4/6 | 1:40:40 PM | DELETE_IN_PROGRESS      | AWS::ApiGateway::Deployment                | ApiGatewayTenantApiDeployment4DA0AEAF828333c10b4fa8801cf0876b753441c7 
shared-infra-stack | 5/6 | 1:40:43 PM | DELETE_COMPLETE         | AWS::ApiGateway::Deployment                | ApiGatewayTenantApiDeployment4DA0AEAF828333c10b4fa8801cf0876b753441c7 
shared-infra-stack | 6/6 | 1:40:44 PM | UPDATE_COMPLETE         | AWS::CloudFormation::Stack                 | shared-infra-stack 

 ✅  shared-infra-stack

✨  Deployment time: 46.96s

Outputs:
shared-infra-stack.ALBArn = arn:aws:elasticloadbalancing:ap-south-1:257526644020:loadbalancer/app/shared-sbtec-S5N1gfFUgH62/0b463ae8250e0adf
shared-infra-stack.ALBDnsName = internal-shared-sbtec-S5N1gfFUgH62-1909418873.ap-south-1.elb.amazonaws.com
shared-infra-stack.AlbSgId = sg-0dd9b4bb2e2d3b043
shared-infra-stack.ApiGatewayTenantApiEndpointF0F42595 = https://w5ulch7iyf.execute-api.ap-south-1.amazonaws.com/prod/
shared-infra-stack.ApiGatewayUrl = https://w5ulch7iyf.execute-api.ap-south-1.amazonaws.com/prod/
shared-infra-stack.AvailabilityZones = ap-south-1a,ap-south-1b,ap-south-1c
shared-infra-stack.EcsVpcId = vpc-0a5e1a669f077354b
shared-infra-stack.EdforgeEmailIdentitySesDkimCname13CF191C4 = d2y7q5yfxus6wi5324azih6bn6alvddv._domainkey.mail.edforge.app CNAME d2y7q5yfxus6wi5324azih6bn6alvddv.dkim.amazonses.com
shared-infra-stack.EdforgeEmailIdentitySesDkimCname2342C99AB = ncfcvsmqoti3obrrogc65if24znms56k._domainkey.mail.edforge.app CNAME ncfcvsmqoti3obrrogc65if24znms56k.dkim.amazonses.com
shared-infra-stack.EdforgeEmailIdentitySesDkimCname37F0B5318 = 6wxeytgrnkj43wcsgzw73dyvso6g576s._domainkey.mail.edforge.app CNAME 6wxeytgrnkj43wcsgzw73dyvso6g576s.dkim.amazonses.com
shared-infra-stack.EdforgeEmailIdentitySesDmarcF1FC1EAA = _dmarc.mail.edforge.app TXT "v=DMARC1; p=none; rua=mailto:dmarc@edforge.app"
shared-infra-stack.EdforgeEmailIdentitySesMailFromMx4048660E = bounce.mail.edforge.app MX 10 feedback-smtp.ap-south-1.amazonses.com
shared-infra-stack.EdforgeEmailIdentitySesMailFromSpf1C212DB2 = bounce.mail.edforge.app TXT "v=spf1 include:amazonses.com -all"
shared-infra-stack.ExportsOutputFnGetAttTenantMappingTable8521321CArn3DDEA8C7 = arn:aws:dynamodb:ap-south-1:257526644020:table/shared-infra-stack-TenantMappingTable8521321C-96GMWAIFDS9
shared-infra-stack.ExportsOutputFnGetAttadminsiteadminsiteBucketCFEB0FF8Arn668B883E = arn:aws:s3:::adminsitebucket-257526644020-ap-south-1
shared-infra-stack.ExportsOutputFnGetAttadminsiteadminsiteDistributionCB923EF7DomainName0F4425B4 = d13ht6qeozyzvy.cloudfront.net
shared-infra-stack.ExportsOutputFnGetAttsbtecsalbC25444E7LoadBalancerFullName39D4005E = app/shared-sbtec-S5N1gfFUgH62/0b463ae8250e0adf
shared-infra-stack.ExportsOutputRefTenantMappingTable8521321C99BF1CB4 = shared-infra-stack-TenantMappingTable8521321C-96GMWAIFDS9
shared-infra-stack.ExportsOutputRefadminsiteadminsiteBucketCFEB0FF8950F79BC = adminsitebucket-257526644020-ap-south-1
shared-infra-stack.ListenerArn = arn:aws:elasticloadbalancing:ap-south-1:257526644020:listener/app/shared-sbtec-S5N1gfFUgH62/0b463ae8250e0adf/6109deba282e5ac5
shared-infra-stack.PrivSub1RouteId = rtb-09e17f2eaa12ab3d1
shared-infra-stack.PrivSub2RouteId = rtb-0543446ae854ffb56
shared-infra-stack.PrivSub3RouteId = rtb-0f48ccc3cce36348d
shared-infra-stack.PrivateSubnetIds = subnet-00c10890874bd263a,subnet-0fc39b38c67f47cf3,subnet-0aef30cf36cd25103
shared-infra-stack.SesConfigurationSetName = edforge-transactional
shared-infra-stack.SesIdentityName = mail.edforge.app
shared-infra-stack.TenantApiAuthorizerArn = arn:aws:lambda:ap-south-1:257526644020:function:shared-infra-stack-ApiGatewayAuthorizerFunction287-uwe63J51voUg
shared-infra-stack.TenantApiRestApiId = w5ulch7iyf
shared-infra-stack.TenantApiRootResourceId = 2cwdm19324
shared-infra-stack.adminSiteUrl = https://d13ht6qeozyzvy.cloudfront.net
Stack ARN:
arn:aws:cloudformation:ap-south-1:257526644020:stack/shared-infra-stack/455b6dc0-313a-11f1-a86f-063ee1dbb6f1

✨  Total time: 106.23s


==> Finished
    exit:    0
    ended:   2026-06-18T18:40:52Z
