[cdk] env file: .env + .env.prod
CDK NAG:  false
#0 building with "desktop-linux" instance using docker driver

#1 [internal] load build definition from Dockerfile
#1 transferring dockerfile: 1.56kB done
#1 DONE 0.0s

#2 [internal] load metadata for public.ecr.aws/sam/build-python3.10:latest
#2 DONE 0.6s

#3 [internal] load .dockerignore
#3 transferring context: 2B done
#3 DONE 0.0s

#4 [1/2] FROM public.ecr.aws/sam/build-python3.10:latest@sha256:99b54e05bf75a2b9378e5be41b5c96a46c0493e1f7103269560ae90395a3b2ed
#4 resolve public.ecr.aws/sam/build-python3.10:latest@sha256:99b54e05bf75a2b9378e5be41b5c96a46c0493e1f7103269560ae90395a3b2ed done
#4 DONE 0.0s

#5 [2/2] RUN     python -m venv /usr/app/venv &&     mkdir /tmp/pip-cache &&     chmod -R 777 /tmp/pip-cache &&     pip install --upgrade pip &&     mkdir /tmp/poetry-cache &&     chmod -R 777 /tmp/poetry-cache &&     pip install pipenv==2022.4.8 poetry==1.5.1 &&     rm -rf /tmp/pip-cache/* /tmp/poetry-cache/*
#5 CACHED

#6 exporting to image
#6 exporting layers done
#6 exporting manifest sha256:75b52e7a156d49d226382fbf7d49522c7ecc5c99f53b88549d20fdb131fd92d2 done
#6 exporting config sha256:b9085beba4d2c7c4513bdddb59d3f12d9b0c0037826e41adea0b78b00a16ef85 done
#6 exporting attestation manifest sha256:c30b14c0e912af21be791bf5d89ec944dbe18f02e995f8de9160a4d410a4d2b1 done
#6 exporting manifest list sha256:e02f5539ed10a29066de5fe756094dd4848213ee13b753a86765d7db1c4e1a7d done
#6 naming to docker.io/library/cdk-cc00d3c8b7a394c42c1b7f01c426af15484ab3611aaa7dd8dbb441f6fd21c223:latest done
#6 DONE 0.0s

View build details: docker-desktop://dashboard/build/desktop-linux/desktop-linux/riayz9brwlb60rio4726lhxu5
#0 building with "desktop-linux" instance using docker driver

#1 [internal] load build definition from Dockerfile
#1 transferring dockerfile: 1.56kB done
#1 DONE 0.0s

#2 [internal] load metadata for public.ecr.aws/sam/build-python3.10:latest
#2 DONE 0.2s

#3 [internal] load .dockerignore
#3 transferring context: 2B done
#3 DONE 0.0s

#4 [1/2] FROM public.ecr.aws/sam/build-python3.10:latest@sha256:99b54e05bf75a2b9378e5be41b5c96a46c0493e1f7103269560ae90395a3b2ed
#4 resolve public.ecr.aws/sam/build-python3.10:latest@sha256:99b54e05bf75a2b9378e5be41b5c96a46c0493e1f7103269560ae90395a3b2ed done
#4 DONE 0.0s

#5 [2/2] RUN     python -m venv /usr/app/venv &&     mkdir /tmp/pip-cache &&     chmod -R 777 /tmp/pip-cache &&     pip install --upgrade pip &&     mkdir /tmp/poetry-cache &&     chmod -R 777 /tmp/poetry-cache &&     pip install pipenv==2022.4.8 poetry==1.5.1 &&     rm -rf /tmp/pip-cache/* /tmp/poetry-cache/*
#5 CACHED

#6 exporting to image
#6 exporting layers done
#6 exporting manifest sha256:75b52e7a156d49d226382fbf7d49522c7ecc5c99f53b88549d20fdb131fd92d2 done
#6 exporting config sha256:b9085beba4d2c7c4513bdddb59d3f12d9b0c0037826e41adea0b78b00a16ef85 done
#6 exporting attestation manifest sha256:1d0e0576db6e4b26fc8a11988fad2178e749d8bc7da08130974993bf6efe8a1b done
#6 exporting manifest list sha256:20b2f8455ba5160d7b68d22e36f9ec7996f1b12e2a0cadc8cd36c4f994bbdfec done
#6 naming to docker.io/library/cdk-cc00d3c8b7a394c42c1b7f01c426af15484ab3611aaa7dd8dbb441f6fd21c223:latest done
#6 DONE 0.0s

View build details: docker-desktop://dashboard/build/desktop-linux/desktop-linux/4s3nipf7gt6l57uv5krxhnhs8
#0 building with "desktop-linux" instance using docker driver

#1 [internal] load build definition from Dockerfile
#1 transferring dockerfile: 1.56kB done
#1 DONE 0.0s

#2 [internal] load metadata for public.ecr.aws/sam/build-python3.13:latest
#2 DONE 0.6s

#3 [internal] load .dockerignore
#3 transferring context: 2B done
#3 DONE 0.0s

#4 [1/2] FROM public.ecr.aws/sam/build-python3.13:latest@sha256:8ebf0400c3dab990fd61aba26f504402f7a10f5eb9d0a2a679c6d65f772e5c1e
#4 resolve public.ecr.aws/sam/build-python3.13:latest@sha256:8ebf0400c3dab990fd61aba26f504402f7a10f5eb9d0a2a679c6d65f772e5c1e done
#4 DONE 0.0s

#5 [2/2] RUN     python -m venv /usr/app/venv &&     mkdir /tmp/pip-cache &&     chmod -R 777 /tmp/pip-cache &&     pip install --upgrade pip &&     mkdir /tmp/poetry-cache &&     chmod -R 777 /tmp/poetry-cache &&     pip install pipenv==2022.4.8 poetry==1.5.1 &&     rm -rf /tmp/pip-cache/* /tmp/poetry-cache/*
#5 CACHED

#6 exporting to image
#6 exporting layers done
#6 exporting manifest sha256:46aba76cb0d85867af00c0ca630c22cc526023f577d170a3a0724d3060ee4a96 done
#6 exporting config sha256:3462ba557b98b6069701bccadbe2ac6f1d2af95ba73d54b8a48ed1aa1745dde5 done
#6 exporting attestation manifest sha256:f2f21482f996d1e7a76b60d00b992889abd3af6c5c7267cbc61559139f80027a done
#6 exporting manifest list sha256:8eceee56d719263301da9d0c8b9bd700525c066534bfd73ead955cecc8995de3 done
#6 naming to docker.io/library/cdk-b88284e8533f19eb9f4e68a95bb6c02a2133a18e257c811977ee854e4dd1b826:latest done
#6 unpacking to docker.io/library/cdk-b88284e8533f19eb9f4e68a95bb6c02a2133a18e257c811977ee854e4dd1b826:latest done
#6 DONE 0.0s

View build details: docker-desktop://dashboard/build/desktop-linux/desktop-linux/sn3nl35sqzfc8ebqsb09v5u94
#0 building with "desktop-linux" instance using docker driver

#1 [internal] load build definition from Dockerfile
#1 transferring dockerfile: 1.56kB done
#1 DONE 0.0s

#2 [internal] load metadata for public.ecr.aws/sam/build-python3.13:latest
#2 DONE 0.2s

#3 [internal] load .dockerignore
#3 transferring context: 2B done
#3 DONE 0.0s

#4 [1/2] FROM public.ecr.aws/sam/build-python3.13:latest@sha256:8ebf0400c3dab990fd61aba26f504402f7a10f5eb9d0a2a679c6d65f772e5c1e
#4 resolve public.ecr.aws/sam/build-python3.13:latest@sha256:8ebf0400c3dab990fd61aba26f504402f7a10f5eb9d0a2a679c6d65f772e5c1e 0.0s done
#4 DONE 0.0s

#5 [2/2] RUN     python -m venv /usr/app/venv &&     mkdir /tmp/pip-cache &&     chmod -R 777 /tmp/pip-cache &&     pip install --upgrade pip &&     mkdir /tmp/poetry-cache &&     chmod -R 777 /tmp/poetry-cache &&     pip install pipenv==2022.4.8 poetry==1.5.1 &&     rm -rf /tmp/pip-cache/* /tmp/poetry-cache/*
#5 CACHED

#6 exporting to image
#6 exporting layers done
#6 exporting manifest sha256:46aba76cb0d85867af00c0ca630c22cc526023f577d170a3a0724d3060ee4a96 done
#6 exporting config sha256:3462ba557b98b6069701bccadbe2ac6f1d2af95ba73d54b8a48ed1aa1745dde5 done
#6 exporting attestation manifest sha256:2ad7840fd5e0defd6fcf1235bc7ce76c90b94e4efee9baddc503de2a6fe786fa done
#6 exporting manifest list sha256:2d0181925871c10de9204819eee01501fc3cc05fb2669419ad6b395631093af5 done
#6 naming to docker.io/library/cdk-b88284e8533f19eb9f4e68a95bb6c02a2133a18e257c811977ee854e4dd1b826:latest done
#6 unpacking to docker.io/library/cdk-b88284e8533f19eb9f4e68a95bb6c02a2133a18e257c811977ee854e4dd1b826:latest done
#6 DONE 0.0s

View build details: docker-desktop://dashboard/build/desktop-linux/desktop-linux/anfg1j1bv4j3vpik24ajcpw0l
#0 building with "desktop-linux" instance using docker driver

#1 [internal] load build definition from Dockerfile
#1 transferring dockerfile: 1.56kB done
#1 DONE 0.0s

#2 [internal] load metadata for public.ecr.aws/sam/build-python3.13:latest
#2 DONE 0.2s

#3 [internal] load .dockerignore
#3 transferring context: 2B done
#3 DONE 0.0s

#4 [1/2] FROM public.ecr.aws/sam/build-python3.13:latest@sha256:8ebf0400c3dab990fd61aba26f504402f7a10f5eb9d0a2a679c6d65f772e5c1e
#4 resolve public.ecr.aws/sam/build-python3.13:latest@sha256:8ebf0400c3dab990fd61aba26f504402f7a10f5eb9d0a2a679c6d65f772e5c1e done
#4 DONE 0.0s

#5 [2/2] RUN     python -m venv /usr/app/venv &&     mkdir /tmp/pip-cache &&     chmod -R 777 /tmp/pip-cache &&     pip install --upgrade pip &&     mkdir /tmp/poetry-cache &&     chmod -R 777 /tmp/poetry-cache &&     pip install pipenv==2022.4.8 poetry==1.5.1 &&     rm -rf /tmp/pip-cache/* /tmp/poetry-cache/*
#5 CACHED

#6 exporting to image
#6 exporting layers done
#6 exporting manifest sha256:46aba76cb0d85867af00c0ca630c22cc526023f577d170a3a0724d3060ee4a96 done
#6 exporting config sha256:3462ba557b98b6069701bccadbe2ac6f1d2af95ba73d54b8a48ed1aa1745dde5 done
#6 exporting attestation manifest sha256:2972c9be35ed2be31bb11d3296f8369cfa236f68c4659d6721ae11a201248d0e done
#6 exporting manifest list sha256:2d19243955de42e11de5190a73502405d46615e2126fff8fcb9a9bb394679fb0 done
#6 naming to docker.io/library/cdk-b88284e8533f19eb9f4e68a95bb6c02a2133a18e257c811977ee854e4dd1b826:latest done
#6 unpacking to docker.io/library/cdk-b88284e8533f19eb9f4e68a95bb6c02a2133a18e257c811977ee854e4dd1b826:latest done
#6 DONE 0.0s

View build details: docker-desktop://dashboard/build/desktop-linux/desktop-linux/xwkv78kgjx1a3qh3mk3ndc5hs
#0 building with "desktop-linux" instance using docker driver

#1 [internal] load build definition from Dockerfile
#1 transferring dockerfile: 1.56kB done
#1 DONE 0.0s

#2 [internal] load metadata for public.ecr.aws/sam/build-python3.13:latest
#2 DONE 0.1s

#3 [internal] load .dockerignore
#3 transferring context: 2B done
#3 DONE 0.0s

#4 [1/2] FROM public.ecr.aws/sam/build-python3.13:latest@sha256:8ebf0400c3dab990fd61aba26f504402f7a10f5eb9d0a2a679c6d65f772e5c1e
#4 resolve public.ecr.aws/sam/build-python3.13:latest@sha256:8ebf0400c3dab990fd61aba26f504402f7a10f5eb9d0a2a679c6d65f772e5c1e done
#4 DONE 0.0s

#5 [2/2] RUN     python -m venv /usr/app/venv &&     mkdir /tmp/pip-cache &&     chmod -R 777 /tmp/pip-cache &&     pip install --upgrade pip &&     mkdir /tmp/poetry-cache &&     chmod -R 777 /tmp/poetry-cache &&     pip install pipenv==2022.4.8 poetry==1.5.1 &&     rm -rf /tmp/pip-cache/* /tmp/poetry-cache/*
#5 CACHED

#6 exporting to image
#6 exporting layers done
#6 exporting manifest sha256:46aba76cb0d85867af00c0ca630c22cc526023f577d170a3a0724d3060ee4a96 done
#6 exporting config sha256:3462ba557b98b6069701bccadbe2ac6f1d2af95ba73d54b8a48ed1aa1745dde5 done
#6 exporting attestation manifest sha256:470cd9c5a0f5912f6688ea51df2ee14130ef39eae038a30e27fa62ca4f37cff7 done
#6 exporting manifest list sha256:c5bfedd07181b2d25bc125e78cc26a9e54e913e0979683575844c839f392d75a done
#6 naming to docker.io/library/cdk-b88284e8533f19eb9f4e68a95bb6c02a2133a18e257c811977ee854e4dd1b826:latest done
#6 unpacking to docker.io/library/cdk-b88284e8533f19eb9f4e68a95bb6c02a2133a18e257c811977ee854e4dd1b826:latest done
#6 DONE 0.0s

View build details: docker-desktop://dashboard/build/desktop-linux/desktop-linux/qqwz543eh60q9a36cmgp9tz9s
#0 building with "desktop-linux" instance using docker driver

#1 [internal] load build definition from Dockerfile
#1 transferring dockerfile: 1.56kB done
#1 DONE 0.0s

#2 [internal] load metadata for public.ecr.aws/sam/build-python3.13:latest
#2 DONE 0.1s

#3 [internal] load .dockerignore
#3 transferring context: 2B done
#3 DONE 0.0s

#4 [1/2] FROM public.ecr.aws/sam/build-python3.13:latest@sha256:8ebf0400c3dab990fd61aba26f504402f7a10f5eb9d0a2a679c6d65f772e5c1e
#4 resolve public.ecr.aws/sam/build-python3.13:latest@sha256:8ebf0400c3dab990fd61aba26f504402f7a10f5eb9d0a2a679c6d65f772e5c1e done
#4 DONE 0.0s

#5 [2/2] RUN     python -m venv /usr/app/venv &&     mkdir /tmp/pip-cache &&     chmod -R 777 /tmp/pip-cache &&     pip install --upgrade pip &&     mkdir /tmp/poetry-cache &&     chmod -R 777 /tmp/poetry-cache &&     pip install pipenv==2022.4.8 poetry==1.5.1 &&     rm -rf /tmp/pip-cache/* /tmp/poetry-cache/*
#5 CACHED

#6 exporting to image
#6 exporting layers done
#6 exporting manifest sha256:46aba76cb0d85867af00c0ca630c22cc526023f577d170a3a0724d3060ee4a96 done
#6 exporting config sha256:3462ba557b98b6069701bccadbe2ac6f1d2af95ba73d54b8a48ed1aa1745dde5 done
#6 exporting attestation manifest sha256:45a2b55be68915ee390208caf527b16697233e9b53541dd941d72e53afeddf93 done
#6 exporting manifest list sha256:1ecd377b9c6809766d468226ce89d413bd6a33363d9c9fffef0d4c0d8c4db08d done
#6 naming to docker.io/library/cdk-b88284e8533f19eb9f4e68a95bb6c02a2133a18e257c811977ee854e4dd1b826:latest done
#6 unpacking to docker.io/library/cdk-b88284e8533f19eb9f4e68a95bb6c02a2133a18e257c811977ee854e4dd1b826:latest done
#6 DONE 0.0s

View build details: docker-desktop://dashboard/build/desktop-linux/desktop-linux/liycw4qu06mvg35i3zuv4mvdu
#0 building with "desktop-linux" instance using docker driver

#1 [internal] load build definition from Dockerfile
#1 transferring dockerfile: 1.56kB done
#1 DONE 0.0s

#2 [internal] load metadata for public.ecr.aws/sam/build-python3.13:latest
#2 DONE 0.2s

#3 [internal] load .dockerignore
#3 transferring context: 2B done
#3 DONE 0.0s

#4 [1/2] FROM public.ecr.aws/sam/build-python3.13:latest@sha256:8ebf0400c3dab990fd61aba26f504402f7a10f5eb9d0a2a679c6d65f772e5c1e
#4 resolve public.ecr.aws/sam/build-python3.13:latest@sha256:8ebf0400c3dab990fd61aba26f504402f7a10f5eb9d0a2a679c6d65f772e5c1e done
#4 DONE 0.0s

#5 [2/2] RUN     python -m venv /usr/app/venv &&     mkdir /tmp/pip-cache &&     chmod -R 777 /tmp/pip-cache &&     pip install --upgrade pip &&     mkdir /tmp/poetry-cache &&     chmod -R 777 /tmp/poetry-cache &&     pip install pipenv==2022.4.8 poetry==1.5.1 &&     rm -rf /tmp/pip-cache/* /tmp/poetry-cache/*
#5 CACHED

#6 exporting to image
#6 exporting layers done
#6 exporting manifest sha256:46aba76cb0d85867af00c0ca630c22cc526023f577d170a3a0724d3060ee4a96 done
#6 exporting config sha256:3462ba557b98b6069701bccadbe2ac6f1d2af95ba73d54b8a48ed1aa1745dde5 done
#6 exporting attestation manifest sha256:59260bb0afc075278f4d05250a76792748babcf1cc6618bb7f0a8789ab039b31 done
#6 exporting manifest list sha256:abd93236c8161c0765def14536d166b87cce6b2d547cdac3157534c511e91e01 done
#6 naming to docker.io/library/cdk-b88284e8533f19eb9f4e68a95bb6c02a2133a18e257c811977ee854e4dd1b826:latest done
#6 unpacking to docker.io/library/cdk-b88284e8533f19eb9f4e68a95bb6c02a2133a18e257c811977ee854e4dd1b826:latest done
#6 DONE 0.0s

View build details: docker-desktop://dashboard/build/desktop-linux/desktop-linux/qqvzymqub7v2z16qp3en7k2h9
Bundling asset analytics-stack/AggregatorFunction/Code/Stage...

  ...680ee97c4b51bc73e87bb07bad5cc1f2a2d46a95afd22c-building/index.js  157.3kb

⚡ Done in 22ms
Bundling asset analytics-stack/ApiLambda/Code/Stage...

  ...6f8b1afb721c227097b4a9c3d324ffe699d887fe1a1560-building/index.js  814.3kb

⚡ Done in 20ms
Bundling asset analytics-stack/RollupLambda/Function/Code/Stage...

  ...9600391f9433db2c2b6f01a5ae5a36b66c44260f2200385-building/index.js  19.5kb

⚡ Done in 2ms
Bundling asset analytics-stack/IemisJobJanitorLambda/Function/Code/Stage...

  ...ae4e8a3ffefd1a421a18585a86d1501c94719acb2ed4c4f9-building/index.js  6.2kb

⚡ Done in 1ms
Bundling asset analytics-stack/ReportAggregatorLambda/Code/Stage...

  ...d19b482dca17575775fe587e72c6017286fb2a2f15edaa-building/index.js  817.2kb

⚡ Done in 16ms
Bundling asset analytics-stack/ReportingSchedulerLambda/Function/Code/Stage...

  ...48ec99d39363aca8db4855ac75b6cb793f89f116789ea373-building/index.js  5.7kb

⚡ Done in 1ms
Bundling asset tenant-template-stack-basic/CognitoLoginEmitter/Function/Code/Stage...

  ...3e3320b3a8192c1d9e03826c5b6abc1898a66ec552cb0efc-building/index.js  4.1kb

⚡ Done in 2ms
Bundling asset tenant-template-stack-basic/ResultBatchLambda/Code/Stage...

  ...e2c0f5bd85c43b91a66fbc566e52b4a78d1eced0108ef90-building/index.js  17.1kb

⚡ Done in 4ms
Including dependency stacks: shared-infra-stack, controlplane-stack
[Warning at /tenant-template-stack-basic/Vpc] fromVpcAttributes: 'availabilityZones' is a list token: the imported VPC will not work with constructs that require a list of subnets at synthesis time. Use 'Vpc.fromLookup()' or 'Fn.importListValue' instead. [ack: @aws-cdk/aws-ec2:vpcAttributeIsListTokenavailabilityZones]
[Warning at /tenant-template-stack-basic/Vpc] fromVpcAttributes: 'privateSubnetIds' is a list token: the imported VPC will not work with constructs that require a list of subnets at synthesis time. Use 'Vpc.fromLookup()' or 'Fn.importListValue' instead. [ack: @aws-cdk/aws-ec2:vpcAttributeIsListTokenprivateSubnetIds]
[Warning at /tenant-template-stack-basic/Vpc/PrivateSubnet1] No routeTableId was provided to the subnet at 'tenant-template-stack-basic/Vpc/PrivateSubnet1'. Attempting to read its .routeTable.routeTableId will return null/undefined. (More info: https://github.com/aws/aws-cdk/pull/3171) [ack: @aws-cdk/aws-ec2:noSubnetRouteTableId]
[Warning at /tenant-template-stack-basic/identity-TaskDef/identity-container] Proper policies need to be attached before pulling from ECR repository, or use 'fromEcrRepository'. [ack: @aws-cdk/aws-ecs:ecrImageRequiresPolicy]
[Warning at /tenant-template-stack-basic/academics-TaskDef/academics-container] Proper policies need to be attached before pulling from ECR repository, or use 'fromEcrRepository'. [ack: @aws-cdk/aws-ecs:ecrImageRequiresPolicy]
[Warning at /tenant-template-stack-basic/finance-TaskDef/finance-container] Proper policies need to be attached before pulling from ECR repository, or use 'fromEcrRepository'. [ack: @aws-cdk/aws-ecs:ecrImageRequiresPolicy]
[Warning at /tenant-template-stack-basic/rproxy-TaskDef/rproxy-container] Proper policies need to be attached before pulling from ECR repository, or use 'fromEcrRepository'. [ack: @aws-cdk/aws-ecs:ecrImageRequiresPolicy]
start: Building shared-infra-stack Template
success: Built shared-infra-stack Template
start: Publishing shared-infra-stack Template (257526644020-ap-south-1)
success: Published shared-infra-stack Template (257526644020-ap-south-1)
Hold on while we create a read-only change set to get a diff with accurate replacement information (use --method=template to use a less accurate but faster template-only diff)

Stack shared-infra-stack
Resources
[-] AWS::ApiGateway::Deployment ApiGateway/TenantApi/Deployment ApiGatewayTenantApiDeployment4DA0AEAF5f400dd881a81a7556355a30d5a7b1ed destroy
[+] AWS::ApiGateway::Deployment ApiGateway/TenantApi/Deployment ApiGatewayTenantApiDeployment4DA0AEAFa72ed90f634e14566f282888c31bd023
[~] AWS::ApiGateway::RestApi ApiGateway/TenantApi ApiGatewayTenantApiF5CE34AA
 └─ [~] BodyS3Location
     └─ [~] .Key:
         ├─ [-] 6e84bd2edf5cef1219c7cde06ea86c7d0fe1c0f75d493869d9dfa6ed60cce76c.json
         └─ [+] 63c3d4b0ff6e9ccc005d346d71c6df4006f0eb0224960afd5150ddd2430314f1.json
[~] AWS::ApiGateway::Stage ApiGateway/TenantApi/DeploymentStage.prod ApiGatewayTenantApiDeploymentStageprod5419DFE5
 └─ [~] DeploymentId
     └─ [~] .Ref:
         ├─ [-] ApiGatewayTenantApiDeployment4DA0AEAF5f400dd881a81a7556355a30d5a7b1ed
         └─ [+] ApiGatewayTenantApiDeployment4DA0AEAFa72ed90f634e14566f282888c31bd023

Omitted 2 changes because they are likely mangled non-ASCII characters. Use --strict to print them.

start: Building controlplane-stack Template
success: Built controlplane-stack Template
start: Publishing controlplane-stack Template (257526644020-ap-south-1)
success: Published controlplane-stack Template (257526644020-ap-south-1)
Hold on while we create a read-only change set to get a diff with accurate replacement information (use --method=template to use a less accurate but faster template-only diff)

Stack controlplane-stack
There were no differences

start: Building EcsCluster Nested Stack Template
success: Built EcsCluster Nested Stack Template
start: Publishing EcsCluster Nested Stack Template (257526644020-ap-south-1)
success: Published EcsCluster Nested Stack Template (257526644020-ap-south-1)
start: Building tenant-template-stack-basic Template
success: Built tenant-template-stack-basic Template
start: Publishing tenant-template-stack-basic Template (257526644020-ap-south-1)
success: Published tenant-template-stack-basic Template (257526644020-ap-south-1)
Hold on while we create a read-only change set to get a diff with accurate replacement information (use --method=template to use a less accurate but faster template-only diff)

Stack tenant-template-stack-basic
IAM Statement Changes
┌───┬──────────────────────────────────────────────────────────────────────────────────────────────┬────────┬─────────────────┬──────────────────────────┬───────────┐
│   │ Resource                                                                                     │ Effect │ Action          │ Principal                │ Condition │
├───┼──────────────────────────────────────────────────────────────────────────────────────────────┼────────┼─────────────────┼──────────────────────────┼───────────┤
│ + │ arn:aws:s3:::edforge-pdf-assets-257526644020-ap-south-1/tenants/${aws:PrincipalTag/tenant}/* │ Allow  │ s3:DeleteObject │ AWS:${identity-ABACRole} │           │
│   │                                                                                              │        │ s3:GetObject    │                          │           │
│   │                                                                                              │        │ s3:PutObject    │                          │           │
└───┴──────────────────────────────────────────────────────────────────────────────────────────────┴────────┴─────────────────┴──────────────────────────┴───────────┘
(NOTE: There may be security-related changes not in this list. See https://github.com/aws/aws-cdk/issues/1299)

Resources
[+] AWS::IAM::Policy identity-ABACRole/DefaultPolicy identityABACRoleDefaultPolicyB07922BD
[~] AWS::ECS::TaskDefinition identity-TaskDef identityTaskDef4E17C112 replace
 └─ [~] ContainerDefinitions (requires replacement)
     └─ @@ -47,6 +47,10 @@
        [ ]   "Value": "true"
        [ ] },
        [ ] {
        [+]   "Name": "PDF_ASSETS_BUCKET",
        [+]   "Value": "edforge-pdf-assets-257526644020-ap-south-1"
        [+] },
        [+] {
        [ ]   "Name": "IAM_ROLE_ARN",
        [ ]   "Value": {
        [ ]     "Fn::GetAtt": [
[~] Custom::AWS CreateTenantMapping/Resource CreateTenantMappingA61F466B may be replaced
 ├─ [~] Create (may cause replacement)
 │   └─ [~] .Fn::Join:
 │       └─ @@ -5,6 +5,6 @@
 │          [ ]     {
 │          [ ]       "Fn::ImportValue": "shared-infra-stack:ExportsOutputRefTenantMappingTable8521321C99BF1CB4"
 │          [ ]     },
 │          [-]     "\",\"Item\":{\"tenantId\":{\"S\":\"basic\"},\"stackName\":{\"S\":\"tenant-template-stack-basic\"},\"codeCommitId\":{\"S\":\"33b600b\"},\"waveNumber\":{\"S\":\"1\"}}}}"
 │          [+]     "\",\"Item\":{\"tenantId\":{\"S\":\"basic\"},\"stackName\":{\"S\":\"tenant-template-stack-basic\"},\"codeCommitId\":{\"S\":\"f0c1f1d\"},\"waveNumber\":{\"S\":\"1\"}}}}"
 │          [ ]   ]
 │          [ ] ]
 └─ [~] Update (may cause replacement)
     └─ [~] .Fn::Join:
         └─ @@ -5,6 +5,6 @@
            [ ]     {
            [ ]       "Fn::ImportValue": "shared-infra-stack:ExportsOutputRefTenantMappingTable8521321C99BF1CB4"
            [ ]     },
            [-]     "\",\"Key\":{\"tenantId\":{\"S\":\"basic\"}},\"UpdateExpression\":\"set codeCommitId = :codeCommitId\",\"ExpressionAttributeValues\":{\":codeCommitId\":{\"S\":\"33b600b\"}}}}"
            [+]     "\",\"Key\":{\"tenantId\":{\"S\":\"basic\"}},\"UpdateExpression\":\"set codeCommitId = :codeCommitId\",\"ExpressionAttributeValues\":{\":codeCommitId\":{\"S\":\"f0c1f1d\"}}}}"
            [ ]   ]
            [ ] ]

Outputs
[~] Output S3SourceVersion S3SourceVersion: {"Value":"33b600b"} to {"Value":"f0c1f1d"}

Stack tenant-template-stack-basic-EcsClusterNestedStackEcsClusterNestedStackResource0624F17C-B7FSVE2GNNSC
Conditions
[-] Condition CDKMetadataAvailable: {"Fn::Or":[{"Fn::Or":[{"Fn::Equals":[{"Ref":"AWS::Region"},"af-south-1"]},{"Fn::Equals":[{"Ref":"AWS::Region"},"ap-east-1"]},{"Fn::Equals":[{"Ref":"AWS::Region"},"ap-northeast-1"]},{"Fn::Equals":[{"Ref":"AWS::Region"},"ap-northeast-2"]},{"Fn::Equals":[{"Ref":"AWS::Region"},"ap-northeast-3"]},{"Fn::Equals":[{"Ref":"AWS::Region"},"ap-south-1"]},{"Fn::Equals":[{"Ref":"AWS::Region"},"ap-south-2"]},{"Fn::Equals":[{"Ref":"AWS::Region"},"ap-southeast-1"]},{"Fn::Equals":[{"Ref":"AWS::Region"},"ap-southeast-2"]},{"Fn::Equals":[{"Ref":"AWS::Region"},"ap-southeast-3"]}]},{"Fn::Or":[{"Fn::Equals":[{"Ref":"AWS::Region"},"ap-southeast-4"]},{"Fn::Equals":[{"Ref":"AWS::Region"},"ca-central-1"]},{"Fn::Equals":[{"Ref":"AWS::Region"},"ca-west-1"]},{"Fn::Equals":[{"Ref":"AWS::Region"},"cn-north-1"]},{"Fn::Equals":[{"Ref":"AWS::Region"},"cn-northwest-1"]},{"Fn::Equals":[{"Ref":"AWS::Region"},"eu-central-1"]},{"Fn::Equals":[{"Ref":"AWS::Region"},"eu-central-2"]},{"Fn::Equals":[{"Ref":"AWS::Region"},"eu-north-1"]},{"Fn::Equals":[{"Ref":"AWS::Region"},"eu-south-1"]},{"Fn::Equals":[{"Ref":"AWS::Region"},"eu-south-2"]}]},{"Fn::Or":[{"Fn::Equals":[{"Ref":"AWS::Region"},"eu-west-1"]},{"Fn::Equals":[{"Ref":"AWS::Region"},"eu-west-2"]},{"Fn::Equals":[{"Ref":"AWS::Region"},"eu-west-3"]},{"Fn::Equals":[{"Ref":"AWS::Region"},"il-central-1"]},{"Fn::Equals":[{"Ref":"AWS::Region"},"me-central-1"]},{"Fn::Equals":[{"Ref":"AWS::Region"},"me-south-1"]},{"Fn::Equals":[{"Ref":"AWS::Region"},"sa-east-1"]},{"Fn::Equals":[{"Ref":"AWS::Region"},"us-east-1"]},{"Fn::Equals":[{"Ref":"AWS::Region"},"us-east-2"]},{"Fn::Equals":[{"Ref":"AWS::Region"},"us-west-1"]}]},{"Fn::Equals":[{"Ref":"AWS::Region"},"us-west-2"]}]}



✨  Number of stacks with differences: 3

