smoke log: docs/deploys/prod-smoke-c-0-7-branding-20260524-231947-2ce4a26.log
schoolId: 3c28654f-c623-449b-8211-67c729784d37

=== STEP 1: GET /schools/{id}/branding (expect 200, branding:null) ===
HTTP 200
{"branding":null}

=== STEP 2: POST upload-url (expect 200 + presigned PUT URL) ===
HTTP 200
{
    "uploadUrl": "https://edforge-pdf-assets-257526644020-ap-south-1.s3.ap-south-1.amazonaws.com/tenants/21aea5da-511f-4dfa-a6f2-6971f63a719f/schools/3c28654f-c623-449b-8211-67c729784d37/branding/logo/ab2f482e-1b41-4dcb-a83f-925b9a3bd7dc.png?X-Amz-Algorithm=AWS4-HMAC-SHA256&X-Amz-Content-Sha256=UNSIGNED-PAYLOAD&X-Amz-Credential=ASIATX5OIXU2BWDY4VMM%2F20260525%2Fap-south-1%2Fs3%2Faws4_request&X-Amz-Date=20260525T041951Z&X-Amz-Expires=300&X-Amz-Security-Token=IQoJb3JpZ2luX2VjEJT%2F%2F%2F%2F%2F%2F%2F%2F%2F%2FwEaCmFwLXNvdXRoLTEiSDBGAiEAkgSg9%2BCj%2BVPbHYgXKjH5MdP%2BQu2Kvg486TCgo6z02AMCIQCGOhgg22Tts9EgKr0FS3nxZ85rJU6SyW%2Fluy%2FjP9UVyirKAghdEAAaDDI1NzUyNjY0NDAyMCIMZum7zVPDrX0Bf9jyKqcCFWRwJAxNgfBsQLy7GEQd9nTQTR9CbJFe5nyAI2FwIccPnualPKbTqOgnaV7JzeiqsZ6fDj8c1UCE1jREjRJFTuWirNb1fyz1f%2F7VpKuuu8OYdoGolWrg00KSwek%2F5nualo4djmjiFcQHhDIiOuW1zsRHbTGE8%2FwYcFwnTbPSRLr0amdca%2F7%2FT%2BIDji9Z9KCPUIMwwhII%2BoLL3DrfD2rXYaLNVA1T8Y7VZocdkIn8bukPy0VSjX4HqlUBdSwOaG%2By2k3ql%2BjjzcvljggAB2k%2FIQJNz09IrRULL2ebUNznUH4IgHlsh9RYWgeeXPh5S9J4GtD9JDZ7AqCMdwrs4DvRZhr5a7x6GbNLxb5IkdMgnrJm93iREoSBOYqDoeXeU%2FbTGv4bRyNSbDDnm8%2FQBjqcAQO%2BPTu0L0RJvmcYHeVOAFt1nPIMXeFHrF0XnJGGf9CckTKOE3YsN1Pl2ag9ZPjEQaIh5keGsnB6S8%2F%2BqUrJHhz5b%2FSbiffHpuTz%2Br%2BTBSFnEiZ3YHvEmo3VzhW%2B8oFYPrrUYXBV3RgNEuDehJ8oSkhDqTontZ7S3PnkFmflXBbABbuf%2BvqIV4Wzwn6AT4tfKvpu8WI0bsDOUfOkEA%3D%3D&X-Amz-Signature=5ad0eceb81f9f45cc963b4ca94b8e7f60f896f4e7e41b63c12354ef93131b7b4&X-Amz-SignedHeaders=content-length%3Bhost&x-amz-checksum-crc32=AAAAAA%3D%3D&x-amz-sdk-checksum-algorithm=CRC32&x-id=PutObject",
    "key": "tenants/21aea5da-511f-4dfa-a6f2-6971f63a719f/schools/3c28654f-c623-449b-8211-67c729784d37/branding/logo/ab2f482e-1b41-4dcb-a83f-925b9a3bd7dc.png",
    "expiresInSeconds": 300
}

extracted key: tenants/21aea5da-511f-4dfa-a6f2-6971f63a719f/schools/3c28654f-c623-449b-8211-67c729784d37/branding/logo/ab2f482e-1b41-4dcb-a83f-925b9a3bd7dc.png
extracted url prefix: https://edforge-pdf-assets-257526644020-ap-south-1.s3.ap-south-1.amazonaws.com/t...

=== STEP 3: PUT to presigned URL (upload PNG, expect 200) ===
HTTP 200 (s3 etag: "3e17337b1bab8fca8d1d4909c8ec4f68")


=== STEP 4: PATCH /branding with logoS3Key (expect 200 + brandingVersionId) ===
HTTP 200
{
    "branding": {
        "formalName": "Sunshine Private Academy \u2014 Smoke Test",
        "logoS3Key": "tenants/21aea5da-511f-4dfa-a6f2-6971f63a719f/schools/3c28654f-c623-449b-8211-67c729784d37/branding/logo/ab2f482e-1b41-4dcb-a83f-925b9a3bd7dc.png",
        "colorPalette": {
            "primary": "#1F4E79",
            "accent": "#FFC000"
        },
        "brandingVersionId": "0272d227-db2e-45d5-a43e-7b56d09f36d0"
    }
}


=== STEP 5: GET /branding (expect 200 + reflects PATCH) ===
HTTP 200
{
    "branding": {
        "formalName": "Sunshine Private Academy \u2014 Smoke Test",
        "logoS3Key": "tenants/21aea5da-511f-4dfa-a6f2-6971f63a719f/schools/3c28654f-c623-449b-8211-67c729784d37/branding/logo/ab2f482e-1b41-4dcb-a83f-925b9a3bd7dc.png",
        "brandingVersionId": "0272d227-db2e-45d5-a43e-7b56d09f36d0",
        "colorPalette": {
            "accent": "#FFC000",
            "primary": "#1F4E79"
        }
    }
}

