[cdk] env file: .env + .env.prod
CDK NAG:  false
#0 building with "desktop-linux" instance using docker driver

#1 [internal] load build definition from Dockerfile
#1 transferring dockerfile: 1.56kB done
#1 DONE 0.0s

#2 [internal] load metadata for public.ecr.aws/sam/build-python3.10:latest
#2 DONE 0.7s

#3 [internal] load .dockerignore
#3 transferring context: 2B done
#3 DONE 0.0s

#4 [1/2] FROM public.ecr.aws/sam/build-python3.10:latest@sha256:2421fe882644e88ff4d0d10f0147f8a1671a84c475da6eeaee59e61b4b3d307f
#4 resolve public.ecr.aws/sam/build-python3.10:latest@sha256:2421fe882644e88ff4d0d10f0147f8a1671a84c475da6eeaee59e61b4b3d307f done
#4 DONE 0.0s

#5 [2/2] RUN     python -m venv /usr/app/venv &&     mkdir /tmp/pip-cache &&     chmod -R 777 /tmp/pip-cache &&     pip install --upgrade pip &&     mkdir /tmp/poetry-cache &&     chmod -R 777 /tmp/poetry-cache &&     pip install pipenv==2022.4.8 poetry==1.5.1 &&     rm -rf /tmp/pip-cache/* /tmp/poetry-cache/*
#5 CACHED

#6 exporting to image
#6 exporting layers done
#6 exporting manifest sha256:51513a9b0014c33907038e04a6966341582349788f94478c8d4e2dac4b062442 done
#6 exporting config sha256:cebb20296a30cbe48d609d89fef25ef93ea52f2d321f34d5c83e7fd2f2565123 done
#6 exporting attestation manifest sha256:bfffb29e309d07caecb7ea429571ab12fc7692a312a61c36d5c7b6032919d206 done
#6 exporting manifest list sha256:e630771234b9e6e9022840d7cbaf0bceb49f511d467a6aa9ecc3ecaddf018b65 done
#6 naming to docker.io/library/cdk-cc00d3c8b7a394c42c1b7f01c426af15484ab3611aaa7dd8dbb441f6fd21c223:latest done
#6 DONE 0.1s

View build details: docker-desktop://dashboard/build/desktop-linux/desktop-linux/5gmy7gu1n51w9m66y7h1m5cg3
#0 building with "desktop-linux" instance using docker driver

#1 [internal] load build definition from Dockerfile
#1 transferring dockerfile: 1.56kB done
#1 DONE 0.0s

#2 [internal] load metadata for public.ecr.aws/sam/build-python3.10:latest
#2 DONE 0.2s

#3 [internal] load .dockerignore
#3 transferring context: 2B done
#3 DONE 0.0s

#4 [1/2] FROM public.ecr.aws/sam/build-python3.10:latest@sha256:2421fe882644e88ff4d0d10f0147f8a1671a84c475da6eeaee59e61b4b3d307f
#4 resolve public.ecr.aws/sam/build-python3.10:latest@sha256:2421fe882644e88ff4d0d10f0147f8a1671a84c475da6eeaee59e61b4b3d307f 0.0s done
#4 DONE 0.0s

#5 [2/2] RUN     python -m venv /usr/app/venv &&     mkdir /tmp/pip-cache &&     chmod -R 777 /tmp/pip-cache &&     pip install --upgrade pip &&     mkdir /tmp/poetry-cache &&     chmod -R 777 /tmp/poetry-cache &&     pip install pipenv==2022.4.8 poetry==1.5.1 &&     rm -rf /tmp/pip-cache/* /tmp/poetry-cache/*
#5 CACHED

#6 exporting to image
#6 exporting layers done
#6 exporting manifest sha256:51513a9b0014c33907038e04a6966341582349788f94478c8d4e2dac4b062442 done
#6 exporting config sha256:cebb20296a30cbe48d609d89fef25ef93ea52f2d321f34d5c83e7fd2f2565123 done
#6 exporting attestation manifest sha256:fdcf24323db778f5a672566539169d4234f293cfc5d78232cfe745cf347d69b1 0.0s done
#6 exporting manifest list sha256:c446b36dab52ec60004596aa70dadd2681f9d01651afd9a9fefde5e399073023 done
#6 naming to docker.io/library/cdk-cc00d3c8b7a394c42c1b7f01c426af15484ab3611aaa7dd8dbb441f6fd21c223:latest done
#6 DONE 0.1s

View build details: docker-desktop://dashboard/build/desktop-linux/desktop-linux/tl9801hoqtvq095dro8sxym8h
#0 building with "desktop-linux" instance using docker driver

#1 [internal] load build definition from Dockerfile
#1 transferring dockerfile: 1.56kB done
#1 DONE 0.0s

#2 [internal] load metadata for public.ecr.aws/sam/build-python3.13:latest
#2 DONE 0.6s

#3 [internal] load .dockerignore
#3 transferring context: 2B done
#3 DONE 0.0s

#4 [1/2] FROM public.ecr.aws/sam/build-python3.13:latest@sha256:be015b4dbfce398c76feb589c307073a48aed25b6accee4db41a481b78a490d2
#4 resolve public.ecr.aws/sam/build-python3.13:latest@sha256:be015b4dbfce398c76feb589c307073a48aed25b6accee4db41a481b78a490d2 done
#4 DONE 0.0s

#5 [2/2] RUN     python -m venv /usr/app/venv &&     mkdir /tmp/pip-cache &&     chmod -R 777 /tmp/pip-cache &&     pip install --upgrade pip &&     mkdir /tmp/poetry-cache &&     chmod -R 777 /tmp/poetry-cache &&     pip install pipenv==2022.4.8 poetry==1.5.1 &&     rm -rf /tmp/pip-cache/* /tmp/poetry-cache/*
#5 CACHED

#6 exporting to image
#6 exporting layers done
#6 exporting manifest sha256:13a6185e9271e933a5926f5f04489192d9d49ecbda1c6a8b2e36faa8b723a624 done
#6 exporting config sha256:ad9568a79883661f5b7399d87b99e718e47d93a37496672ce3cc3493c7a813e1 done
#6 exporting attestation manifest sha256:fcb468a84677bcfb593e6b6ed7aad791ad53469c67a6009e0c9d2ad67acf17f8 done
#6 exporting manifest list sha256:c5fe01cd363770af525cb31016091e22401eb0ba2c3d73706ba9725f3c1ae1c1 done
#6 naming to docker.io/library/cdk-b88284e8533f19eb9f4e68a95bb6c02a2133a18e257c811977ee854e4dd1b826:latest done
#6 unpacking to docker.io/library/cdk-b88284e8533f19eb9f4e68a95bb6c02a2133a18e257c811977ee854e4dd1b826:latest done
#6 DONE 0.1s

View build details: docker-desktop://dashboard/build/desktop-linux/desktop-linux/pmqywwmp5t0444wx0ifru9lu0
#0 building with "desktop-linux" instance using docker driver

#1 [internal] load build definition from Dockerfile
#1 transferring dockerfile: 1.56kB done
#1 DONE 0.0s

#2 [internal] load metadata for public.ecr.aws/sam/build-python3.13:latest
#2 DONE 0.2s

#3 [internal] load .dockerignore
#3 transferring context: 2B done
#3 DONE 0.0s

#4 [1/2] FROM public.ecr.aws/sam/build-python3.13:latest@sha256:be015b4dbfce398c76feb589c307073a48aed25b6accee4db41a481b78a490d2
#4 resolve public.ecr.aws/sam/build-python3.13:latest@sha256:be015b4dbfce398c76feb589c307073a48aed25b6accee4db41a481b78a490d2 0.0s done
#4 DONE 0.0s

#5 [2/2] RUN     python -m venv /usr/app/venv &&     mkdir /tmp/pip-cache &&     chmod -R 777 /tmp/pip-cache &&     pip install --upgrade pip &&     mkdir /tmp/poetry-cache &&     chmod -R 777 /tmp/poetry-cache &&     pip install pipenv==2022.4.8 poetry==1.5.1 &&     rm -rf /tmp/pip-cache/* /tmp/poetry-cache/*
#5 CACHED

#6 exporting to image
#6 exporting layers done
#6 exporting manifest sha256:13a6185e9271e933a5926f5f04489192d9d49ecbda1c6a8b2e36faa8b723a624 done
#6 exporting config sha256:ad9568a79883661f5b7399d87b99e718e47d93a37496672ce3cc3493c7a813e1 done
#6 exporting attestation manifest sha256:af43734a623ed2ea3a8ccf40a01843c3d573bbe9e0f688ce3cb06bfc32e21914 0.0s done
#6 exporting manifest list sha256:855d743661fd8079899ce8654f58a83e26a8b9e6db2229cb29846dfde99bd25a done
#6 naming to docker.io/library/cdk-b88284e8533f19eb9f4e68a95bb6c02a2133a18e257c811977ee854e4dd1b826:latest done
#6 unpacking to docker.io/library/cdk-b88284e8533f19eb9f4e68a95bb6c02a2133a18e257c811977ee854e4dd1b826:latest 0.0s done
#6 DONE 0.1s

View build details: docker-desktop://dashboard/build/desktop-linux/desktop-linux/qvxfd0tzank2phq7tmpqseu7b
#0 building with "desktop-linux" instance using docker driver

#1 [internal] load build definition from Dockerfile
#1 transferring dockerfile: 1.56kB done
#1 DONE 0.0s

#2 [internal] load metadata for public.ecr.aws/sam/build-python3.13:latest
#2 DONE 0.1s

#3 [internal] load .dockerignore
#3 transferring context: 2B done
#3 DONE 0.0s

#4 [1/2] FROM public.ecr.aws/sam/build-python3.13:latest@sha256:be015b4dbfce398c76feb589c307073a48aed25b6accee4db41a481b78a490d2
#4 resolve public.ecr.aws/sam/build-python3.13:latest@sha256:be015b4dbfce398c76feb589c307073a48aed25b6accee4db41a481b78a490d2 0.0s done
#4 DONE 0.0s

#5 [2/2] RUN     python -m venv /usr/app/venv &&     mkdir /tmp/pip-cache &&     chmod -R 777 /tmp/pip-cache &&     pip install --upgrade pip &&     mkdir /tmp/poetry-cache &&     chmod -R 777 /tmp/poetry-cache &&     pip install pipenv==2022.4.8 poetry==1.5.1 &&     rm -rf /tmp/pip-cache/* /tmp/poetry-cache/*
#5 CACHED

#6 exporting to image
#6 exporting layers done
#6 exporting manifest sha256:13a6185e9271e933a5926f5f04489192d9d49ecbda1c6a8b2e36faa8b723a624 done
#6 exporting config sha256:ad9568a79883661f5b7399d87b99e718e47d93a37496672ce3cc3493c7a813e1 done
#6 exporting attestation manifest sha256:7deae76d04b7bc81b0826357e249d53afca4ec9c3e09dc076c90b6e82358cc4a done
#6 exporting manifest list sha256:29a1d9c37e78d6911f79dbae1a2689b366e50bac62d99c20f46aacc29b4eb8ba done
#6 naming to docker.io/library/cdk-b88284e8533f19eb9f4e68a95bb6c02a2133a18e257c811977ee854e4dd1b826:latest done
#6 unpacking to docker.io/library/cdk-b88284e8533f19eb9f4e68a95bb6c02a2133a18e257c811977ee854e4dd1b826:latest done
#6 DONE 0.0s

View build details: docker-desktop://dashboard/build/desktop-linux/desktop-linux/3fc159xhqy5awl7j4dgi5fxls
#0 building with "desktop-linux" instance using docker driver

#1 [internal] load build definition from Dockerfile
#1 transferring dockerfile: 1.56kB done
#1 DONE 0.0s

#2 [internal] load metadata for public.ecr.aws/sam/build-python3.13:latest
#2 DONE 0.2s

#3 [internal] load .dockerignore
#3 transferring context: 2B done
#3 DONE 0.0s

#4 [1/2] FROM public.ecr.aws/sam/build-python3.13:latest@sha256:be015b4dbfce398c76feb589c307073a48aed25b6accee4db41a481b78a490d2
#4 resolve public.ecr.aws/sam/build-python3.13:latest@sha256:be015b4dbfce398c76feb589c307073a48aed25b6accee4db41a481b78a490d2 done
#4 DONE 0.0s

#5 [2/2] RUN     python -m venv /usr/app/venv &&     mkdir /tmp/pip-cache &&     chmod -R 777 /tmp/pip-cache &&     pip install --upgrade pip &&     mkdir /tmp/poetry-cache &&     chmod -R 777 /tmp/poetry-cache &&     pip install pipenv==2022.4.8 poetry==1.5.1 &&     rm -rf /tmp/pip-cache/* /tmp/poetry-cache/*
#5 CACHED

#6 exporting to image
#6 exporting layers done
#6 exporting manifest sha256:13a6185e9271e933a5926f5f04489192d9d49ecbda1c6a8b2e36faa8b723a624 done
#6 exporting config sha256:ad9568a79883661f5b7399d87b99e718e47d93a37496672ce3cc3493c7a813e1 done
#6 exporting attestation manifest sha256:39153d5f664d44e665687cc1d245dffab564bb9b0a80fd96bcbaee0f5a991403 done
#6 exporting manifest list sha256:9d7bab5d135b3088360a353fbd8e58d8bfe63cc95ed312d0a1ecfb78fa942f73 done
#6 naming to docker.io/library/cdk-b88284e8533f19eb9f4e68a95bb6c02a2133a18e257c811977ee854e4dd1b826:latest done
#6 unpacking to docker.io/library/cdk-b88284e8533f19eb9f4e68a95bb6c02a2133a18e257c811977ee854e4dd1b826:latest done
#6 DONE 0.0s

View build details: docker-desktop://dashboard/build/desktop-linux/desktop-linux/qlvwlq8ke0hpyyjbua3lm3on3
#0 building with "desktop-linux" instance using docker driver

#1 [internal] load build definition from Dockerfile
#1 transferring dockerfile: 1.56kB done
#1 DONE 0.0s

#2 [internal] load metadata for public.ecr.aws/sam/build-python3.13:latest
#2 DONE 0.1s

#3 [internal] load .dockerignore
#3 transferring context: 2B done
#3 DONE 0.0s

#4 [1/2] FROM public.ecr.aws/sam/build-python3.13:latest@sha256:be015b4dbfce398c76feb589c307073a48aed25b6accee4db41a481b78a490d2
#4 resolve public.ecr.aws/sam/build-python3.13:latest@sha256:be015b4dbfce398c76feb589c307073a48aed25b6accee4db41a481b78a490d2 done
#4 DONE 0.0s

#5 [2/2] RUN     python -m venv /usr/app/venv &&     mkdir /tmp/pip-cache &&     chmod -R 777 /tmp/pip-cache &&     pip install --upgrade pip &&     mkdir /tmp/poetry-cache &&     chmod -R 777 /tmp/poetry-cache &&     pip install pipenv==2022.4.8 poetry==1.5.1 &&     rm -rf /tmp/pip-cache/* /tmp/poetry-cache/*
#5 CACHED

#6 exporting to image
#6 exporting layers done
#6 exporting manifest sha256:13a6185e9271e933a5926f5f04489192d9d49ecbda1c6a8b2e36faa8b723a624 done
#6 exporting config sha256:ad9568a79883661f5b7399d87b99e718e47d93a37496672ce3cc3493c7a813e1 done
#6 exporting attestation manifest sha256:65bf99896853e8fa5036268dca358cabade7a681091f75755009aa4fe072c43d done
#6 exporting manifest list sha256:9434c84e0adc377adc07b5075fe66d282d9bf91d249f5988cc070c9a65b720ce done
#6 naming to docker.io/library/cdk-b88284e8533f19eb9f4e68a95bb6c02a2133a18e257c811977ee854e4dd1b826:latest done
#6 unpacking to docker.io/library/cdk-b88284e8533f19eb9f4e68a95bb6c02a2133a18e257c811977ee854e4dd1b826:latest done
#6 DONE 0.0s

View build details: docker-desktop://dashboard/build/desktop-linux/desktop-linux/umub8lmqwcflmhjbh0qp3ad4r
#0 building with "desktop-linux" instance using docker driver

#1 [internal] load build definition from Dockerfile
#1 transferring dockerfile: 1.56kB done
#1 DONE 0.0s

#2 [internal] load metadata for public.ecr.aws/sam/build-python3.13:latest
#2 DONE 0.2s

#3 [internal] load .dockerignore
#3 transferring context: 2B done
#3 DONE 0.0s

#4 [1/2] FROM public.ecr.aws/sam/build-python3.13:latest@sha256:be015b4dbfce398c76feb589c307073a48aed25b6accee4db41a481b78a490d2
#4 resolve public.ecr.aws/sam/build-python3.13:latest@sha256:be015b4dbfce398c76feb589c307073a48aed25b6accee4db41a481b78a490d2 done
#4 DONE 0.0s

#5 [2/2] RUN     python -m venv /usr/app/venv &&     mkdir /tmp/pip-cache &&     chmod -R 777 /tmp/pip-cache &&     pip install --upgrade pip &&     mkdir /tmp/poetry-cache &&     chmod -R 777 /tmp/poetry-cache &&     pip install pipenv==2022.4.8 poetry==1.5.1 &&     rm -rf /tmp/pip-cache/* /tmp/poetry-cache/*
#5 CACHED

#6 exporting to image
#6 exporting layers done
#6 exporting manifest sha256:13a6185e9271e933a5926f5f04489192d9d49ecbda1c6a8b2e36faa8b723a624 done
#6 exporting config sha256:ad9568a79883661f5b7399d87b99e718e47d93a37496672ce3cc3493c7a813e1 done
#6 exporting attestation manifest sha256:9bc40c4554b49690953987880e8ff49ce6378ff29d09680c6de7abe61ad0ab64 done
#6 exporting manifest list sha256:d0f79aedb4a9765c696a40629deabf3a377123943d815d33009ce540bcf09580 done
#6 naming to docker.io/library/cdk-b88284e8533f19eb9f4e68a95bb6c02a2133a18e257c811977ee854e4dd1b826:latest done
#6 unpacking to docker.io/library/cdk-b88284e8533f19eb9f4e68a95bb6c02a2133a18e257c811977ee854e4dd1b826:latest done
#6 DONE 0.0s

View build details: docker-desktop://dashboard/build/desktop-linux/desktop-linux/mzi1f30gco1bnd7q40gy6p5ml
Bundling asset analytics-stack/AggregatorFunction/Code/Stage...

  ...680ee97c4b51bc73e87bb07bad5cc1f2a2d46a95afd22c-building/index.js  155.7kb

⚡ Done in 36ms
Bundling asset analytics-stack/ApiLambda/Code/Stage...

  ...6f8b1afb721c227097b4a9c3d324ffe699d887fe1a1560-building/index.js  675.0kb

⚡ Done in 24ms
Bundling asset analytics-stack/RollupLambda/Function/Code/Stage...

  ...9600391f9433db2c2b6f01a5ae5a36b66c44260f2200385-building/index.js  19.5kb

⚡ Done in 6ms
Bundling asset tenant-template-stack-basic/CognitoLoginEmitter/Function/Code/Stage...

  ...3e3320b3a8192c1d9e03826c5b6abc1898a66ec552cb0efc-building/index.js  4.1kb

⚡ Done in 3ms
Including dependency stacks: analytics-stack, controlplane-stack, shared-infra-stack
start: Building shared-infra-stack Template
success: Built shared-infra-stack Template
start: Publishing shared-infra-stack Template (current_account-current_region)
success: Published shared-infra-stack Template (current_account-current_region)
Hold on while we create a read-only change set to get a diff with accurate replacement information (use --method=template to use a less accurate but faster template-only diff)

Stack shared-infra-stack
Resources
[~] AWS::DynamoDB::Table TenantMappingTable TenantMappingTable8521321C
 └─ [+] DeletionProtectionEnabled
     └─ true

Omitted 2 changes because they are likely mangled non-ASCII characters. Use --strict to print them.

start: Building controlplane-stack Template
success: Built controlplane-stack Template
start: Publishing controlplane-stack Template (current_account-current_region)
success: Published controlplane-stack Template (current_account-current_region)
Hold on while we create a read-only change set to get a diff with accurate replacement information (use --method=template to use a less accurate but faster template-only diff)

Stack controlplane-stack
Resources
[~] AWS::Cognito::UserPool CognitoAuth/UserPool CognitoAuthUserPool9F7F9231
 └─ [+] DeletionProtection
     └─ ACTIVE


start: Building core-appplane-stack Template
success: Built core-appplane-stack Template
start: Publishing core-appplane-stack Template (current_account-current_region)
success: Published core-appplane-stack Template (current_account-current_region)
Hold on while we create a read-only change set to get a diff with accurate replacement information (use --method=template to use a less accurate but faster template-only diff)

Stack core-appplane-stack
There were no differences

start: Building analytics-stack Template
success: Built analytics-stack Template
start: Publishing analytics-stack Template (current_account-current_region)
success: Published analytics-stack Template (current_account-current_region)
Hold on while we create a read-only change set to get a diff with accurate replacement information (use --method=template to use a less accurate but faster template-only diff)

Stack analytics-stack
Resources
[~] AWS::DynamoDB::Table AnalyticsTable AnalyticsTable3F84C304
 └─ [+] DeletionProtectionEnabled
     └─ true
[~] AWS::DynamoDB::Table LandingTable LandingTable4D94EAA5
 └─ [+] DeletionProtectionEnabled
     └─ true
[~] AWS::DynamoDB::Table UserSessionEventsTable UserSessionEventsTable80C22E61
 └─ [+] DeletionProtectionEnabled
     └─ true
[~] AWS::Lambda::Function ApiLambda ApiLambda91D2282D
 └─ [~] Code
     └─ [~] .S3Key:
         ├─ [-] 25ddff76056b9d397bf42cd168fcaa629014b6c9615d74a63467760a22d05bff.zip
         └─ [+] 35008f3f69ec53738799418dbd9f4de5777b07de93b3f752d62172e4a8cc1387.zip



✨  Number of stacks with differences: 3

