{
    "service": {
        "serviceArn": "arn:aws:ecs:us-east-2:715860911762:service/prod-basic/academicsbasic",
        "serviceName": "academicsbasic",
        "clusterArn": "arn:aws:ecs:us-east-2:715860911762:cluster/prod-basic",
        "loadBalancers": [],
        "serviceRegistries": [],
        "status": "ACTIVE",
        "desiredCount": 1,
        "runningCount": 1,
        "pendingCount": 0,
        "launchType": "FARGATE",
        "platformVersion": "LATEST",
        "platformFamily": "Linux",
        "taskDefinition": "arn:aws:ecs:us-east-2:715860911762:task-definition/academics-TaskDef:12",
        "deploymentConfiguration": {
            "deploymentCircuitBreaker": {
                "enable": false,
                "rollback": false
            },
            "maximumPercent": 200,
            "minimumHealthyPercent": 50,
            "alarms": {
                "alarmNames": [],
                "rollback": false,
                "enable": false
            },
            "strategy": "ROLLING",
            "bakeTimeInMinutes": 0
        },
        "deployments": [
            {
                "id": "ecs-svc/4566203764463434918",
                "status": "PRIMARY",
                "taskDefinition": "arn:aws:ecs:us-east-2:715860911762:task-definition/academics-TaskDef:12",
                "desiredCount": 0,
                "pendingCount": 0,
                "runningCount": 0,
                "failedTasks": 0,
                "createdAt": "2026-04-23T13:41:40.633000-05:00",
                "updatedAt": "2026-04-23T13:41:40.633000-05:00",
                "launchType": "FARGATE",
                "platformVersion": "1.4.0",
                "platformFamily": "Linux",
                "networkConfiguration": {
                    "awsvpcConfiguration": {
                        "subnets": [
                            "subnet-0d21d98426e3638f6",
                            "subnet-0dc3db8d5609a9396",
                            "subnet-08e95eb9a3f3db1b8"
                        ],
                        "securityGroups": [
                            "sg-00ae4c06abb94a97b"
                        ],
                        "assignPublicIp": "DISABLED"
                    }
                },
                "rolloutState": "IN_PROGRESS",
                "rolloutStateReason": "ECS deployment ecs-svc/4566203764463434918 in progress.",
                "serviceConnectConfiguration": {
                    "enabled": true,
                    "namespace": "arn:aws:servicediscovery:us-east-2:715860911762:namespace/ns-z34c2ljqicggqh4o",
                    "services": [
                        {
                            "portName": "academics",
                            "discoveryName": "academics-api",
                            "clientAliases": [
                                {
                                    "port": 3010,
                                    "dnsName": "academics-api.basic.sc"
                                }
                            ]
                        }
                    ],
                    "logConfiguration": {
                        "logDriver": "awslogs",
                        "options": {
                            "awslogs-group": "tenant-template-stack-basic-academicsEcsServicesacademicsserviceLogGroup7E8B03D7-8fY1MGvMTrEt",
                            "awslogs-region": "us-east-2",
                            "awslogs-stream-prefix": "academics-sc-traffic-"
                        },
                        "secretOptions": []
                    }
                },
                "serviceConnectResources": [
                    {
                        "discoveryName": "academics-api",
                        "discoveryArn": "arn:aws:servicediscovery:us-east-2:715860911762:service/srv-dme7alxuh5hnirxf"
                    }
                ]
            },
            {
                "id": "ecs-svc/1936680894306331159",
                "status": "ACTIVE",
                "taskDefinition": "arn:aws:ecs:us-east-2:715860911762:task-definition/academics-TaskDef:12",
                "desiredCount": 1,
                "pendingCount": 0,
                "runningCount": 1,
                "failedTasks": 0,
                "createdAt": "2026-04-22T08:57:40.796000-05:00",
                "updatedAt": "2026-04-22T09:01:36.405000-05:00",
                "launchType": "FARGATE",
                "platformVersion": "1.4.0",
                "platformFamily": "Linux",
                "networkConfiguration": {
                    "awsvpcConfiguration": {
                        "subnets": [
                            "subnet-0d21d98426e3638f6",
                            "subnet-0dc3db8d5609a9396",
                            "subnet-08e95eb9a3f3db1b8"
                        ],
                        "securityGroups": [
                            "sg-00ae4c06abb94a97b"
                        ],
                        "assignPublicIp": "DISABLED"
                    }
                },
                "rolloutState": "COMPLETED",
                "rolloutStateReason": "ECS deployment ecs-svc/1936680894306331159 completed.",
                "serviceConnectConfiguration": {
                    "enabled": true,
                    "namespace": "arn:aws:servicediscovery:us-east-2:715860911762:namespace/ns-z34c2ljqicggqh4o",
                    "services": [
                        {
                            "portName": "academics",
                            "discoveryName": "academics-api",
                            "clientAliases": [
                                {
                                    "port": 3010,
                                    "dnsName": "academics-api.basic.sc"
                                }
                            ]
                        }
                    ],
                    "logConfiguration": {
                        "logDriver": "awslogs",
                        "options": {
                            "awslogs-group": "tenant-template-stack-basic-academicsEcsServicesacademicsserviceLogGroup7E8B03D7-8fY1MGvMTrEt",
                            "awslogs-region": "us-east-2",
                            "awslogs-stream-prefix": "academics-sc-traffic-"
                        },
                        "secretOptions": []
                    }
                },
                "serviceConnectResources": [
                    {
                        "discoveryName": "academics-api",
                        "discoveryArn": "arn:aws:servicediscovery:us-east-2:715860911762:service/srv-dme7alxuh5hnirxf"
                    }
                ]
            }
        ],
        "roleArn": "arn:aws:iam::715860911762:role/aws-service-role/ecs.amazonaws.com/AWSServiceRoleForECS",
        "events": [
            {
                "id": "cdaa024f-f0a3-4f02-b3f9-79ef5210b816",
                "createdAt": "2026-04-23T09:02:34.764000-05:00",
                "message": "(service academicsbasic) has reached a steady state."
            },
            {
                "id": "830ada04-f7ea-40f6-8d7a-0ad81aa1416f",
                "createdAt": "2026-04-23T03:02:08.396000-05:00",
                "message": "(service academicsbasic) has reached a steady state."
            },
            {
                "id": "e7ab9ade-df31-491b-a24d-7e28907cb1e5",
                "createdAt": "2026-04-22T21:01:54.964000-05:00",
                "message": "(service academicsbasic) has reached a steady state."
            },
            {
                "id": "22e7c15d-e33f-43be-863e-9d48f6d42e8b",
                "createdAt": "2026-04-22T15:01:50.793000-05:00",
                "message": "(service academicsbasic) has reached a steady state."
            },
            {
                "id": "8885940c-c4ed-4efa-9a71-14fa35e73948",
                "createdAt": "2026-04-22T09:01:36.411000-05:00",
                "message": "(service academicsbasic) has reached a steady state."
            },
            {
                "id": "552b2182-a3b8-4356-99d8-edc4281281af",
                "createdAt": "2026-04-22T09:01:36.410000-05:00",
                "message": "(service academicsbasic) (deployment ecs-svc/1936680894306331159) deployment completed."
            },
            {
                "id": "8463fd48-813f-416d-a10e-f9c1ad24f48c",
                "createdAt": "2026-04-22T08:59:14.093000-05:00",
                "message": "(service academicsbasic) has stopped 1 running tasks: (task c32f5c02b8af4cdead269c425adc0b99)."
            },
            {
                "id": "60eba471-b45a-4eac-b84f-6869910dc95f",
                "createdAt": "2026-04-22T08:58:23.043000-05:00",
                "message": "(service academicsbasic) has started 1 tasks: (task 4e5149128595454494cd274ed55e8756)."
            },
            {
                "id": "3b93a2b7-1b00-4c00-ac07-30c10dc38e1c",
                "createdAt": "2026-04-22T06:32:01.537000-05:00",
                "message": "(service academicsbasic) has reached a steady state."
            },
            {
                "id": "c02940b2-df27-4f6c-9935-bc9057bd24f2",
                "createdAt": "2026-04-22T00:31:57.772000-05:00",
                "message": "(service academicsbasic) has reached a steady state."
            },
            {
                "id": "c73ac5a9-0087-4eb3-ac54-c2ea06936f0e",
                "createdAt": "2026-04-21T18:31:42.555000-05:00",
                "message": "(service academicsbasic) has reached a steady state."
            },
            {
                "id": "91b775c5-20f8-427a-86f6-f9e7bcf34a61",
                "createdAt": "2026-04-21T18:31:42.554000-05:00",
                "message": "(service academicsbasic) (deployment ecs-svc/6905456358186241399) deployment completed."
            },
            {
                "id": "fa3d65bb-6421-4d7c-9225-1208c486a1a0",
                "createdAt": "2026-04-21T18:29:17.803000-05:00",
                "message": "(service academicsbasic) has stopped 1 running tasks: (task 7b30f0d6db884553824cd35bb9d9e991)."
            },
            {
                "id": "9448baf5-6109-4510-9ac3-3bc16bbc87ef",
                "createdAt": "2026-04-21T18:28:15.439000-05:00",
                "message": "(service academicsbasic) has started 1 tasks: (task c32f5c02b8af4cdead269c425adc0b99)."
            },
            {
                "id": "a8b835a5-fdea-42bf-9c5f-095e78384104",
                "createdAt": "2026-04-21T17:54:10.302000-05:00",
                "message": "(service academicsbasic) has reached a steady state."
            },
            {
                "id": "26301f14-b61f-4b3d-92a3-a7443d8f703e",
                "createdAt": "2026-04-21T17:54:10.301000-05:00",
                "message": "(service academicsbasic) (deployment ecs-svc/7476333683888505372) deployment completed."
            },
            {
                "id": "e8eb34d0-3ef9-48a4-85db-d4ac840eadf9",
                "createdAt": "2026-04-21T17:51:49.451000-05:00",
                "message": "(service academicsbasic) has stopped 1 running tasks: (task ee561eef27be47e6ad5fbffdd3475718)."
            },
            {
                "id": "91a44a7e-800a-44da-a6bf-d316e46c362d",
                "createdAt": "2026-04-21T17:50:49.762000-05:00",
                "message": "(service academicsbasic) has started 1 tasks: (task 7b30f0d6db884553824cd35bb9d9e991)."
            },
            {
                "id": "f0c9a768-0ab5-4004-a4fc-cc804a8a91f4",
                "createdAt": "2026-04-21T17:10:50.108000-05:00",
                "message": "(service academicsbasic) has reached a steady state."
            },
            {
                "id": "125f18a3-7d32-43c9-9e23-daee5dd3f0c1",
                "createdAt": "2026-04-21T17:10:50.107000-05:00",
                "message": "(service academicsbasic) (deployment ecs-svc/2251933869144227895) deployment completed."
            },
            {
                "id": "8653d743-ffb8-4d83-afee-ad5e4d41f084",
                "createdAt": "2026-04-21T17:08:25.193000-05:00",
                "message": "(service academicsbasic) has stopped 1 running tasks: (task 9dac16ef7db547a393245e5ebac61d01)."
            },
            {
                "id": "0fa29158-9230-4b7e-8bd3-d9a19e717c83",
                "createdAt": "2026-04-21T17:07:34.525000-05:00",
                "message": "(service academicsbasic) has started 1 tasks: (task ee561eef27be47e6ad5fbffdd3475718)."
            },
            {
                "id": "7d469d70-7d82-45e9-95d6-7d62bbbb66af",
                "createdAt": "2026-04-21T13:55:43.911000-05:00",
                "message": "(service academicsbasic) has reached a steady state."
            },
            {
                "id": "a415c220-a071-439f-84f9-2dd5e3633bb5",
                "createdAt": "2026-04-21T07:55:26.789000-05:00",
                "message": "(service academicsbasic) has reached a steady state."
            },
            {
                "id": "6d25944a-ad29-49ae-95c6-43be82030427",
                "createdAt": "2026-04-21T01:54:59.997000-05:00",
                "message": "(service academicsbasic) has reached a steady state."
            },
            {
                "id": "64857f4e-f341-47b6-bc3c-e86621c9541d",
                "createdAt": "2026-04-20T19:54:45.113000-05:00",
                "message": "(service academicsbasic) has reached a steady state."
            },
            {
                "id": "ec1588bf-fc8d-49de-bea6-0818a96346a5",
                "createdAt": "2026-04-20T13:54:26.260000-05:00",
                "message": "(service academicsbasic) has reached a steady state."
            },
            {
                "id": "936e061e-1932-4aac-adc2-d740126d9038",
                "createdAt": "2026-04-20T07:54:11.420000-05:00",
                "message": "(service academicsbasic) has reached a steady state."
            },
            {
                "id": "141b2baf-97e5-40cc-a63d-7ddc59520c6c",
                "createdAt": "2026-04-20T01:53:49.596000-05:00",
                "message": "(service academicsbasic) has reached a steady state."
            },
            {
                "id": "dbccc975-f91e-47fc-a5fb-d22b7919fb29",
                "createdAt": "2026-04-19T19:53:38.709000-05:00",
                "message": "(service academicsbasic) has reached a steady state."
            },
            {
                "id": "4758001d-b462-4eb2-b454-75c464a4fd7d",
                "createdAt": "2026-04-19T13:53:19.433000-05:00",
                "message": "(service academicsbasic) has reached a steady state."
            },
            {
                "id": "1c18a0c8-afa1-4bde-b6e8-37febfb9e9a8",
                "createdAt": "2026-04-19T07:53:07.661000-05:00",
                "message": "(service academicsbasic) has reached a steady state."
            },
            {
                "id": "6855ac51-ec24-4dda-a29f-89f1dbaffd70",
                "createdAt": "2026-04-19T01:52:46.629000-05:00",
                "message": "(service academicsbasic) has reached a steady state."
            },
            {
                "id": "253cb33b-4213-43b2-9972-b3e06ce41588",
                "createdAt": "2026-04-18T19:52:21.485000-05:00",
                "message": "(service academicsbasic) has reached a steady state."
            },
            {
                "id": "22dcecff-aca1-4903-b60d-7c8601036e28",
                "createdAt": "2026-04-18T19:52:21.484000-05:00",
                "message": "(service academicsbasic) (deployment ecs-svc/8002842287165366486) deployment completed."
            },
            {
                "id": "69956136-047d-4b54-87bb-6b939a8e17b4",
                "createdAt": "2026-04-18T19:49:57.407000-05:00",
                "message": "(service academicsbasic) has stopped 1 running tasks: (task 2e7921818c9c4ee5a5e265eb5c449733)."
            },
            {
                "id": "4e0d11de-c585-4ffc-8bfe-6fba504832b6",
                "createdAt": "2026-04-18T19:48:55.909000-05:00",
                "message": "(service academicsbasic) has started 1 tasks: (task 9dac16ef7db547a393245e5ebac61d01)."
            },
            {
                "id": "aca28997-f56f-46c2-9fc2-4c92ecd1f3db",
                "createdAt": "2026-04-18T19:22:45.390000-05:00",
                "message": "(service academicsbasic) has reached a steady state."
            },
            {
                "id": "8c62cda1-2f2a-41a6-abbb-bc23ebc06399",
                "createdAt": "2026-04-18T13:22:37.107000-05:00",
                "message": "(service academicsbasic) has reached a steady state."
            },
            {
                "id": "1d0a004d-3f72-460d-b9c9-48afbdf12e91",
                "createdAt": "2026-04-18T07:22:31.174000-05:00",
                "message": "(service academicsbasic) has reached a steady state."
            },
            {
                "id": "4a5ee5c9-cd3a-465e-a75b-a6c498cee892",
                "createdAt": "2026-04-18T01:22:29.242000-05:00",
                "message": "(service academicsbasic) has reached a steady state."
            },
            {
                "id": "82478c75-028c-4199-925a-0493808a5b01",
                "createdAt": "2026-04-17T19:22:16.761000-05:00",
                "message": "(service academicsbasic) has reached a steady state."
            },
            {
                "id": "cdb0c019-db37-4416-a7a4-3aa7c7e217e5",
                "createdAt": "2026-04-17T13:22:00.911000-05:00",
                "message": "(service academicsbasic) has reached a steady state."
            },
            {
                "id": "323678e7-00fd-4957-ae64-4b76c3083b55",
                "createdAt": "2026-04-17T13:22:00.910000-05:00",
                "message": "(service academicsbasic) (deployment ecs-svc/0255476669844886560) deployment completed."
            },
            {
                "id": "05733534-b052-4c82-b0a5-08a5f5ba537e",
                "createdAt": "2026-04-17T13:19:30.570000-05:00",
                "message": "(service academicsbasic) has stopped 1 running tasks: (task 9b3c192369704e109d3963c3c81c9e58)."
            },
            {
                "id": "1e8c1f3a-bc57-41eb-9338-149be3e0889d",
                "createdAt": "2026-04-17T13:18:42.501000-05:00",
                "message": "(service academicsbasic) has started 1 tasks: (task 2e7921818c9c4ee5a5e265eb5c449733)."
            },
            {
                "id": "be2b2a1f-57b1-4820-b5f6-e3fbb1c1e271",
                "createdAt": "2026-04-17T13:14:17.228000-05:00",
                "message": "(service academicsbasic) has reached a steady state."
            },
            {
                "id": "53390b69-05db-439a-b1b5-c36ba00cde0a",
                "createdAt": "2026-04-17T13:14:17.227000-05:00",
                "message": "(service academicsbasic) (deployment ecs-svc/0743470708639778000) deployment completed."
            },
            {
                "id": "379cae63-9e84-42ad-b848-7089f3d386fa",
                "createdAt": "2026-04-17T13:11:53.563000-05:00",
                "message": "(service academicsbasic) has stopped 1 running tasks: (task c762651d65be42e29782eb06afd11076)."
            },
            {
                "id": "6ea71e6f-b554-4ed3-b0dc-9bf0debc85ce",
                "createdAt": "2026-04-17T13:11:02.683000-05:00",
                "message": "(service academicsbasic) has started 1 tasks: (task 9b3c192369704e109d3963c3c81c9e58)."
            },
            {
                "id": "f5809c12-40ff-4bf6-97f3-c56036448dd8",
                "createdAt": "2026-04-17T12:46:22.304000-05:00",
                "message": "(service academicsbasic) has reached a steady state."
            },
            {
                "id": "973f978b-ebfd-4674-9610-74a9f9325529",
                "createdAt": "2026-04-17T06:45:56.334000-05:00",
                "message": "(service academicsbasic) has reached a steady state."
            },
            {
                "id": "6ce56adb-9195-45fb-b29f-e1787de95c7b",
                "createdAt": "2026-04-17T00:45:39.701000-05:00",
                "message": "(service academicsbasic) has reached a steady state."
            },
            {
                "id": "a890c23c-6379-4692-8dbb-8d239b462c52",
                "createdAt": "2026-04-17T00:45:39.700000-05:00",
                "message": "(service academicsbasic) (deployment ecs-svc/5191740909615405539) deployment completed."
            },
            {
                "id": "641b71d4-f7d7-49fb-aa03-88bb1b849522",
                "createdAt": "2026-04-17T00:43:12.314000-05:00",
                "message": "(service academicsbasic) has stopped 1 running tasks: (task cff7cf63a68f491ea821b05a063dfd82)."
            },
            {
                "id": "b053cf2a-57a8-4f16-9cd8-69375b51cc72",
                "createdAt": "2026-04-17T00:42:20.184000-05:00",
                "message": "(service academicsbasic) has started 1 tasks: (task c762651d65be42e29782eb06afd11076)."
            },
            {
                "id": "a8b56247-cf4c-452a-a78e-a0d25cf6b0df",
                "createdAt": "2026-04-17T00:41:48.522000-05:00",
                "message": "(service academicsbasic) was unable to place a task. Reason: InternalError: failed to create container model: failed to normalize image reference \".dkr.ecr..amazonaws.com/academics\". Launch a new task to retry.."
            },
            {
                "id": "ab5755f1-2c40-4689-9e24-dc4e3b0003cd",
                "createdAt": "2026-04-17T00:41:30.739000-05:00",
                "message": "(service academicsbasic) has started 1 tasks: (task 53c9316448b24b22be6b383013c530f3)."
            },
            {
                "id": "91874061-85c5-4b0e-aa42-2ad01f36afbe",
                "createdAt": "2026-04-17T00:40:57.790000-05:00",
                "message": "(service academicsbasic) was unable to place a task. Reason: InternalError: failed to create container model: failed to normalize image reference \".dkr.ecr..amazonaws.com/academics\". Launch a new task to retry.."
            },
            {
                "id": "3aabab9c-1134-4f9d-bfde-6863372e9181",
                "createdAt": "2026-04-17T00:40:38.787000-05:00",
                "message": "(service academicsbasic) has started 1 tasks: (task 2e64b48168be4515973d2c29c443235d)."
            },
            {
                "id": "706a8f84-d87e-4dd5-99ab-be337be25cb7",
                "createdAt": "2026-04-17T00:33:53.046000-05:00",
                "message": "(service academicsbasic) is unable to consistently start tasks successfully. For more information, see the Troubleshooting section of the Amazon ECS Developer Guide."
            },
            {
                "id": "261ed5b1-83d7-47ae-903b-5df8f886dab1",
                "createdAt": "2026-04-17T00:33:53.045000-05:00",
                "message": "(service academicsbasic) was unable to place a task. Reason: InternalError: failed to create container model: failed to normalize image reference \".dkr.ecr..amazonaws.com/academics\". Launch a new task to retry.."
            },
            {
                "id": "9ddaecce-4785-433a-af96-1d7fed27e0b4",
                "createdAt": "2026-04-17T00:33:34.501000-05:00",
                "message": "(service academicsbasic) has started 1 tasks: (task f1c76a208b1641bb9744f9f5cd3ff359)."
            },
            {
                "id": "9b4e56fa-3a63-4041-9f28-ce04021f1c71",
                "createdAt": "2026-04-17T00:23:32.906000-05:00",
                "message": "(service academicsbasic) is unable to consistently start tasks successfully. For more information, see the Troubleshooting section of the Amazon ECS Developer Guide."
            },
            {
                "id": "41f18b3a-9b3c-4b2e-ade9-5c8e986ec8ff",
                "createdAt": "2026-04-17T00:23:32.905000-05:00",
                "message": "(service academicsbasic) was unable to place a task. Reason: InternalError: failed to create container model: failed to normalize image reference \".dkr.ecr..amazonaws.com/academics\". Launch a new task to retry.."
            },
            {
                "id": "adad68cf-2c8e-485a-a9b1-fb90484cdaaf",
                "createdAt": "2026-04-17T00:23:15.260000-05:00",
                "message": "(service academicsbasic) has started 1 tasks: (task ab2d40e5bdc74281b577bdb4060dc3d2)."
            },
            {
                "id": "82468b24-1eeb-474c-9803-e2b630085a93",
                "createdAt": "2026-04-17T00:13:42.601000-05:00",
                "message": "(service academicsbasic) is unable to consistently start tasks successfully. For more information, see the Troubleshooting section of the Amazon ECS Developer Guide."
            },
            {
                "id": "fa6b019c-98ec-452a-b536-c0ebfe925c14",
                "createdAt": "2026-04-17T00:13:42.600000-05:00",
                "message": "(service academicsbasic) was unable to place a task. Reason: InternalError: failed to create container model: failed to normalize image reference \".dkr.ecr..amazonaws.com/academics\". Launch a new task to retry.."
            },
            {
                "id": "ce1c18c0-8dfc-4567-b63f-66f4f58ae45e",
                "createdAt": "2026-04-17T00:13:24.774000-05:00",
                "message": "(service academicsbasic) has started 1 tasks: (task 843dda9ecb2249da8bacb65b9517931d)."
            },
            {
                "id": "cfd3abe5-3574-47d6-8a15-ffe8d9765037",
                "createdAt": "2026-04-17T00:03:53.237000-05:00",
                "message": "(service academicsbasic) is unable to consistently start tasks successfully. For more information, see the Troubleshooting section of the Amazon ECS Developer Guide."
            },
            {
                "id": "af3f8ef5-3e79-4d56-9af3-722c66814740",
                "createdAt": "2026-04-17T00:03:53.236000-05:00",
                "message": "(service academicsbasic) was unable to place a task. Reason: InternalError: failed to create container model: failed to normalize image reference \".dkr.ecr..amazonaws.com/academics\". Launch a new task to retry.."
            },
            {
                "id": "688fa988-a85b-4733-aaa8-6ff454ccceea",
                "createdAt": "2026-04-17T00:03:35.247000-05:00",
                "message": "(service academicsbasic) has started 1 tasks: (task 18faf336ba564cb09d4643faa5f46749)."
            },
            {
                "id": "53621626-1799-44da-a498-8bc7fd4bd89e",
                "createdAt": "2026-04-16T23:53:26.791000-05:00",
                "message": "(service academicsbasic) is unable to consistently start tasks successfully. For more information, see the Troubleshooting section of the Amazon ECS Developer Guide."
            },
            {
                "id": "1ed07a9d-45f8-44c7-9313-7682e19a2273",
                "createdAt": "2026-04-16T23:53:26.790000-05:00",
                "message": "(service academicsbasic) was unable to place a task. Reason: InternalError: failed to create container model: failed to normalize image reference \".dkr.ecr..amazonaws.com/academics\". Launch a new task to retry.."
            },
            {
                "id": "9cf02967-7344-4b70-8e6d-84063fad3d2a",
                "createdAt": "2026-04-16T23:53:08.565000-05:00",
                "message": "(service academicsbasic) has started 1 tasks: (task 2fdc2c999a7d4a6eac40aa2ee39ee967)."
            },
            {
                "id": "f491b64c-2111-4931-86ed-7834ad509314",
                "createdAt": "2026-04-16T23:43:05.062000-05:00",
                "message": "(service academicsbasic) is unable to consistently start tasks successfully. For more information, see the Troubleshooting section of the Amazon ECS Developer Guide."
            },
            {
                "id": "c5cdc963-43bc-4e86-b360-526c3647bb4a",
                "createdAt": "2026-04-16T23:43:05.061000-05:00",
                "message": "(service academicsbasic) was unable to place a task. Reason: InternalError: failed to create container model: failed to normalize image reference \".dkr.ecr..amazonaws.com/academics\". Launch a new task to retry.."
            },
            {
                "id": "b66f6922-352b-47af-8871-c40ee20b4377",
                "createdAt": "2026-04-16T23:42:46.978000-05:00",
                "message": "(service academicsbasic) has started 1 tasks: (task 903e6827139d4bd79cf2f31b90e461c7)."
            },
            {
                "id": "7b99043e-5d1b-4e50-a649-040c12d812a8",
                "createdAt": "2026-04-16T23:32:23.015000-05:00",
                "message": "(service academicsbasic) is unable to consistently start tasks successfully. For more information, see the Troubleshooting section of the Amazon ECS Developer Guide."
            },
            {
                "id": "e9fa0876-0237-446b-bbb3-90f24fee680b",
                "createdAt": "2026-04-16T23:32:23.014000-05:00",
                "message": "(service academicsbasic) was unable to place a task. Reason: InternalError: failed to create container model: failed to normalize image reference \".dkr.ecr..amazonaws.com/academics\". Launch a new task to retry.."
            },
            {
                "id": "1a7f9d27-971f-4741-ae96-871d51e7a628",
                "createdAt": "2026-04-16T23:32:03.977000-05:00",
                "message": "(service academicsbasic) has started 1 tasks: (task a95d0dc28f2949ceb9da35c351727c49)."
            },
            {
                "id": "6736eb86-d52d-47af-87b6-9b6959967197",
                "createdAt": "2026-04-16T23:22:30.436000-05:00",
                "message": "(service academicsbasic) is unable to consistently start tasks successfully. For more information, see the Troubleshooting section of the Amazon ECS Developer Guide."
            },
            {
                "id": "c61f76b1-49a8-49c8-a311-cd8e3a6724b7",
                "createdAt": "2026-04-16T23:22:30.435000-05:00",
                "message": "(service academicsbasic) was unable to place a task. Reason: InternalError: failed to create container model: failed to normalize image reference \".dkr.ecr..amazonaws.com/academics\". Launch a new task to retry.."
            },
            {
                "id": "9c4eb5c4-29b7-4449-a517-e816c6210ff5",
                "createdAt": "2026-04-16T23:22:11.811000-05:00",
                "message": "(service academicsbasic) has started 1 tasks: (task 5c67ec6f16424302ab50f0bf6c902a80)."
            },
            {
                "id": "436f3a40-998e-46a2-82ce-15187631f0fe",
                "createdAt": "2026-04-16T23:12:31.103000-05:00",
                "message": "(service academicsbasic) is unable to consistently start tasks successfully. For more information, see the Troubleshooting section of the Amazon ECS Developer Guide."
            },
            {
                "id": "d33726a6-0ddf-4dd0-bbd1-0e9df8af7805",
                "createdAt": "2026-04-16T23:12:31.102000-05:00",
                "message": "(service academicsbasic) was unable to place a task. Reason: InternalError: failed to create container model: failed to normalize image reference \".dkr.ecr..amazonaws.com/academics\". Launch a new task to retry.."
            },
            {
                "id": "20759bbb-15c6-4025-b65e-96a6e548272b",
                "createdAt": "2026-04-16T23:12:12.846000-05:00",
                "message": "(service academicsbasic) has started 1 tasks: (task a9b1febba26a4e77a15c58470b3e0bb2)."
            },
            {
                "id": "a0299f7c-0856-4baf-af41-2d9309a34cfc",
                "createdAt": "2026-04-16T23:02:09.401000-05:00",
                "message": "(service academicsbasic) is unable to consistently start tasks successfully. For more information, see the Troubleshooting section of the Amazon ECS Developer Guide."
            },
            {
                "id": "7d32cf0b-fb0d-419f-bf7d-0005dd5e0d66",
                "createdAt": "2026-04-16T23:02:09.400000-05:00",
                "message": "(service academicsbasic) was unable to place a task. Reason: InternalError: failed to create container model: failed to normalize image reference \".dkr.ecr..amazonaws.com/academics\". Launch a new task to retry.."
            },
            {
                "id": "751b7a94-6d60-45da-a28e-cb6b2a40bdbe",
                "createdAt": "2026-04-16T23:01:51.511000-05:00",
                "message": "(service academicsbasic) has started 1 tasks: (task 2002c71b7f3e4e668a742e2d71c1a552)."
            },
            {
                "id": "78555253-cee5-4a9d-8bac-34e61a2aae98",
                "createdAt": "2026-04-16T22:56:50.381000-05:00",
                "message": "(service academicsbasic) was unable to place a task. Reason: InternalError: failed to create container model: failed to normalize image reference \".dkr.ecr..amazonaws.com/academics\". Launch a new task to retry.."
            },
            {
                "id": "947a116c-c726-406f-9ae1-76a8db7ceae3",
                "createdAt": "2026-04-16T22:56:32.587000-05:00",
                "message": "(service academicsbasic) has started 1 tasks: (task 6a2a1c7c83cf4019a97b627d60d025be)."
            },
            {
                "id": "6d4434be-f3fc-49cf-ab38-be7e80e3bab9",
                "createdAt": "2026-04-16T22:51:34.425000-05:00",
                "message": "(service academicsbasic) was unable to place a task. Reason: InternalError: failed to create container model: failed to normalize image reference \".dkr.ecr..amazonaws.com/academics\". Launch a new task to retry.."
            },
            {
                "id": "f3ebc4e4-03a7-4c96-87e0-7d05ec36f414",
                "createdAt": "2026-04-16T22:51:16.446000-05:00",
                "message": "(service academicsbasic) has started 1 tasks: (task a9957665b66e440081000b84eadbc663)."
            },
            {
                "id": "41893294-47eb-4a0b-a53b-ee34bb1a6639",
                "createdAt": "2026-04-16T22:46:21.985000-05:00",
                "message": "(service academicsbasic) was unable to place a task. Reason: InternalError: failed to create container model: failed to normalize image reference \".dkr.ecr..amazonaws.com/academics\". Launch a new task to retry.."
            },
            {
                "id": "e1e977c7-9d1b-48e8-a1ff-35c4fa608de7",
                "createdAt": "2026-04-16T22:46:03.947000-05:00",
                "message": "(service academicsbasic) has started 1 tasks: (task dbb36f5a5dcd4ccfad8c7675ffb0049a)."
            },
            {
                "id": "b3c69757-ea44-4dd8-915e-b8f180b3916b",
                "createdAt": "2026-04-16T22:41:03.195000-05:00",
                "message": "(service academicsbasic) was unable to place a task. Reason: InternalError: failed to create container model: failed to normalize image reference \".dkr.ecr..amazonaws.com/academics\". Launch a new task to retry.."
            },
            {
                "id": "1057a4bf-ea6a-4a4e-9e83-4f59ff8d105a",
                "createdAt": "2026-04-16T22:40:45.322000-05:00",
                "message": "(service academicsbasic) has started 1 tasks: (task b6135f4dd5214d6eb05c7296d9616605)."
            },
            {
                "id": "5334c7ad-e962-4b8a-a1e7-e3fd432bf97c",
                "createdAt": "2026-04-16T22:35:52.265000-05:00",
                "message": "(service academicsbasic) was unable to place a task. Reason: InternalError: failed to create container model: failed to normalize image reference \".dkr.ecr..amazonaws.com/academics\". Launch a new task to retry.."
            },
            {
                "id": "563e5bfe-1d65-42cc-a77f-b3db90417371",
                "createdAt": "2026-04-16T22:35:34.256000-05:00",
                "message": "(service academicsbasic) has started 1 tasks: (task b2f1506ddafe4662ab3b7e2bc6682d8e)."
            }
        ],
        "createdAt": "2026-03-31T08:29:50.102000-05:00",
        "placementConstraints": [],
        "placementStrategy": [],
        "networkConfiguration": {
            "awsvpcConfiguration": {
                "subnets": [
                    "subnet-0d21d98426e3638f6",
                    "subnet-0dc3db8d5609a9396",
                    "subnet-08e95eb9a3f3db1b8"
                ],
                "securityGroups": [
                    "sg-00ae4c06abb94a97b"
                ],
                "assignPublicIp": "DISABLED"
            }
        },
        "healthCheckGracePeriodSeconds": 0,
        "schedulingStrategy": "REPLICA",
        "deploymentController": {
            "type": "ECS"
        },
        "createdBy": "arn:aws:iam::715860911762:role/cdk-hnb659fds-cfn-exec-role-715860911762-us-east-2",
        "enableECSManagedTags": false,
        "propagateTags": "NONE",
        "enableExecuteCommand": true,
        "availabilityZoneRebalancing": "ENABLED"
    }
}
