Scoped to single service: academics
Login Succeeded
Image version tag: 766ab3b-20260423183911
[0;33m==========[0;32m Repository [academics] checking... [0;33m==========[0m
Repository [academics] already exists.
{
    "registryId": "715860911762",
    "repositoryName": "academics",
    "lifecyclePolicyText": "{\"rules\":[{\"rulePriority\":1,\"description\":\"Keep last 10 versioned images\",\"selection\":{\"tagStatus\":\"tagged\",\"tagPrefixList\":[\"nogit\",\"latest\"],\"countType\":\"imageCountMoreThan\",\"countNumber\":10},\"action\":{\"type\":\"expire\"}},{\"rulePriority\":2,\"description\":\"Expire untagged images after 7 days\",\"selection\":{\"tagStatus\":\"untagged\",\"countType\":\"sinceImagePushed\",\"countUnit\":\"days\",\"countNumber\":7},\"action\":{\"type\":\"expire\"}}]}"
}
Building academics service from monorepo root...
#0 building with "desktop-linux" instance using docker driver

#1 [internal] load build definition from Dockerfile.academics
#1 transferring dockerfile: 1.58kB done
#1 DONE 0.0s

#2 [auth] library/node:pull token for registry-1.docker.io
#2 DONE 0.0s

#3 [internal] load metadata for docker.io/library/node:20-alpine
#3 DONE 0.5s

#4 [internal] load .dockerignore
#4 transferring context: 404B done
#4 DONE 0.0s

#5 [build 1/7] FROM docker.io/library/node:20-alpine@sha256:fb4cd12c85ee03686f6af5362a0b0d56d50c58a04632e6c0fb8363f609372293
#5 resolve docker.io/library/node:20-alpine@sha256:fb4cd12c85ee03686f6af5362a0b0d56d50c58a04632e6c0fb8363f609372293 0.0s done
#5 DONE 0.0s

#6 [internal] load build context
#6 transferring context: 87.59kB 0.0s done
#6 DONE 0.0s

#7 [build 2/7] WORKDIR /app
#7 CACHED

#8 [build 3/7] RUN apk update && apk upgrade
#8 CACHED

#9 [build 4/7] COPY server/application/package.json ./
#9 CACHED

#10 [stage-1 5/7] RUN npm install --production=true && npm cache clean --force
#10 0.522 npm warn config production Use `--omit=dev` instead.
#10 ...

#11 [build 5/7] RUN npm install --production=false
#11 0.521 npm warn config production Use `--omit=dev` instead.
#11 25.19 npm warn deprecated inflight@1.0.6: This module is not supported, and leaks memory. Do not use it. Check out lru-cache if you want a good and tested way to coalesce async requests by a key value, which is much more comprehensive and powerful.
#11 ...

#10 [stage-1 5/7] RUN npm install --production=true && npm cache clean --force
#10 26.13 npm warn deprecated glob@10.4.5: Old versions of glob are not supported, and contain widely publicized security vulnerabilities, which have been fixed in the current version. Please update. Support for old versions may be purchased (at exorbitant rates) by contacting i@izs.me
#10 ...

#11 [build 5/7] RUN npm install --production=false
#11 28.20 npm warn deprecated glob@7.2.3: Old versions of glob are not supported, and contain widely publicized security vulnerabilities, which have been fixed in the current version. Please update. Support for old versions may be purchased (at exorbitant rates) by contacting i@izs.me
#11 28.25 npm warn deprecated glob@7.2.3: Old versions of glob are not supported, and contain widely publicized security vulnerabilities, which have been fixed in the current version. Please update. Support for old versions may be purchased (at exorbitant rates) by contacting i@izs.me
#11 28.25 npm warn deprecated glob@7.2.3: Old versions of glob are not supported, and contain widely publicized security vulnerabilities, which have been fixed in the current version. Please update. Support for old versions may be purchased (at exorbitant rates) by contacting i@izs.me
#11 28.25 npm warn deprecated glob@7.2.3: Old versions of glob are not supported, and contain widely publicized security vulnerabilities, which have been fixed in the current version. Please update. Support for old versions may be purchased (at exorbitant rates) by contacting i@izs.me
#11 28.71 npm warn deprecated glob@10.4.5: Old versions of glob are not supported, and contain widely publicized security vulnerabilities, which have been fixed in the current version. Please update. Support for old versions may be purchased (at exorbitant rates) by contacting i@izs.me
#11 ...

#10 [stage-1 5/7] RUN npm install --production=true && npm cache clean --force
#10 32.36 
#10 32.36 added 312 packages, and audited 313 packages in 32s
#10 32.36 
#10 32.36 52 packages are looking for funding
#10 32.36   run `npm fund` for details
#10 32.47 
#10 32.47 35 vulnerabilities (31 moderate, 4 high)
#10 32.47 
#10 32.47 To address issues that do not require attention, run:
#10 32.47   npm audit fix
#10 32.47 
#10 32.47 To address all issues (including breaking changes), run:
#10 32.47   npm audit fix --force
#10 32.47 
#10 32.47 Run `npm audit` for details.
#10 32.47 npm notice
#10 32.47 npm notice New major version of npm available! 10.8.2 -> 11.13.0
#10 32.47 npm notice Changelog: https://github.com/npm/cli/releases/tag/v11.13.0
#10 32.47 npm notice To update run: npm install -g npm@11.13.0
#10 32.47 npm notice
#10 32.90 npm warn using --force Recommended protections disabled.
#10 DONE 34.0s

#11 [build 5/7] RUN npm install --production=false
#11 38.99 
#11 38.99 added 792 packages, and audited 793 packages in 39s
#11 38.99 
#11 38.99 111 packages are looking for funding
#11 38.99   run `npm fund` for details
#11 39.17 
#11 39.17 47 vulnerabilities (4 low, 37 moderate, 6 high)
#11 39.17 
#11 39.17 To address issues that do not require attention, run:
#11 39.17   npm audit fix
#11 39.17 
#11 39.17 To address all issues (including breaking changes), run:
#11 39.17   npm audit fix --force
#11 39.17 
#11 39.17 Run `npm audit` for details.
#11 39.18 npm notice
#11 39.18 npm notice New major version of npm available! 10.8.2 -> 11.13.0
#11 39.18 npm notice Changelog: https://github.com/npm/cli/releases/tag/v11.13.0
#11 39.18 npm notice To update run: npm install -g npm@11.13.0
#11 39.18 npm notice
#11 DONE 39.4s

#12 [build 6/7] COPY server/application .
#12 DONE 0.3s

#13 [build 7/7] RUN npm run build academics
#13 0.584 
#13 0.584 > application@0.0.1 prebuild
#13 0.584 > rimraf dist
#13 0.584 
#13 1.012 
#13 1.012 > application@0.0.1 build
#13 1.012 > nest build academics
#13 1.012 
#13 8.994 webpack 5.97.1 compiled [1m[32msuccessfully[39m[22m in 7023 ms
#13 DONE 9.6s

#14 [stage-1 6/7] COPY --from=build /app/dist ./dist
#14 DONE 0.1s

#15 [stage-1 7/7] COPY --from=build /app/libs ./libs
#15 DONE 0.0s

#16 exporting to image
#16 exporting layers
#16 exporting layers 1.6s done
#16 exporting manifest sha256:fe994e768b181355191920b28493dc8bf5a7570d39675abac272c4027c017775
#16 exporting manifest sha256:fe994e768b181355191920b28493dc8bf5a7570d39675abac272c4027c017775 done
#16 exporting config sha256:4f642ebf7b19e411a51dd05c652b08bf231a5160587b8db125fa43306807c3dc done
#16 exporting attestation manifest sha256:ea7a11dd5e163b941b6e587791640222f50c7d2bdb3305d857809752d5a48214 done
#16 exporting manifest list sha256:f15f6974b1ae113c22f38b264fbc685afd55cd9abc8763d6b7c8269f156a5906 done
#16 naming to 715860911762.dkr.ecr.us-east-2.amazonaws.com/academics:latest done
#16 DONE 1.6s

View build details: docker-desktop://dashboard/build/desktop-linux/desktop-linux/rqrks37rbhwwqdmq1h2sarijv
The push refers to repository [715860911762.dkr.ecr.us-east-2.amazonaws.com/academics]
c4760bf58bba: Waiting
49776c0cd470: Waiting
ddd66c5608eb: Waiting
fff4e2c1b189: Waiting
a6d3d9b6ff91: Waiting
b65349323db4: Waiting
6a0ac1617861: Waiting
7282ccc6a6e9: Waiting
4feea04c1543: Waiting
b2cbbfe903b0: Waiting
950153550aae: Waiting
4feea04c1543: Waiting
b2cbbfe903b0: Waiting
950153550aae: Waiting
c4760bf58bba: Waiting
49776c0cd470: Waiting
ddd66c5608eb: Waiting
fff4e2c1b189: Waiting
a6d3d9b6ff91: Waiting
b65349323db4: Waiting
6a0ac1617861: Waiting
7282ccc6a6e9: Waiting
950153550aae: Waiting
c4760bf58bba: Waiting
49776c0cd470: Waiting
ddd66c5608eb: Waiting
fff4e2c1b189: Waiting
a6d3d9b6ff91: Waiting
b65349323db4: Waiting
6a0ac1617861: Waiting
7282ccc6a6e9: Waiting
4feea04c1543: Waiting
b2cbbfe903b0: Waiting
950153550aae: Waiting
c4760bf58bba: Waiting
49776c0cd470: Waiting
ddd66c5608eb: Layer already exists
fff4e2c1b189: Layer already exists
a6d3d9b6ff91: Waiting
b65349323db4: Waiting
6a0ac1617861: Layer already exists
7282ccc6a6e9: Layer already exists
4feea04c1543: Waiting
b2cbbfe903b0: Layer already exists
a6d3d9b6ff91: Waiting
4feea04c1543: Layer already exists
49776c0cd470: Waiting
c4760bf58bba: Pushed
a6d3d9b6ff91: Pushed
b65349323db4: Pushed
950153550aae: Pushed
49776c0cd470: Pushed
766ab3b-20260423183911: digest: sha256:f15f6974b1ae113c22f38b264fbc685afd55cd9abc8763d6b7c8269f156a5906 size: 856
The push refers to repository [715860911762.dkr.ecr.us-east-2.amazonaws.com/academics]
4feea04c1543: Waiting
b2cbbfe903b0: Waiting
49776c0cd470: Waiting
c4760bf58bba: Waiting
b65349323db4: Waiting
950153550aae: Waiting
ddd66c5608eb: Waiting
7282ccc6a6e9: Waiting
fff4e2c1b189: Waiting
a6d3d9b6ff91: Waiting
6a0ac1617861: Waiting
a6d3d9b6ff91: Waiting
6a0ac1617861: Waiting
4feea04c1543: Waiting
b2cbbfe903b0: Waiting
49776c0cd470: Waiting
c4760bf58bba: Waiting
b65349323db4: Waiting
950153550aae: Waiting
ddd66c5608eb: Waiting
7282ccc6a6e9: Waiting
fff4e2c1b189: Waiting
6a0ac1617861: Waiting
4feea04c1543: Waiting
b2cbbfe903b0: Waiting
49776c0cd470: Waiting
c4760bf58bba: Waiting
b65349323db4: Waiting
950153550aae: Waiting
ddd66c5608eb: Waiting
7282ccc6a6e9: Waiting
fff4e2c1b189: Waiting
a6d3d9b6ff91: Waiting
b65349323db4: Waiting
950153550aae: Waiting
ddd66c5608eb: Waiting
7282ccc6a6e9: Waiting
fff4e2c1b189: Waiting
a6d3d9b6ff91: Waiting
6a0ac1617861: Waiting
4feea04c1543: Waiting
b2cbbfe903b0: Waiting
49776c0cd470: Waiting
c4760bf58bba: Waiting
a6d3d9b6ff91: Already exists
6a0ac1617861: Layer already exists
4feea04c1543: Layer already exists
b2cbbfe903b0: Waiting
49776c0cd470: Layer already exists
c4760bf58bba: Waiting
b65349323db4: Layer already exists
950153550aae: Layer already exists
ddd66c5608eb: Layer already exists
7282ccc6a6e9: Waiting
fff4e2c1b189: Waiting
b2cbbfe903b0: Waiting
c4760bf58bba: Waiting
7282ccc6a6e9: Waiting
fff4e2c1b189: Waiting
7282ccc6a6e9: Layer already exists
fff4e2c1b189: Layer already exists
b2cbbfe903b0: Layer already exists
c4760bf58bba: Layer already exists
latest: digest: sha256:f15f6974b1ae113c22f38b264fbc685afd55cd9abc8763d6b7c8269f156a5906 size: 856
Pushed: 715860911762.dkr.ecr.us-east-2.amazonaws.com/academics:766ab3b-20260423183911 (also tagged :latest)

==============================================
EdForge Service Build Complete: academics
==============================================
Built services: academics

Note: Tenant service is Lambda-based and deployed via CDK (cdk deploy)
==============================================
