[cdk] env file: .env + .env.uat
CDK NAG:  false
#0 building with "desktop-linux" instance using docker driver

#1 [internal] load build definition from Dockerfile
#1 transferring dockerfile: 1.56kB done
#1 DONE 0.0s

#2 [internal] load metadata for public.ecr.aws/sam/build-python3.10:latest
#2 DONE 1.5s

#3 [internal] load .dockerignore
#3 transferring context: 2B done
#3 DONE 0.0s

#4 [1/2] FROM public.ecr.aws/sam/build-python3.10:latest@sha256:2421fe882644e88ff4d0d10f0147f8a1671a84c475da6eeaee59e61b4b3d307f
#4 resolve public.ecr.aws/sam/build-python3.10:latest@sha256:2421fe882644e88ff4d0d10f0147f8a1671a84c475da6eeaee59e61b4b3d307f done
#4 DONE 0.0s

#5 [2/2] RUN     python -m venv /usr/app/venv &&     mkdir /tmp/pip-cache &&     chmod -R 777 /tmp/pip-cache &&     pip install --upgrade pip &&     mkdir /tmp/poetry-cache &&     chmod -R 777 /tmp/poetry-cache &&     pip install pipenv==2022.4.8 poetry==1.5.1 &&     rm -rf /tmp/pip-cache/* /tmp/poetry-cache/*
#5 CACHED

#6 exporting to image
#6 exporting layers done
#6 exporting manifest sha256:51513a9b0014c33907038e04a6966341582349788f94478c8d4e2dac4b062442 done
#6 exporting config sha256:cebb20296a30cbe48d609d89fef25ef93ea52f2d321f34d5c83e7fd2f2565123 done
#6 exporting attestation manifest sha256:16d15a098191caac7d3d87bdf3048e10127ee4913b5021dcee2145e4f00d2850 done
#6 exporting manifest list sha256:6f549339b7e418dce14468a00202a33674776dc388e1a5a13d64dcdd4bb3fb95 done
#6 naming to docker.io/library/cdk-cc00d3c8b7a394c42c1b7f01c426af15484ab3611aaa7dd8dbb441f6fd21c223:latest done
#6 DONE 0.0s

View build details: docker-desktop://dashboard/build/desktop-linux/desktop-linux/bax2fivb7txoax1wemlh5cc92
#0 building with "desktop-linux" instance using docker driver

#1 [internal] load build definition from Dockerfile
#1 transferring dockerfile: 1.56kB done
#1 DONE 0.0s

#2 [internal] load metadata for public.ecr.aws/sam/build-python3.10:latest
#2 DONE 0.2s

#3 [internal] load .dockerignore
#3 transferring context: 2B done
#3 DONE 0.0s

#4 [1/2] FROM public.ecr.aws/sam/build-python3.10:latest@sha256:2421fe882644e88ff4d0d10f0147f8a1671a84c475da6eeaee59e61b4b3d307f
#4 resolve public.ecr.aws/sam/build-python3.10:latest@sha256:2421fe882644e88ff4d0d10f0147f8a1671a84c475da6eeaee59e61b4b3d307f done
#4 DONE 0.0s

#5 [2/2] RUN     python -m venv /usr/app/venv &&     mkdir /tmp/pip-cache &&     chmod -R 777 /tmp/pip-cache &&     pip install --upgrade pip &&     mkdir /tmp/poetry-cache &&     chmod -R 777 /tmp/poetry-cache &&     pip install pipenv==2022.4.8 poetry==1.5.1 &&     rm -rf /tmp/pip-cache/* /tmp/poetry-cache/*
#5 CACHED

#6 exporting to image
#6 exporting layers done
#6 exporting manifest sha256:51513a9b0014c33907038e04a6966341582349788f94478c8d4e2dac4b062442 done
#6 exporting config sha256:cebb20296a30cbe48d609d89fef25ef93ea52f2d321f34d5c83e7fd2f2565123 done
#6 exporting attestation manifest sha256:9c8e393defed0a72deeb0e0aa43daefdccc15aaf51f0ec7f4f8762769f8dcc85 done
#6 exporting manifest list sha256:bfb2c1231c69bd5d0dff79835fdbc85a335a67114e5d01d479c908ae00cde73d done
#6 naming to docker.io/library/cdk-cc00d3c8b7a394c42c1b7f01c426af15484ab3611aaa7dd8dbb441f6fd21c223:latest done
#6 DONE 0.0s

View build details: docker-desktop://dashboard/build/desktop-linux/desktop-linux/mckk389qb2ofmbkfpfkjnpmoz
#0 building with "desktop-linux" instance using docker driver

#1 [internal] load build definition from Dockerfile
#1 transferring dockerfile: 1.56kB done
#1 DONE 0.0s

#2 [internal] load metadata for public.ecr.aws/sam/build-python3.13:latest
#2 DONE 1.1s

#3 [internal] load .dockerignore
#3 transferring context: 2B done
#3 DONE 0.0s

#4 [1/2] FROM public.ecr.aws/sam/build-python3.13:latest@sha256:be015b4dbfce398c76feb589c307073a48aed25b6accee4db41a481b78a490d2
#4 resolve public.ecr.aws/sam/build-python3.13:latest@sha256:be015b4dbfce398c76feb589c307073a48aed25b6accee4db41a481b78a490d2 done
#4 DONE 0.0s

#5 [2/2] RUN     python -m venv /usr/app/venv &&     mkdir /tmp/pip-cache &&     chmod -R 777 /tmp/pip-cache &&     pip install --upgrade pip &&     mkdir /tmp/poetry-cache &&     chmod -R 777 /tmp/poetry-cache &&     pip install pipenv==2022.4.8 poetry==1.5.1 &&     rm -rf /tmp/pip-cache/* /tmp/poetry-cache/*
#5 CACHED

#6 exporting to image
#6 exporting layers done
#6 exporting manifest sha256:13a6185e9271e933a5926f5f04489192d9d49ecbda1c6a8b2e36faa8b723a624 done
#6 exporting config sha256:ad9568a79883661f5b7399d87b99e718e47d93a37496672ce3cc3493c7a813e1 done
#6 exporting attestation manifest sha256:78faa40911d1b4700a9780b8c4ca067ff69c6ba0ed29f919787049895be686b5 done
#6 exporting manifest list sha256:8e489bc5585bc8be1c84312997b7fe74900300a74d9d1bba6bf6a1142208e916 done
#6 naming to docker.io/library/cdk-b88284e8533f19eb9f4e68a95bb6c02a2133a18e257c811977ee854e4dd1b826:latest done
#6 unpacking to docker.io/library/cdk-b88284e8533f19eb9f4e68a95bb6c02a2133a18e257c811977ee854e4dd1b826:latest done
#6 DONE 0.0s

View build details: docker-desktop://dashboard/build/desktop-linux/desktop-linux/j1bwmj0nn59ul9mi8qej66fy0
#0 building with "desktop-linux" instance using docker driver

#1 [internal] load build definition from Dockerfile
#1 transferring dockerfile: 1.56kB done
#1 DONE 0.0s

#2 [internal] load metadata for public.ecr.aws/sam/build-python3.13:latest
#2 DONE 0.3s

#3 [internal] load .dockerignore
#3 transferring context: 2B done
#3 DONE 0.0s

#4 [1/2] FROM public.ecr.aws/sam/build-python3.13:latest@sha256:be015b4dbfce398c76feb589c307073a48aed25b6accee4db41a481b78a490d2
#4 resolve public.ecr.aws/sam/build-python3.13:latest@sha256:be015b4dbfce398c76feb589c307073a48aed25b6accee4db41a481b78a490d2 done
#4 DONE 0.0s

#5 [2/2] RUN     python -m venv /usr/app/venv &&     mkdir /tmp/pip-cache &&     chmod -R 777 /tmp/pip-cache &&     pip install --upgrade pip &&     mkdir /tmp/poetry-cache &&     chmod -R 777 /tmp/poetry-cache &&     pip install pipenv==2022.4.8 poetry==1.5.1 &&     rm -rf /tmp/pip-cache/* /tmp/poetry-cache/*
#5 CACHED

#6 exporting to image
#6 exporting layers done
#6 exporting manifest sha256:13a6185e9271e933a5926f5f04489192d9d49ecbda1c6a8b2e36faa8b723a624 done
#6 exporting config sha256:ad9568a79883661f5b7399d87b99e718e47d93a37496672ce3cc3493c7a813e1 done
#6 exporting attestation manifest sha256:c9a849bc0080664414a1988790a9666d028a731feb3539753124bc7ed58818aa done
#6 exporting manifest list sha256:42602830a0cf3a2329a75e9396f00cba5fcc8ab1bb785b01d540793c57ba0bab done
#6 naming to docker.io/library/cdk-b88284e8533f19eb9f4e68a95bb6c02a2133a18e257c811977ee854e4dd1b826:latest done
#6 unpacking to docker.io/library/cdk-b88284e8533f19eb9f4e68a95bb6c02a2133a18e257c811977ee854e4dd1b826:latest done
#6 DONE 0.0s

View build details: docker-desktop://dashboard/build/desktop-linux/desktop-linux/pic3ik2jjswfjgtbizd32oe74
#0 building with "desktop-linux" instance using docker driver

#1 [internal] load build definition from Dockerfile
#1 transferring dockerfile: 1.56kB done
#1 DONE 0.0s

#2 [internal] load metadata for public.ecr.aws/sam/build-python3.13:latest
#2 DONE 0.3s

#3 [internal] load .dockerignore
#3 transferring context: 2B done
#3 DONE 0.0s

#4 [1/2] FROM public.ecr.aws/sam/build-python3.13:latest@sha256:be015b4dbfce398c76feb589c307073a48aed25b6accee4db41a481b78a490d2
#4 resolve public.ecr.aws/sam/build-python3.13:latest@sha256:be015b4dbfce398c76feb589c307073a48aed25b6accee4db41a481b78a490d2 done
#4 DONE 0.0s

#5 [2/2] RUN     python -m venv /usr/app/venv &&     mkdir /tmp/pip-cache &&     chmod -R 777 /tmp/pip-cache &&     pip install --upgrade pip &&     mkdir /tmp/poetry-cache &&     chmod -R 777 /tmp/poetry-cache &&     pip install pipenv==2022.4.8 poetry==1.5.1 &&     rm -rf /tmp/pip-cache/* /tmp/poetry-cache/*
#5 CACHED

#6 exporting to image
#6 exporting layers done
#6 exporting manifest sha256:13a6185e9271e933a5926f5f04489192d9d49ecbda1c6a8b2e36faa8b723a624 done
#6 exporting config sha256:ad9568a79883661f5b7399d87b99e718e47d93a37496672ce3cc3493c7a813e1 done
#6 exporting attestation manifest sha256:10b3740f1de0c2e15c9578a6717c6cf62ef8c5ed4db86832594dd598412e8cf7 done
#6 exporting manifest list sha256:f12cb3d9c59b7cc79f3e614ed8c07e29e9f1ff6145c4a629a2c47616cfbdfa82 done
#6 naming to docker.io/library/cdk-b88284e8533f19eb9f4e68a95bb6c02a2133a18e257c811977ee854e4dd1b826:latest done
#6 unpacking to docker.io/library/cdk-b88284e8533f19eb9f4e68a95bb6c02a2133a18e257c811977ee854e4dd1b826:latest done
#6 DONE 0.0s

View build details: docker-desktop://dashboard/build/desktop-linux/desktop-linux/zbusj3ib3lwlfgv1j2z85i5y6
#0 building with "desktop-linux" instance using docker driver

#1 [internal] load build definition from Dockerfile
#1 transferring dockerfile: 1.56kB done
#1 DONE 0.0s

#2 [internal] load metadata for public.ecr.aws/sam/build-python3.13:latest
#2 DONE 0.4s

#3 [internal] load .dockerignore
#3 transferring context: 2B done
#3 DONE 0.0s

#4 [1/2] FROM public.ecr.aws/sam/build-python3.13:latest@sha256:be015b4dbfce398c76feb589c307073a48aed25b6accee4db41a481b78a490d2
#4 resolve public.ecr.aws/sam/build-python3.13:latest@sha256:be015b4dbfce398c76feb589c307073a48aed25b6accee4db41a481b78a490d2 done
#4 DONE 0.0s

#5 [2/2] RUN     python -m venv /usr/app/venv &&     mkdir /tmp/pip-cache &&     chmod -R 777 /tmp/pip-cache &&     pip install --upgrade pip &&     mkdir /tmp/poetry-cache &&     chmod -R 777 /tmp/poetry-cache &&     pip install pipenv==2022.4.8 poetry==1.5.1 &&     rm -rf /tmp/pip-cache/* /tmp/poetry-cache/*
#5 CACHED

#6 exporting to image
#6 exporting layers done
#6 exporting manifest sha256:13a6185e9271e933a5926f5f04489192d9d49ecbda1c6a8b2e36faa8b723a624 done
#6 exporting config sha256:ad9568a79883661f5b7399d87b99e718e47d93a37496672ce3cc3493c7a813e1 done
#6 exporting attestation manifest sha256:cb56df076608be3040b487872b24cb4a55a0ab61aaf10f3bf82f45f4a8e0de73 done
#6 exporting manifest list sha256:b3c62b4b42c7b871499cf7535607870393652a27cfe06920d10897013a5e0c15 done
#6 naming to docker.io/library/cdk-b88284e8533f19eb9f4e68a95bb6c02a2133a18e257c811977ee854e4dd1b826:latest done
#6 unpacking to docker.io/library/cdk-b88284e8533f19eb9f4e68a95bb6c02a2133a18e257c811977ee854e4dd1b826:latest done
#6 DONE 0.0s

View build details: docker-desktop://dashboard/build/desktop-linux/desktop-linux/d92p9sn7o3vvf52pxyz8l9bjw
#0 building with "desktop-linux" instance using docker driver

#1 [internal] load build definition from Dockerfile
#1 transferring dockerfile: 1.56kB done
#1 DONE 0.0s

#2 [internal] load metadata for public.ecr.aws/sam/build-python3.13:latest
#2 DONE 0.3s

#3 [internal] load .dockerignore
#3 transferring context: 2B done
#3 DONE 0.0s

#4 [1/2] FROM public.ecr.aws/sam/build-python3.13:latest@sha256:be015b4dbfce398c76feb589c307073a48aed25b6accee4db41a481b78a490d2
#4 resolve public.ecr.aws/sam/build-python3.13:latest@sha256:be015b4dbfce398c76feb589c307073a48aed25b6accee4db41a481b78a490d2 done
#4 DONE 0.0s

#5 [2/2] RUN     python -m venv /usr/app/venv &&     mkdir /tmp/pip-cache &&     chmod -R 777 /tmp/pip-cache &&     pip install --upgrade pip &&     mkdir /tmp/poetry-cache &&     chmod -R 777 /tmp/poetry-cache &&     pip install pipenv==2022.4.8 poetry==1.5.1 &&     rm -rf /tmp/pip-cache/* /tmp/poetry-cache/*
#5 CACHED

#6 exporting to image
#6 exporting layers done
#6 exporting manifest sha256:13a6185e9271e933a5926f5f04489192d9d49ecbda1c6a8b2e36faa8b723a624 done
#6 exporting config sha256:ad9568a79883661f5b7399d87b99e718e47d93a37496672ce3cc3493c7a813e1 done
#6 exporting attestation manifest sha256:ad8a08e5b0766e9cf98040dbb9bde3c98022f260f4f9cdc39b65244b345cdc76 done
#6 exporting manifest list sha256:40fdb1c88cdf910f8cbca8b96b5ba6b5d970cb9d42a619793ddf2ce75f6f6218 done
#6 naming to docker.io/library/cdk-b88284e8533f19eb9f4e68a95bb6c02a2133a18e257c811977ee854e4dd1b826:latest done
#6 unpacking to docker.io/library/cdk-b88284e8533f19eb9f4e68a95bb6c02a2133a18e257c811977ee854e4dd1b826:latest done
#6 DONE 0.0s

View build details: docker-desktop://dashboard/build/desktop-linux/desktop-linux/i1zs014ccrnzdh6qwdmmk1x6g
#0 building with "desktop-linux" instance using docker driver

#1 [internal] load build definition from Dockerfile
#1 transferring dockerfile: 1.56kB done
#1 DONE 0.0s

#2 [internal] load metadata for public.ecr.aws/sam/build-python3.13:latest
#2 DONE 0.4s

#3 [internal] load .dockerignore
#3 transferring context: 2B done
#3 DONE 0.0s

#4 [1/2] FROM public.ecr.aws/sam/build-python3.13:latest@sha256:be015b4dbfce398c76feb589c307073a48aed25b6accee4db41a481b78a490d2
#4 resolve public.ecr.aws/sam/build-python3.13:latest@sha256:be015b4dbfce398c76feb589c307073a48aed25b6accee4db41a481b78a490d2 done
#4 DONE 0.0s

#5 [2/2] RUN     python -m venv /usr/app/venv &&     mkdir /tmp/pip-cache &&     chmod -R 777 /tmp/pip-cache &&     pip install --upgrade pip &&     mkdir /tmp/poetry-cache &&     chmod -R 777 /tmp/poetry-cache &&     pip install pipenv==2022.4.8 poetry==1.5.1 &&     rm -rf /tmp/pip-cache/* /tmp/poetry-cache/*
#5 CACHED

#6 exporting to image
#6 exporting layers done
#6 exporting manifest sha256:13a6185e9271e933a5926f5f04489192d9d49ecbda1c6a8b2e36faa8b723a624 done
#6 exporting config sha256:ad9568a79883661f5b7399d87b99e718e47d93a37496672ce3cc3493c7a813e1 done
#6 exporting attestation manifest sha256:96ac770c49a467115cb77267247d83304948abcc5baaa2b8954548e947bfb25b done
#6 exporting manifest list sha256:d082b534326c23468c7eaf623da7542690bc72f513932ada29d0a33706b11018 done
#6 naming to docker.io/library/cdk-b88284e8533f19eb9f4e68a95bb6c02a2133a18e257c811977ee854e4dd1b826:latest done
#6 unpacking to docker.io/library/cdk-b88284e8533f19eb9f4e68a95bb6c02a2133a18e257c811977ee854e4dd1b826:latest done
#6 DONE 0.0s

View build details: docker-desktop://dashboard/build/desktop-linux/desktop-linux/v4lqltyntbolzkimppe1ul6ys
Bundling asset analytics-stack/AggregatorFunction/Code/Stage...

  ...680ee97c4b51bc73e87bb07bad5cc1f2a2d46a95afd22c-building/index.js  155.7kb

⚡ Done in 22ms
Bundling asset analytics-stack/ApiLambda/Code/Stage...

  ...6f8b1afb721c227097b4a9c3d324ffe699d887fe1a1560-building/index.js  654.4kb

⚡ Done in 13ms
Bundling asset analytics-stack/RollupLambda/Function/Code/Stage...

  ...9600391f9433db2c2b6f01a5ae5a36b66c44260f2200385-building/index.js  19.5kb

⚡ Done in 2ms
Bundling asset tenant-template-stack-basic/CognitoLoginEmitter/Function/Code/Stage...

  ...3e3320b3a8192c1d9e03826c5b6abc1898a66ec552cb0efc-building/index.js  4.1kb

⚡ Done in 1ms
current credentials could not be used to assume 'arn:aws:iam::715860911762:role/cdk-hnb659fds-lookup-role-715860911762-us-east-2', but are for the right account. Proceeding anyway.
Lookup role arn:aws:iam::715860911762:role/cdk-hnb659fds-lookup-role-715860911762-us-east-2 was not assumed. Proceeding with default credentials.
Lookup role arn:aws:iam::715860911762:role/cdk-hnb659fds-lookup-role-715860911762-us-east-2 was not assumed. Proceeding with default credentials.
current credentials could not be used to assume 'arn:aws:iam::715860911762:role/cdk-hnb659fds-deploy-role-715860911762-us-east-2', but are for the right account. Proceeding anyway.
start: Building shared-infra-stack Template
success: Built shared-infra-stack Template
start: Publishing shared-infra-stack Template (current_account-current_region)
current credentials could not be used to assume 'arn:aws:iam::715860911762:role/cdk-hnb659fds-file-publishing-role-715860911762-us-east-2', but are for the right account. Proceeding anyway.
success: Published shared-infra-stack Template (current_account-current_region)
current credentials could not be used to assume 'arn:aws:iam::715860911762:role/cdk-hnb659fds-deploy-role-715860911762-us-east-2', but are for the right account. Proceeding anyway.
Hold on while we create a read-only change set to get a diff with accurate replacement information (use --method=template to use a less accurate but faster template-only diff)

Stack shared-infra-stack
Resources
[-] AWS::ApiGateway::Deployment ApiGateway/TenantApi/Deployment ApiGatewayTenantApiDeployment4DA0AEAF7e26f8716eb9ed7bcadbec9463f5e17e destroy
[+] AWS::ApiGateway::Deployment ApiGateway/TenantApi/Deployment ApiGatewayTenantApiDeployment4DA0AEAF1f7cfcba54ced308af5e4b664ba25921
[~] AWS::ApiGateway::RestApi ApiGateway/TenantApi ApiGatewayTenantApiF5CE34AA
 └─ [~] Body
     └─ [~] .paths:
         ├─ [+] Added: ./academics/schools/{schoolId}/years/{yearId}/students/{studentId}/student-school-association
         ├─ [+] Added: ./academics/students/{studentId}/descriptors
         └─ [+] Added: ./academics/students/{studentId}/student-school-associations
[~] AWS::ApiGateway::Stage ApiGateway/TenantApi/DeploymentStage.prod ApiGatewayTenantApiDeploymentStageprod5419DFE5
 └─ [~] DeploymentId
     └─ [~] .Ref:
         ├─ [-] ApiGatewayTenantApiDeployment4DA0AEAF7e26f8716eb9ed7bcadbec9463f5e17e
         └─ [+] ApiGatewayTenantApiDeployment4DA0AEAF1f7cfcba54ced308af5e4b664ba25921

Omitted 2 changes because they are likely mangled non-ASCII characters. Use --strict to print them.


✨  Number of stacks with differences: 1

