[cdk] env file: .env + .env.uat
CDK NAG:  false
#0 building with "desktop-linux" instance using docker driver

#1 [internal] load build definition from Dockerfile
#1 transferring dockerfile: 1.56kB done
#1 DONE 0.0s

#2 [internal] load metadata for public.ecr.aws/sam/build-python3.10:latest
#2 DONE 0.8s

#3 [internal] load .dockerignore
#3 transferring context: 2B done
#3 DONE 0.0s

#4 [1/2] FROM public.ecr.aws/sam/build-python3.10:latest@sha256:2421fe882644e88ff4d0d10f0147f8a1671a84c475da6eeaee59e61b4b3d307f
#4 resolve public.ecr.aws/sam/build-python3.10:latest@sha256:2421fe882644e88ff4d0d10f0147f8a1671a84c475da6eeaee59e61b4b3d307f done
#4 DONE 0.0s

#5 [2/2] RUN     python -m venv /usr/app/venv &&     mkdir /tmp/pip-cache &&     chmod -R 777 /tmp/pip-cache &&     pip install --upgrade pip &&     mkdir /tmp/poetry-cache &&     chmod -R 777 /tmp/poetry-cache &&     pip install pipenv==2022.4.8 poetry==1.5.1 &&     rm -rf /tmp/pip-cache/* /tmp/poetry-cache/*
#5 CACHED

#6 exporting to image
#6 exporting layers done
#6 exporting manifest sha256:51513a9b0014c33907038e04a6966341582349788f94478c8d4e2dac4b062442 done
#6 exporting config sha256:cebb20296a30cbe48d609d89fef25ef93ea52f2d321f34d5c83e7fd2f2565123 done
#6 exporting attestation manifest sha256:29e96685deaf727d63b71be1d4815902ff7d315c2375ebdc71fcd9038577fbc0 0.0s done
#6 exporting manifest list sha256:4731d6203f7c65e9ee8fc95cc6b9365ac4efcd37e8da4ded180fa5785f4cd2af done
#6 naming to docker.io/library/cdk-cc00d3c8b7a394c42c1b7f01c426af15484ab3611aaa7dd8dbb441f6fd21c223:latest done
#6 DONE 0.0s

View build details: docker-desktop://dashboard/build/desktop-linux/desktop-linux/qmjiwmtw7bz5pt2hsbp00c4kb
#0 building with "desktop-linux" instance using docker driver

#1 [internal] load build definition from Dockerfile
#1 transferring dockerfile: 1.56kB done
#1 DONE 0.0s

#2 [internal] load metadata for public.ecr.aws/sam/build-python3.10:latest
#2 DONE 0.2s

#3 [internal] load .dockerignore
#3 transferring context: 2B done
#3 DONE 0.0s

#4 [1/2] FROM public.ecr.aws/sam/build-python3.10:latest@sha256:2421fe882644e88ff4d0d10f0147f8a1671a84c475da6eeaee59e61b4b3d307f
#4 resolve public.ecr.aws/sam/build-python3.10:latest@sha256:2421fe882644e88ff4d0d10f0147f8a1671a84c475da6eeaee59e61b4b3d307f done
#4 DONE 0.0s

#5 [2/2] RUN     python -m venv /usr/app/venv &&     mkdir /tmp/pip-cache &&     chmod -R 777 /tmp/pip-cache &&     pip install --upgrade pip &&     mkdir /tmp/poetry-cache &&     chmod -R 777 /tmp/poetry-cache &&     pip install pipenv==2022.4.8 poetry==1.5.1 &&     rm -rf /tmp/pip-cache/* /tmp/poetry-cache/*
#5 CACHED

#6 exporting to image
#6 exporting layers done
#6 exporting manifest sha256:51513a9b0014c33907038e04a6966341582349788f94478c8d4e2dac4b062442 done
#6 exporting config sha256:cebb20296a30cbe48d609d89fef25ef93ea52f2d321f34d5c83e7fd2f2565123 done
#6 exporting attestation manifest sha256:c77078b02bbd273192cb1604d15e2e664aad7c30e941a0ab163f1a3b780350c3 done
#6 exporting manifest list sha256:be711d562b5293d4c2b5fa75f28d95d8a91586d428301e051ce104311bd19419 done
#6 naming to docker.io/library/cdk-cc00d3c8b7a394c42c1b7f01c426af15484ab3611aaa7dd8dbb441f6fd21c223:latest done
#6 DONE 0.0s

View build details: docker-desktop://dashboard/build/desktop-linux/desktop-linux/hlhhz8cguih73vkdg91iw8kiq
#0 building with "desktop-linux" instance using docker driver

#1 [internal] load build definition from Dockerfile
#1 transferring dockerfile: 1.56kB done
#1 DONE 0.0s

#2 [internal] load metadata for public.ecr.aws/sam/build-python3.13:latest
#2 DONE 0.7s

#3 [internal] load .dockerignore
#3 transferring context: 2B done
#3 DONE 0.0s

#4 [1/2] FROM public.ecr.aws/sam/build-python3.13:latest@sha256:be015b4dbfce398c76feb589c307073a48aed25b6accee4db41a481b78a490d2
#4 resolve public.ecr.aws/sam/build-python3.13:latest@sha256:be015b4dbfce398c76feb589c307073a48aed25b6accee4db41a481b78a490d2 done
#4 DONE 0.0s

#5 [2/2] RUN     python -m venv /usr/app/venv &&     mkdir /tmp/pip-cache &&     chmod -R 777 /tmp/pip-cache &&     pip install --upgrade pip &&     mkdir /tmp/poetry-cache &&     chmod -R 777 /tmp/poetry-cache &&     pip install pipenv==2022.4.8 poetry==1.5.1 &&     rm -rf /tmp/pip-cache/* /tmp/poetry-cache/*
#5 CACHED

#6 exporting to image
#6 exporting layers done
#6 exporting manifest sha256:13a6185e9271e933a5926f5f04489192d9d49ecbda1c6a8b2e36faa8b723a624 done
#6 exporting config sha256:ad9568a79883661f5b7399d87b99e718e47d93a37496672ce3cc3493c7a813e1 done
#6 exporting attestation manifest sha256:5d2b1cbabbeb0aa9d48e0ed52644fc44e4d7725ef224fff2f7523a3f34cd8714 done
#6 exporting manifest list sha256:64f828441b91fff2e3ea73e25b3f68bf66975cf24205537d7ef83562b99a226e done
#6 naming to docker.io/library/cdk-b88284e8533f19eb9f4e68a95bb6c02a2133a18e257c811977ee854e4dd1b826:latest done
#6 unpacking to docker.io/library/cdk-b88284e8533f19eb9f4e68a95bb6c02a2133a18e257c811977ee854e4dd1b826:latest done
#6 DONE 0.0s

View build details: docker-desktop://dashboard/build/desktop-linux/desktop-linux/uf74fgw3b2wim8nbjgs71dbel
#0 building with "desktop-linux" instance using docker driver

#1 [internal] load build definition from Dockerfile
#1 transferring dockerfile: 1.56kB done
#1 DONE 0.0s

#2 [internal] load metadata for public.ecr.aws/sam/build-python3.13:latest
#2 DONE 0.3s

#3 [internal] load .dockerignore
#3 transferring context: 2B done
#3 DONE 0.0s

#4 [1/2] FROM public.ecr.aws/sam/build-python3.13:latest@sha256:be015b4dbfce398c76feb589c307073a48aed25b6accee4db41a481b78a490d2
#4 resolve public.ecr.aws/sam/build-python3.13:latest@sha256:be015b4dbfce398c76feb589c307073a48aed25b6accee4db41a481b78a490d2 done
#4 DONE 0.0s

#5 [2/2] RUN     python -m venv /usr/app/venv &&     mkdir /tmp/pip-cache &&     chmod -R 777 /tmp/pip-cache &&     pip install --upgrade pip &&     mkdir /tmp/poetry-cache &&     chmod -R 777 /tmp/poetry-cache &&     pip install pipenv==2022.4.8 poetry==1.5.1 &&     rm -rf /tmp/pip-cache/* /tmp/poetry-cache/*
#5 CACHED

#6 exporting to image
#6 exporting layers done
#6 exporting manifest sha256:13a6185e9271e933a5926f5f04489192d9d49ecbda1c6a8b2e36faa8b723a624 done
#6 exporting config sha256:ad9568a79883661f5b7399d87b99e718e47d93a37496672ce3cc3493c7a813e1 done
#6 exporting attestation manifest sha256:50181d3e8fd4e8817360882d228be270e7abd67e1e39aacad719ccfa67f4688e done
#6 exporting manifest list sha256:69064ab34cff1d101c97be08acd68da2f00ff375f35c76f0d18d4a0e8aa155f2 done
#6 naming to docker.io/library/cdk-b88284e8533f19eb9f4e68a95bb6c02a2133a18e257c811977ee854e4dd1b826:latest done
#6 unpacking to docker.io/library/cdk-b88284e8533f19eb9f4e68a95bb6c02a2133a18e257c811977ee854e4dd1b826:latest done
#6 DONE 0.0s

View build details: docker-desktop://dashboard/build/desktop-linux/desktop-linux/mkk70pqr9jh4vpyzvlur3n7b8
#0 building with "desktop-linux" instance using docker driver

#1 [internal] load build definition from Dockerfile
#1 transferring dockerfile: 1.56kB done
#1 DONE 0.0s

#2 [internal] load metadata for public.ecr.aws/sam/build-python3.13:latest
#2 DONE 0.2s

#3 [internal] load .dockerignore
#3 transferring context: 2B done
#3 DONE 0.0s

#4 [1/2] FROM public.ecr.aws/sam/build-python3.13:latest@sha256:be015b4dbfce398c76feb589c307073a48aed25b6accee4db41a481b78a490d2
#4 resolve public.ecr.aws/sam/build-python3.13:latest@sha256:be015b4dbfce398c76feb589c307073a48aed25b6accee4db41a481b78a490d2 done
#4 DONE 0.0s

#5 [2/2] RUN     python -m venv /usr/app/venv &&     mkdir /tmp/pip-cache &&     chmod -R 777 /tmp/pip-cache &&     pip install --upgrade pip &&     mkdir /tmp/poetry-cache &&     chmod -R 777 /tmp/poetry-cache &&     pip install pipenv==2022.4.8 poetry==1.5.1 &&     rm -rf /tmp/pip-cache/* /tmp/poetry-cache/*
#5 CACHED

#6 exporting to image
#6 exporting layers done
#6 exporting manifest sha256:13a6185e9271e933a5926f5f04489192d9d49ecbda1c6a8b2e36faa8b723a624 done
#6 exporting config sha256:ad9568a79883661f5b7399d87b99e718e47d93a37496672ce3cc3493c7a813e1 done
#6 exporting attestation manifest sha256:b3d6d60147e96b14fe268bbd5f98f8bc2f5d63dc39d5285928758f6910443145 done
#6 exporting manifest list sha256:ce1ee043bb0792b4cb5dd21022a64f2564f1605e0bec6ffe060e9386b9ec6008 done
#6 naming to docker.io/library/cdk-b88284e8533f19eb9f4e68a95bb6c02a2133a18e257c811977ee854e4dd1b826:latest done
#6 unpacking to docker.io/library/cdk-b88284e8533f19eb9f4e68a95bb6c02a2133a18e257c811977ee854e4dd1b826:latest done
#6 DONE 0.0s

View build details: docker-desktop://dashboard/build/desktop-linux/desktop-linux/v4uhfke3e1hcyajqx6fnsni2c
#0 building with "desktop-linux" instance using docker driver

#1 [internal] load build definition from Dockerfile
#1 transferring dockerfile: 1.56kB done
#1 DONE 0.0s

#2 [internal] load metadata for public.ecr.aws/sam/build-python3.13:latest
#2 DONE 0.1s

#3 [internal] load .dockerignore
#3 transferring context: 2B done
#3 DONE 0.0s

#4 [1/2] FROM public.ecr.aws/sam/build-python3.13:latest@sha256:be015b4dbfce398c76feb589c307073a48aed25b6accee4db41a481b78a490d2
#4 resolve public.ecr.aws/sam/build-python3.13:latest@sha256:be015b4dbfce398c76feb589c307073a48aed25b6accee4db41a481b78a490d2 done
#4 DONE 0.0s

#5 [2/2] RUN     python -m venv /usr/app/venv &&     mkdir /tmp/pip-cache &&     chmod -R 777 /tmp/pip-cache &&     pip install --upgrade pip &&     mkdir /tmp/poetry-cache &&     chmod -R 777 /tmp/poetry-cache &&     pip install pipenv==2022.4.8 poetry==1.5.1 &&     rm -rf /tmp/pip-cache/* /tmp/poetry-cache/*
#5 CACHED

#6 exporting to image
#6 exporting layers done
#6 exporting manifest sha256:13a6185e9271e933a5926f5f04489192d9d49ecbda1c6a8b2e36faa8b723a624 done
#6 exporting config sha256:ad9568a79883661f5b7399d87b99e718e47d93a37496672ce3cc3493c7a813e1 done
#6 exporting attestation manifest sha256:8b35fe84bedd42dd8e269fd75ba8ba66c5f9d19e2b3f201b651b99485ff431ba done
#6 exporting manifest list sha256:d073e2c7f42a37b518a3798f260ed811663ca7162ef5fda79f82bafbe3e95cf3 done
#6 naming to docker.io/library/cdk-b88284e8533f19eb9f4e68a95bb6c02a2133a18e257c811977ee854e4dd1b826:latest done
#6 unpacking to docker.io/library/cdk-b88284e8533f19eb9f4e68a95bb6c02a2133a18e257c811977ee854e4dd1b826:latest done
#6 DONE 0.0s

View build details: docker-desktop://dashboard/build/desktop-linux/desktop-linux/qiu10njrsaozsdclulhw10xbq
#0 building with "desktop-linux" instance using docker driver

#1 [internal] load build definition from Dockerfile
#1 transferring dockerfile: 1.56kB done
#1 DONE 0.0s

#2 [internal] load metadata for public.ecr.aws/sam/build-python3.13:latest
#2 DONE 0.1s

#3 [internal] load .dockerignore
#3 transferring context: 2B done
#3 DONE 0.0s

#4 [1/2] FROM public.ecr.aws/sam/build-python3.13:latest@sha256:be015b4dbfce398c76feb589c307073a48aed25b6accee4db41a481b78a490d2
#4 resolve public.ecr.aws/sam/build-python3.13:latest@sha256:be015b4dbfce398c76feb589c307073a48aed25b6accee4db41a481b78a490d2 done
#4 DONE 0.0s

#5 [2/2] RUN     python -m venv /usr/app/venv &&     mkdir /tmp/pip-cache &&     chmod -R 777 /tmp/pip-cache &&     pip install --upgrade pip &&     mkdir /tmp/poetry-cache &&     chmod -R 777 /tmp/poetry-cache &&     pip install pipenv==2022.4.8 poetry==1.5.1 &&     rm -rf /tmp/pip-cache/* /tmp/poetry-cache/*
#5 CACHED

#6 exporting to image
#6 exporting layers done
#6 exporting manifest sha256:13a6185e9271e933a5926f5f04489192d9d49ecbda1c6a8b2e36faa8b723a624 done
#6 exporting config sha256:ad9568a79883661f5b7399d87b99e718e47d93a37496672ce3cc3493c7a813e1 done
#6 exporting attestation manifest sha256:12f5327393bae58f530c12ee9f7d9dc8591048fb77ccf6803ee4db22a7de9f30 done
#6 exporting manifest list sha256:6313fa323f43af995611f525276c98d88e87965c669aad02bb9403daec60fbd0 done
#6 naming to docker.io/library/cdk-b88284e8533f19eb9f4e68a95bb6c02a2133a18e257c811977ee854e4dd1b826:latest done
#6 unpacking to docker.io/library/cdk-b88284e8533f19eb9f4e68a95bb6c02a2133a18e257c811977ee854e4dd1b826:latest done
#6 DONE 0.0s

View build details: docker-desktop://dashboard/build/desktop-linux/desktop-linux/p7noy5p44kzjvez565ihf5er1
#0 building with "desktop-linux" instance using docker driver

#1 [internal] load build definition from Dockerfile
#1 transferring dockerfile: 1.56kB done
#1 DONE 0.0s

#2 [internal] load metadata for public.ecr.aws/sam/build-python3.13:latest
#2 DONE 0.2s

#3 [internal] load .dockerignore
#3 transferring context: 2B done
#3 DONE 0.0s

#4 [1/2] FROM public.ecr.aws/sam/build-python3.13:latest@sha256:be015b4dbfce398c76feb589c307073a48aed25b6accee4db41a481b78a490d2
#4 resolve public.ecr.aws/sam/build-python3.13:latest@sha256:be015b4dbfce398c76feb589c307073a48aed25b6accee4db41a481b78a490d2 done
#4 DONE 0.0s

#5 [2/2] RUN     python -m venv /usr/app/venv &&     mkdir /tmp/pip-cache &&     chmod -R 777 /tmp/pip-cache &&     pip install --upgrade pip &&     mkdir /tmp/poetry-cache &&     chmod -R 777 /tmp/poetry-cache &&     pip install pipenv==2022.4.8 poetry==1.5.1 &&     rm -rf /tmp/pip-cache/* /tmp/poetry-cache/*
#5 CACHED

#6 exporting to image
#6 exporting layers done
#6 exporting manifest sha256:13a6185e9271e933a5926f5f04489192d9d49ecbda1c6a8b2e36faa8b723a624 done
#6 exporting config sha256:ad9568a79883661f5b7399d87b99e718e47d93a37496672ce3cc3493c7a813e1 done
#6 exporting attestation manifest sha256:3a187f437faf7a050909e974f0205314daa3864854256b96c5db6296e71386de done
#6 exporting manifest list sha256:a68c9e6dd6ffb4bfd47bd0e6af39b7995245657a1e3ba9b5e04cf508cff297ca done
#6 naming to docker.io/library/cdk-b88284e8533f19eb9f4e68a95bb6c02a2133a18e257c811977ee854e4dd1b826:latest done
#6 unpacking to docker.io/library/cdk-b88284e8533f19eb9f4e68a95bb6c02a2133a18e257c811977ee854e4dd1b826:latest done
#6 DONE 0.0s

View build details: docker-desktop://dashboard/build/desktop-linux/desktop-linux/w7yewp7uzpuljki7h93bivrwb
Bundling asset analytics-stack/AggregatorFunction/Code/Stage...

  ...680ee97c4b51bc73e87bb07bad5cc1f2a2d46a95afd22c-building/index.js  155.7kb

⚡ Done in 21ms
Bundling asset analytics-stack/ApiLambda/Code/Stage...

  ...6f8b1afb721c227097b4a9c3d324ffe699d887fe1a1560-building/index.js  604.1kb

⚡ Done in 17ms
Bundling asset analytics-stack/RollupLambda/Function/Code/Stage...

  ...9600391f9433db2c2b6f01a5ae5a36b66c44260f2200385-building/index.js  19.5kb

⚡ Done in 2ms
Bundling asset tenant-template-stack-basic/CognitoLoginEmitter/Function/Code/Stage...

  ...3e3320b3a8192c1d9e03826c5b6abc1898a66ec552cb0efc-building/index.js  4.1kb

⚡ Done in 2ms
current credentials could not be used to assume 'arn:aws:iam::715860911762:role/cdk-hnb659fds-lookup-role-715860911762-us-east-2', but are for the right account. Proceeding anyway.
Lookup role arn:aws:iam::715860911762:role/cdk-hnb659fds-lookup-role-715860911762-us-east-2 was not assumed. Proceeding with default credentials.
Lookup role arn:aws:iam::715860911762:role/cdk-hnb659fds-lookup-role-715860911762-us-east-2 was not assumed. Proceeding with default credentials.
current credentials could not be used to assume 'arn:aws:iam::715860911762:role/cdk-hnb659fds-deploy-role-715860911762-us-east-2', but are for the right account. Proceeding anyway.
start: Building shared-infra-stack Template
success: Built shared-infra-stack Template
start: Publishing shared-infra-stack Template (current_account-current_region)
current credentials could not be used to assume 'arn:aws:iam::715860911762:role/cdk-hnb659fds-file-publishing-role-715860911762-us-east-2', but are for the right account. Proceeding anyway.
success: Published shared-infra-stack Template (current_account-current_region)
current credentials could not be used to assume 'arn:aws:iam::715860911762:role/cdk-hnb659fds-deploy-role-715860911762-us-east-2', but are for the right account. Proceeding anyway.
Hold on while we create a read-only change set to get a diff with accurate replacement information (use --method=template to use a less accurate but faster template-only diff)

Stack shared-infra-stack
Resources
[-] AWS::ApiGateway::Deployment ApiGateway/TenantApi/Deployment ApiGatewayTenantApiDeployment4DA0AEAFaa04d22bd56db3aaeb472360064c338a destroy
[+] AWS::ApiGateway::Deployment ApiGateway/TenantApi/Deployment ApiGatewayTenantApiDeployment4DA0AEAF7e26f8716eb9ed7bcadbec9463f5e17e
[~] AWS::ApiGateway::RestApi ApiGateway/TenantApi ApiGatewayTenantApiF5CE34AA
 └─ [~] Body
     └─ [~] .paths:
         ├─ [+] Added: ./iemis/audit
         └─ [+] Added: ./iemis/verify-school-code/{code}
[~] AWS::ApiGateway::Stage ApiGateway/TenantApi/DeploymentStage.prod ApiGatewayTenantApiDeploymentStageprod5419DFE5
 └─ [~] DeploymentId
     └─ [~] .Ref:
         ├─ [-] ApiGatewayTenantApiDeployment4DA0AEAFaa04d22bd56db3aaeb472360064c338a
         └─ [+] ApiGatewayTenantApiDeployment4DA0AEAF7e26f8716eb9ed7bcadbec9463f5e17e

Omitted 2 changes because they are likely mangled non-ASCII characters. Use --strict to print them.


✨  Number of stacks with differences: 1

