Scoped to single service: identity
Login Succeeded
Image version tag: 554d5ea-20260423204733
[0;33m==========[0;32m Repository [identity] checking... [0;33m==========[0m
Repository [identity] already exists.
{
    "registryId": "715860911762",
    "repositoryName": "identity",
    "lifecyclePolicyText": "{\"rules\":[{\"rulePriority\":1,\"description\":\"Keep last 10 versioned images\",\"selection\":{\"tagStatus\":\"tagged\",\"tagPrefixList\":[\"nogit\",\"latest\"],\"countType\":\"imageCountMoreThan\",\"countNumber\":10},\"action\":{\"type\":\"expire\"}},{\"rulePriority\":2,\"description\":\"Expire untagged images after 7 days\",\"selection\":{\"tagStatus\":\"untagged\",\"countType\":\"sinceImagePushed\",\"countUnit\":\"days\",\"countNumber\":7},\"action\":{\"type\":\"expire\"}}]}"
}
Building identity service from monorepo root...
#0 building with "desktop-linux" instance using docker driver

#1 [internal] load build definition from Dockerfile.identity
#1 transferring dockerfile: 1.80kB done
#1 DONE 0.0s

#2 [auth] library/node:pull token for registry-1.docker.io
#2 DONE 0.0s

#3 [internal] load metadata for docker.io/library/node:20-alpine
#3 DONE 0.6s

#4 [internal] load .dockerignore
#4 transferring context: 404B done
#4 DONE 0.0s

#5 [build 1/7] FROM docker.io/library/node:20-alpine@sha256:fb4cd12c85ee03686f6af5362a0b0d56d50c58a04632e6c0fb8363f609372293
#5 resolve docker.io/library/node:20-alpine@sha256:fb4cd12c85ee03686f6af5362a0b0d56d50c58a04632e6c0fb8363f609372293 done
#5 DONE 0.0s

#6 [internal] load build context
#6 transferring context: 91.75kB 0.0s done
#6 DONE 0.0s

#7 [build 2/7] WORKDIR /app
#7 CACHED

#8 [build 3/7] RUN apk update && apk upgrade
#8 CACHED

#9 [build 4/7] COPY server/application/package.json ./
#9 DONE 0.0s

#10 [build 5/7] RUN npm install --legacy-peer-deps --omit=optional
#10 ...

#11 [stage-1 5/7] RUN npm install --omit=dev --omit=optional --legacy-peer-deps && npm cache clean --force
#11 ...

#10 [build 5/7] RUN npm install --legacy-peer-deps --omit=optional
#10 22.77 npm warn deprecated inflight@1.0.6: This module is not supported, and leaks memory. Do not use it. Check out lru-cache if you want a good and tested way to coalesce async requests by a key value, which is much more comprehensive and powerful.
#10 26.99 npm warn deprecated glob@7.2.3: Old versions of glob are not supported, and contain widely publicized security vulnerabilities, which have been fixed in the current version. Please update. Support for old versions may be purchased (at exorbitant rates) by contacting i@izs.me
#10 27.02 npm warn deprecated glob@7.2.3: Old versions of glob are not supported, and contain widely publicized security vulnerabilities, which have been fixed in the current version. Please update. Support for old versions may be purchased (at exorbitant rates) by contacting i@izs.me
#10 27.02 npm warn deprecated glob@7.2.3: Old versions of glob are not supported, and contain widely publicized security vulnerabilities, which have been fixed in the current version. Please update. Support for old versions may be purchased (at exorbitant rates) by contacting i@izs.me
#10 27.02 npm warn deprecated glob@7.2.3: Old versions of glob are not supported, and contain widely publicized security vulnerabilities, which have been fixed in the current version. Please update. Support for old versions may be purchased (at exorbitant rates) by contacting i@izs.me
#10 27.04 npm warn deprecated glob@10.4.5: Old versions of glob are not supported, and contain widely publicized security vulnerabilities, which have been fixed in the current version. Please update. Support for old versions may be purchased (at exorbitant rates) by contacting i@izs.me
#10 ...

#11 [stage-1 5/7] RUN npm install --omit=dev --omit=optional --legacy-peer-deps && npm cache clean --force
#11 24.25 npm warn deprecated glob@10.4.5: Old versions of glob are not supported, and contain widely publicized security vulnerabilities, which have been fixed in the current version. Please update. Support for old versions may be purchased (at exorbitant rates) by contacting i@izs.me
#11 26.99 
#11 26.99 added 312 packages, and audited 313 packages in 26s
#11 26.99 
#11 26.99 53 packages are looking for funding
#11 26.99   run `npm fund` for details
#11 27.01 
#11 27.01 11 vulnerabilities (7 moderate, 4 high)
#11 27.01 
#11 27.01 To address issues that do not require attention, run:
#11 27.01   npm audit fix
#11 27.01 
#11 27.01 To address all issues (including breaking changes), run:
#11 27.01   npm audit fix --force
#11 27.01 
#11 27.01 Run `npm audit` for details.
#11 27.01 npm notice
#11 27.01 npm notice New major version of npm available! 10.8.2 -> 11.13.0
#11 27.01 npm notice Changelog: https://github.com/npm/cli/releases/tag/v11.13.0
#11 27.01 npm notice To update run: npm install -g npm@11.13.0
#11 27.01 npm notice
#11 27.44 npm warn using --force Recommended protections disabled.
#11 DONE 28.5s

#10 [build 5/7] RUN npm install --legacy-peer-deps --omit=optional
#10 32.79 
#10 32.79 added 785 packages, and audited 786 packages in 32s
#10 32.79 
#10 32.79 111 packages are looking for funding
#10 32.79   run `npm fund` for details
#10 32.88 
#10 32.88 22 vulnerabilities (4 low, 12 moderate, 6 high)
#10 32.88 
#10 32.88 To address issues that do not require attention, run:
#10 32.88   npm audit fix
#10 32.88 
#10 32.88 To address all issues (including breaking changes), run:
#10 32.88   npm audit fix --force
#10 32.88 
#10 32.88 Run `npm audit` for details.
#10 32.88 npm notice
#10 32.88 npm notice New major version of npm available! 10.8.2 -> 11.13.0
#10 32.88 npm notice Changelog: https://github.com/npm/cli/releases/tag/v11.13.0
#10 32.88 npm notice To update run: npm install -g npm@11.13.0
#10 32.88 npm notice
#10 DONE 33.1s

#12 [build 6/7] COPY server/application .
#12 DONE 0.2s

#13 [build 7/7] RUN npm run build identity
#13 0.502 
#13 0.502 > application@0.0.1 prebuild
#13 0.502 > rimraf dist
#13 0.502 
#13 0.832 
#13 0.832 > application@0.0.1 build
#13 0.832 > nest build identity
#13 0.832 
#13 9.321 webpack 5.97.1 compiled [1m[32msuccessfully[39m[22m in 7626 ms
#13 DONE 9.9s

#14 [stage-1 6/7] COPY --from=build /app/dist ./dist
#14 DONE 0.1s

#15 [stage-1 7/7] COPY --from=build /app/libs ./libs
#15 DONE 0.0s

#16 exporting to image
#16 exporting layers
#16 exporting layers 1.5s done
#16 exporting manifest sha256:cec68b39fe9c1b6c8fb999c163f9dd26ca331f4e4aca9c303fb7a5dcd52c0389 done
#16 exporting config sha256:7e92db35eff4dd3728418c45caecf03e596346e1e5d49ddd8d33d92189d811e1 done
#16 exporting attestation manifest sha256:2cf2d23b0e620a14bbc824f2d115d2ce150df4d181bc13f3ebc9e16c6300f16d done
#16 exporting manifest list sha256:acc64430fe52fddd9199a71ff51b473a4f573d8a9dafa2aa90c8d1102dddb2a7 done
#16 naming to 715860911762.dkr.ecr.us-east-2.amazonaws.com/identity:latest done
#16 DONE 1.5s

View build details: docker-desktop://dashboard/build/desktop-linux/desktop-linux/pno90uv0yfertypslnkxceerp
The push refers to repository [715860911762.dkr.ecr.us-east-2.amazonaws.com/identity]
3667350459f0: Waiting
e335e12c062d: Waiting
fff4e2c1b189: Waiting
7282ccc6a6e9: Waiting
6ea676a4e793: Waiting
4feea04c1543: Waiting
ddd66c5608eb: Waiting
6a0ac1617861: Waiting
ae983fba443c: Waiting
b2cbbfe903b0: Waiting
143537d4938f: Waiting
6ea676a4e793: Waiting
4feea04c1543: Waiting
ddd66c5608eb: Waiting
6a0ac1617861: Waiting
ae983fba443c: Waiting
b2cbbfe903b0: Waiting
143537d4938f: Waiting
3667350459f0: Waiting
e335e12c062d: Waiting
fff4e2c1b189: Waiting
7282ccc6a6e9: Waiting
ddd66c5608eb: Layer already exists
6a0ac1617861: Waiting
ae983fba443c: Waiting
b2cbbfe903b0: Layer already exists
143537d4938f: Waiting
3667350459f0: Waiting
e335e12c062d: Waiting
fff4e2c1b189: Waiting
7282ccc6a6e9: Layer already exists
6ea676a4e793: Waiting
4feea04c1543: Waiting
e335e12c062d: Waiting
fff4e2c1b189: Layer already exists
4feea04c1543: Layer already exists
6a0ac1617861: Layer already exists
ae983fba443c: Waiting
143537d4938f: Waiting
3667350459f0: Waiting
e335e12c062d: Waiting
6ea676a4e793: Pushed
3667350459f0: Pushed
143537d4938f: Pushed
e335e12c062d: Pushed
ae983fba443c: Pushed
554d5ea-20260423204733: digest: sha256:acc64430fe52fddd9199a71ff51b473a4f573d8a9dafa2aa90c8d1102dddb2a7 size: 856
The push refers to repository [715860911762.dkr.ecr.us-east-2.amazonaws.com/identity]
4feea04c1543: Waiting
b2cbbfe903b0: Waiting
ddd66c5608eb: Waiting
7282ccc6a6e9: Waiting
6ea676a4e793: Waiting
143537d4938f: Waiting
3667350459f0: Waiting
e335e12c062d: Waiting
6a0ac1617861: Waiting
fff4e2c1b189: Waiting
ae983fba443c: Waiting
fff4e2c1b189: Waiting
ae983fba443c: Waiting
4feea04c1543: Waiting
b2cbbfe903b0: Waiting
ddd66c5608eb: Waiting
7282ccc6a6e9: Waiting
6ea676a4e793: Waiting
143537d4938f: Waiting
3667350459f0: Waiting
e335e12c062d: Waiting
6a0ac1617861: Waiting
b2cbbfe903b0: Waiting
ddd66c5608eb: Waiting
7282ccc6a6e9: Waiting
6ea676a4e793: Waiting
143537d4938f: Waiting
3667350459f0: Already exists
e335e12c062d: Waiting
6a0ac1617861: Layer already exists
fff4e2c1b189: Waiting
ae983fba443c: Waiting
4feea04c1543: Waiting
ddd66c5608eb: Layer already exists
7282ccc6a6e9: Layer already exists
6ea676a4e793: Layer already exists
143537d4938f: Layer already exists
e335e12c062d: Layer already exists
fff4e2c1b189: Layer already exists
ae983fba443c: Layer already exists
4feea04c1543: Layer already exists
b2cbbfe903b0: Waiting
b2cbbfe903b0: Layer already exists
latest: digest: sha256:acc64430fe52fddd9199a71ff51b473a4f573d8a9dafa2aa90c8d1102dddb2a7 size: 856
Pushed: 715860911762.dkr.ecr.us-east-2.amazonaws.com/identity:554d5ea-20260423204733 (also tagged :latest)

==============================================
EdForge Service Build Complete: identity
==============================================
Built services: identity

Note: Tenant service is Lambda-based and deployed via CDK (cdk deploy)
==============================================
