[cdk] env file: .env + .env.uat
CDK NAG:  false
#0 building with "desktop-linux" instance using docker driver

#1 [internal] load build definition from Dockerfile
#1 transferring dockerfile: 1.56kB done
#1 DONE 0.0s

#2 [internal] load metadata for public.ecr.aws/sam/build-python3.10:latest
#2 DONE 1.0s

#3 [internal] load .dockerignore
#3 transferring context: 2B done
#3 DONE 0.0s

#4 [1/2] FROM public.ecr.aws/sam/build-python3.10:latest@sha256:2421fe882644e88ff4d0d10f0147f8a1671a84c475da6eeaee59e61b4b3d307f
#4 resolve public.ecr.aws/sam/build-python3.10:latest@sha256:2421fe882644e88ff4d0d10f0147f8a1671a84c475da6eeaee59e61b4b3d307f done
#4 DONE 0.0s

#5 [2/2] RUN     python -m venv /usr/app/venv &&     mkdir /tmp/pip-cache &&     chmod -R 777 /tmp/pip-cache &&     pip install --upgrade pip &&     mkdir /tmp/poetry-cache &&     chmod -R 777 /tmp/poetry-cache &&     pip install pipenv==2022.4.8 poetry==1.5.1 &&     rm -rf /tmp/pip-cache/* /tmp/poetry-cache/*
#5 CACHED

#6 exporting to image
#6 exporting layers done
#6 exporting manifest sha256:51513a9b0014c33907038e04a6966341582349788f94478c8d4e2dac4b062442 done
#6 exporting config sha256:cebb20296a30cbe48d609d89fef25ef93ea52f2d321f34d5c83e7fd2f2565123 done
#6 exporting attestation manifest sha256:e69c68ca082ebd536bc5d04da9d9e3922b448c7791b8a0efde6c80a16813d99c done
#6 exporting manifest list sha256:60d506e4694b129dece2e2676dfdbee675c4b7ec3b3e02f8599b88ddd6d195da done
#6 naming to docker.io/library/cdk-cc00d3c8b7a394c42c1b7f01c426af15484ab3611aaa7dd8dbb441f6fd21c223:latest done
#6 DONE 0.0s

View build details: docker-desktop://dashboard/build/desktop-linux/desktop-linux/vk583wsbguku4khjmcjj4pdki
#0 building with "desktop-linux" instance using docker driver

#1 [internal] load build definition from Dockerfile
#1 transferring dockerfile: 1.56kB done
#1 DONE 0.0s

#2 [internal] load metadata for public.ecr.aws/sam/build-python3.10:latest
#2 DONE 0.3s

#3 [internal] load .dockerignore
#3 transferring context: 2B done
#3 DONE 0.0s

#4 [1/2] FROM public.ecr.aws/sam/build-python3.10:latest@sha256:2421fe882644e88ff4d0d10f0147f8a1671a84c475da6eeaee59e61b4b3d307f
#4 resolve public.ecr.aws/sam/build-python3.10:latest@sha256:2421fe882644e88ff4d0d10f0147f8a1671a84c475da6eeaee59e61b4b3d307f done
#4 DONE 0.0s

#5 [2/2] RUN     python -m venv /usr/app/venv &&     mkdir /tmp/pip-cache &&     chmod -R 777 /tmp/pip-cache &&     pip install --upgrade pip &&     mkdir /tmp/poetry-cache &&     chmod -R 777 /tmp/poetry-cache &&     pip install pipenv==2022.4.8 poetry==1.5.1 &&     rm -rf /tmp/pip-cache/* /tmp/poetry-cache/*
#5 CACHED

#6 exporting to image
#6 exporting layers done
#6 exporting manifest sha256:51513a9b0014c33907038e04a6966341582349788f94478c8d4e2dac4b062442 done
#6 exporting config sha256:cebb20296a30cbe48d609d89fef25ef93ea52f2d321f34d5c83e7fd2f2565123 done
#6 exporting attestation manifest sha256:49afec779bd8facfe50c8302b47a65e303a79491033884303cdf04d383ce2211 done
#6 exporting manifest list sha256:f7f66990ffee45430dd5a7a3e179371f226477f82865400cee22253a45c4e387 done
#6 naming to docker.io/library/cdk-cc00d3c8b7a394c42c1b7f01c426af15484ab3611aaa7dd8dbb441f6fd21c223:latest done
#6 DONE 0.0s

View build details: docker-desktop://dashboard/build/desktop-linux/desktop-linux/psyaroyznc2ssxe26bb0rmh5v
#0 building with "desktop-linux" instance using docker driver

#1 [internal] load build definition from Dockerfile
#1 transferring dockerfile: 1.56kB done
#1 DONE 0.0s

#2 [internal] load metadata for public.ecr.aws/sam/build-python3.13:latest
#2 DONE 0.7s

#3 [internal] load .dockerignore
#3 transferring context: 2B done
#3 DONE 0.0s

#4 [1/2] FROM public.ecr.aws/sam/build-python3.13:latest@sha256:be015b4dbfce398c76feb589c307073a48aed25b6accee4db41a481b78a490d2
#4 resolve public.ecr.aws/sam/build-python3.13:latest@sha256:be015b4dbfce398c76feb589c307073a48aed25b6accee4db41a481b78a490d2 done
#4 DONE 0.0s

#5 [2/2] RUN     python -m venv /usr/app/venv &&     mkdir /tmp/pip-cache &&     chmod -R 777 /tmp/pip-cache &&     pip install --upgrade pip &&     mkdir /tmp/poetry-cache &&     chmod -R 777 /tmp/poetry-cache &&     pip install pipenv==2022.4.8 poetry==1.5.1 &&     rm -rf /tmp/pip-cache/* /tmp/poetry-cache/*
#5 CACHED

#6 exporting to image
#6 exporting layers done
#6 exporting manifest sha256:13a6185e9271e933a5926f5f04489192d9d49ecbda1c6a8b2e36faa8b723a624 done
#6 exporting config sha256:ad9568a79883661f5b7399d87b99e718e47d93a37496672ce3cc3493c7a813e1 done
#6 exporting attestation manifest sha256:2c61bc7a6c40748a30bd592823b67ffb5937ad7d476eebf155b5bb201deb8733 done
#6 exporting manifest list sha256:6c750239bba444644259c9c742aa9033559cf3d092c36517302a09f836de3e19 done
#6 naming to docker.io/library/cdk-b88284e8533f19eb9f4e68a95bb6c02a2133a18e257c811977ee854e4dd1b826:latest done
#6 unpacking to docker.io/library/cdk-b88284e8533f19eb9f4e68a95bb6c02a2133a18e257c811977ee854e4dd1b826:latest done
#6 DONE 0.0s

View build details: docker-desktop://dashboard/build/desktop-linux/desktop-linux/fq4ei9cnt0u8ld4d01mxdy1qd
#0 building with "desktop-linux" instance using docker driver

#1 [internal] load build definition from Dockerfile
#1 transferring dockerfile: 1.56kB done
#1 DONE 0.0s

#2 [internal] load metadata for public.ecr.aws/sam/build-python3.13:latest
#2 DONE 0.2s

#3 [internal] load .dockerignore
#3 transferring context: 2B done
#3 DONE 0.0s

#4 [1/2] FROM public.ecr.aws/sam/build-python3.13:latest@sha256:be015b4dbfce398c76feb589c307073a48aed25b6accee4db41a481b78a490d2
#4 resolve public.ecr.aws/sam/build-python3.13:latest@sha256:be015b4dbfce398c76feb589c307073a48aed25b6accee4db41a481b78a490d2 done
#4 DONE 0.0s

#5 [2/2] RUN     python -m venv /usr/app/venv &&     mkdir /tmp/pip-cache &&     chmod -R 777 /tmp/pip-cache &&     pip install --upgrade pip &&     mkdir /tmp/poetry-cache &&     chmod -R 777 /tmp/poetry-cache &&     pip install pipenv==2022.4.8 poetry==1.5.1 &&     rm -rf /tmp/pip-cache/* /tmp/poetry-cache/*
#5 CACHED

#6 exporting to image
#6 exporting layers done
#6 exporting manifest sha256:13a6185e9271e933a5926f5f04489192d9d49ecbda1c6a8b2e36faa8b723a624 done
#6 exporting config sha256:ad9568a79883661f5b7399d87b99e718e47d93a37496672ce3cc3493c7a813e1 done
#6 exporting attestation manifest sha256:f2706973e17e6676768dab1ed8ecd99fe1ecc6f096ba12fcefa4499793ab0a17 done
#6 exporting manifest list sha256:7e024e3ffb0aab46574f346f7dedcb1b2f4d07ee83e533173f6bf854822cf535 done
#6 naming to docker.io/library/cdk-b88284e8533f19eb9f4e68a95bb6c02a2133a18e257c811977ee854e4dd1b826:latest done
#6 unpacking to docker.io/library/cdk-b88284e8533f19eb9f4e68a95bb6c02a2133a18e257c811977ee854e4dd1b826:latest done
#6 DONE 0.0s

View build details: docker-desktop://dashboard/build/desktop-linux/desktop-linux/di4o45clo8m831jorcbxr8z9z
#0 building with "desktop-linux" instance using docker driver

#1 [internal] load build definition from Dockerfile
#1 transferring dockerfile: 1.56kB done
#1 DONE 0.0s

#2 [internal] load metadata for public.ecr.aws/sam/build-python3.13:latest
#2 DONE 0.2s

#3 [internal] load .dockerignore
#3 transferring context: 2B done
#3 DONE 0.0s

#4 [1/2] FROM public.ecr.aws/sam/build-python3.13:latest@sha256:be015b4dbfce398c76feb589c307073a48aed25b6accee4db41a481b78a490d2
#4 resolve public.ecr.aws/sam/build-python3.13:latest@sha256:be015b4dbfce398c76feb589c307073a48aed25b6accee4db41a481b78a490d2 done
#4 DONE 0.0s

#5 [2/2] RUN     python -m venv /usr/app/venv &&     mkdir /tmp/pip-cache &&     chmod -R 777 /tmp/pip-cache &&     pip install --upgrade pip &&     mkdir /tmp/poetry-cache &&     chmod -R 777 /tmp/poetry-cache &&     pip install pipenv==2022.4.8 poetry==1.5.1 &&     rm -rf /tmp/pip-cache/* /tmp/poetry-cache/*
#5 CACHED

#6 exporting to image
#6 exporting layers done
#6 exporting manifest sha256:13a6185e9271e933a5926f5f04489192d9d49ecbda1c6a8b2e36faa8b723a624 done
#6 exporting config sha256:ad9568a79883661f5b7399d87b99e718e47d93a37496672ce3cc3493c7a813e1 done
#6 exporting attestation manifest sha256:84ebc01b870de854ca896362978f8cc910aa5562103e1f8f643705c277dea331 done
#6 exporting manifest list sha256:02c162931a51b3d84e2f2c0785a37207b1ba05fab1343d60aff808191b008d74 done
#6 naming to docker.io/library/cdk-b88284e8533f19eb9f4e68a95bb6c02a2133a18e257c811977ee854e4dd1b826:latest done
#6 unpacking to docker.io/library/cdk-b88284e8533f19eb9f4e68a95bb6c02a2133a18e257c811977ee854e4dd1b826:latest done
#6 DONE 0.0s

View build details: docker-desktop://dashboard/build/desktop-linux/desktop-linux/j16od7y5xtrvnbp7osk3kubf0
#0 building with "desktop-linux" instance using docker driver

#1 [internal] load build definition from Dockerfile
#1 transferring dockerfile: 1.56kB done
#1 DONE 0.0s

#2 [internal] load metadata for public.ecr.aws/sam/build-python3.13:latest
#2 DONE 0.2s

#3 [internal] load .dockerignore
#3 transferring context: 2B done
#3 DONE 0.0s

#4 [1/2] FROM public.ecr.aws/sam/build-python3.13:latest@sha256:be015b4dbfce398c76feb589c307073a48aed25b6accee4db41a481b78a490d2
#4 resolve public.ecr.aws/sam/build-python3.13:latest@sha256:be015b4dbfce398c76feb589c307073a48aed25b6accee4db41a481b78a490d2 done
#4 DONE 0.0s

#5 [2/2] RUN     python -m venv /usr/app/venv &&     mkdir /tmp/pip-cache &&     chmod -R 777 /tmp/pip-cache &&     pip install --upgrade pip &&     mkdir /tmp/poetry-cache &&     chmod -R 777 /tmp/poetry-cache &&     pip install pipenv==2022.4.8 poetry==1.5.1 &&     rm -rf /tmp/pip-cache/* /tmp/poetry-cache/*
#5 CACHED

#6 exporting to image
#6 exporting layers done
#6 exporting manifest sha256:13a6185e9271e933a5926f5f04489192d9d49ecbda1c6a8b2e36faa8b723a624 done
#6 exporting config sha256:ad9568a79883661f5b7399d87b99e718e47d93a37496672ce3cc3493c7a813e1 done
#6 exporting attestation manifest sha256:2af8d49b897cddca5f6badd22c059866f9c9a62579f4fa168d4cd1bb86305707 done
#6 exporting manifest list sha256:67e2736c581a462c3cdf703654ace8052b38426c75a901f7534989d37e9cfd5e done
#6 naming to docker.io/library/cdk-b88284e8533f19eb9f4e68a95bb6c02a2133a18e257c811977ee854e4dd1b826:latest done
#6 unpacking to docker.io/library/cdk-b88284e8533f19eb9f4e68a95bb6c02a2133a18e257c811977ee854e4dd1b826:latest done
#6 DONE 0.0s

View build details: docker-desktop://dashboard/build/desktop-linux/desktop-linux/p5hyvn7ar7rmqrbskycodmc8o
#0 building with "desktop-linux" instance using docker driver

#1 [internal] load build definition from Dockerfile
#1 transferring dockerfile: 1.56kB done
#1 DONE 0.0s

#2 [internal] load metadata for public.ecr.aws/sam/build-python3.13:latest
#2 DONE 0.2s

#3 [internal] load .dockerignore
#3 transferring context: 2B done
#3 DONE 0.0s

#4 [1/2] FROM public.ecr.aws/sam/build-python3.13:latest@sha256:be015b4dbfce398c76feb589c307073a48aed25b6accee4db41a481b78a490d2
#4 resolve public.ecr.aws/sam/build-python3.13:latest@sha256:be015b4dbfce398c76feb589c307073a48aed25b6accee4db41a481b78a490d2 done
#4 DONE 0.0s

#5 [2/2] RUN     python -m venv /usr/app/venv &&     mkdir /tmp/pip-cache &&     chmod -R 777 /tmp/pip-cache &&     pip install --upgrade pip &&     mkdir /tmp/poetry-cache &&     chmod -R 777 /tmp/poetry-cache &&     pip install pipenv==2022.4.8 poetry==1.5.1 &&     rm -rf /tmp/pip-cache/* /tmp/poetry-cache/*
#5 CACHED

#6 exporting to image
#6 exporting layers done
#6 exporting manifest sha256:13a6185e9271e933a5926f5f04489192d9d49ecbda1c6a8b2e36faa8b723a624 done
#6 exporting config sha256:ad9568a79883661f5b7399d87b99e718e47d93a37496672ce3cc3493c7a813e1 done
#6 exporting attestation manifest sha256:0f571c3f4a5ba9da061aec4f6d9256e492a75ddfd08f727921f16a8e65f0f121 done
#6 exporting manifest list sha256:490984eb00a41bf1cb80717dbff0b292fcd6f2dc22cb94512cf62c4225e5fc83 done
#6 naming to docker.io/library/cdk-b88284e8533f19eb9f4e68a95bb6c02a2133a18e257c811977ee854e4dd1b826:latest done
#6 unpacking to docker.io/library/cdk-b88284e8533f19eb9f4e68a95bb6c02a2133a18e257c811977ee854e4dd1b826:latest done
#6 DONE 0.0s

View build details: docker-desktop://dashboard/build/desktop-linux/desktop-linux/mblci3xae0nwdczmu9r7zip50
#0 building with "desktop-linux" instance using docker driver

#1 [internal] load build definition from Dockerfile
#1 transferring dockerfile: 1.56kB done
#1 DONE 0.0s

#2 [internal] load metadata for public.ecr.aws/sam/build-python3.13:latest
#2 DONE 0.2s

#3 [internal] load .dockerignore
#3 transferring context: 2B done
#3 DONE 0.0s

#4 [1/2] FROM public.ecr.aws/sam/build-python3.13:latest@sha256:be015b4dbfce398c76feb589c307073a48aed25b6accee4db41a481b78a490d2
#4 resolve public.ecr.aws/sam/build-python3.13:latest@sha256:be015b4dbfce398c76feb589c307073a48aed25b6accee4db41a481b78a490d2 done
#4 DONE 0.0s

#5 [2/2] RUN     python -m venv /usr/app/venv &&     mkdir /tmp/pip-cache &&     chmod -R 777 /tmp/pip-cache &&     pip install --upgrade pip &&     mkdir /tmp/poetry-cache &&     chmod -R 777 /tmp/poetry-cache &&     pip install pipenv==2022.4.8 poetry==1.5.1 &&     rm -rf /tmp/pip-cache/* /tmp/poetry-cache/*
#5 CACHED

#6 exporting to image
#6 exporting layers done
#6 exporting manifest sha256:13a6185e9271e933a5926f5f04489192d9d49ecbda1c6a8b2e36faa8b723a624 done
#6 exporting config sha256:ad9568a79883661f5b7399d87b99e718e47d93a37496672ce3cc3493c7a813e1 done
#6 exporting attestation manifest sha256:8c9e82cfef217d12c13d2edbf75b2dbde989f2741e7b0d2a2a24ccd631b60499 done
#6 exporting manifest list sha256:84b7d04507eb29a4cce07b12069ea9a08a81bd6e9164309be703f6f00fb6c241 done
#6 naming to docker.io/library/cdk-b88284e8533f19eb9f4e68a95bb6c02a2133a18e257c811977ee854e4dd1b826:latest done
#6 unpacking to docker.io/library/cdk-b88284e8533f19eb9f4e68a95bb6c02a2133a18e257c811977ee854e4dd1b826:latest done
#6 DONE 0.0s

View build details: docker-desktop://dashboard/build/desktop-linux/desktop-linux/3rk77t26w685gg3ynjp675dor
Bundling asset analytics-stack/AggregatorFunction/Code/Stage...

  ...680ee97c4b51bc73e87bb07bad5cc1f2a2d46a95afd22c-building/index.js  155.7kb

⚡ Done in 30ms
Bundling asset analytics-stack/ApiLambda/Code/Stage...

  ...6f8b1afb721c227097b4a9c3d324ffe699d887fe1a1560-building/index.js  604.1kb

⚡ Done in 13ms
Bundling asset analytics-stack/RollupLambda/Function/Code/Stage...

  ...9600391f9433db2c2b6f01a5ae5a36b66c44260f2200385-building/index.js  19.5kb

⚡ Done in 2ms
Bundling asset tenant-template-stack-basic/CognitoLoginEmitter/Function/Code/Stage...

  ...3e3320b3a8192c1d9e03826c5b6abc1898a66ec552cb0efc-building/index.js  4.1kb

⚡ Done in 1ms
Including dependency stacks: shared-infra-stack, controlplane-stack
[Warning at /tenant-template-stack-basic/Vpc] fromVpcAttributes: 'availabilityZones' is a list token: the imported VPC will not work with constructs that require a list of subnets at synthesis time. Use 'Vpc.fromLookup()' or 'Fn.importListValue' instead. [ack: @aws-cdk/aws-ec2:vpcAttributeIsListTokenavailabilityZones]
[Warning at /tenant-template-stack-basic/Vpc] fromVpcAttributes: 'privateSubnetIds' is a list token: the imported VPC will not work with constructs that require a list of subnets at synthesis time. Use 'Vpc.fromLookup()' or 'Fn.importListValue' instead. [ack: @aws-cdk/aws-ec2:vpcAttributeIsListTokenprivateSubnetIds]
[Warning at /tenant-template-stack-basic/Vpc/PrivateSubnet1] No routeTableId was provided to the subnet at 'tenant-template-stack-basic/Vpc/PrivateSubnet1'. Attempting to read its .routeTable.routeTableId will return null/undefined. (More info: https://github.com/aws/aws-cdk/pull/3171) [ack: @aws-cdk/aws-ec2:noSubnetRouteTableId]
[Warning at /tenant-template-stack-basic/identity-TaskDef/identity-container] Proper policies need to be attached before pulling from ECR repository, or use 'fromEcrRepository'. [ack: @aws-cdk/aws-ecs:ecrImageRequiresPolicy]
[Warning at /tenant-template-stack-basic/academics-TaskDef/academics-container] Proper policies need to be attached before pulling from ECR repository, or use 'fromEcrRepository'. [ack: @aws-cdk/aws-ecs:ecrImageRequiresPolicy]
[Warning at /tenant-template-stack-basic/finance-TaskDef/finance-container] Proper policies need to be attached before pulling from ECR repository, or use 'fromEcrRepository'. [ack: @aws-cdk/aws-ecs:ecrImageRequiresPolicy]
[Warning at /tenant-template-stack-basic/rproxy-TaskDef/rproxy-container] Proper policies need to be attached before pulling from ECR repository, or use 'fromEcrRepository'. [ack: @aws-cdk/aws-ecs:ecrImageRequiresPolicy]
current credentials could not be used to assume 'arn:aws:iam::715860911762:role/cdk-hnb659fds-lookup-role-715860911762-us-east-2', but are for the right account. Proceeding anyway.
Lookup role arn:aws:iam::715860911762:role/cdk-hnb659fds-lookup-role-715860911762-us-east-2 was not assumed. Proceeding with default credentials.
Lookup role arn:aws:iam::715860911762:role/cdk-hnb659fds-lookup-role-715860911762-us-east-2 was not assumed. Proceeding with default credentials.
current credentials could not be used to assume 'arn:aws:iam::715860911762:role/cdk-hnb659fds-deploy-role-715860911762-us-east-2', but are for the right account. Proceeding anyway.
start: Building shared-infra-stack Template
success: Built shared-infra-stack Template
start: Publishing shared-infra-stack Template (current_account-current_region)
current credentials could not be used to assume 'arn:aws:iam::715860911762:role/cdk-hnb659fds-file-publishing-role-715860911762-us-east-2', but are for the right account. Proceeding anyway.
success: Published shared-infra-stack Template (current_account-current_region)
current credentials could not be used to assume 'arn:aws:iam::715860911762:role/cdk-hnb659fds-deploy-role-715860911762-us-east-2', but are for the right account. Proceeding anyway.
Hold on while we create a read-only change set to get a diff with accurate replacement information (use --method=template to use a less accurate but faster template-only diff)

Stack shared-infra-stack
There were no differences
Omitted 2 changes because they are likely mangled non-ASCII characters. Use --strict to print them.

Lookup role arn:aws:iam::715860911762:role/cdk-hnb659fds-lookup-role-715860911762-us-east-2 was not assumed. Proceeding with default credentials.
Lookup role arn:aws:iam::715860911762:role/cdk-hnb659fds-lookup-role-715860911762-us-east-2 was not assumed. Proceeding with default credentials.
start: Building controlplane-stack Template
success: Built controlplane-stack Template
start: Publishing controlplane-stack Template (current_account-current_region)
current credentials could not be used to assume 'arn:aws:iam::715860911762:role/cdk-hnb659fds-file-publishing-role-715860911762-us-east-2', but are for the right account. Proceeding anyway.
success: Published controlplane-stack Template (current_account-current_region)
Hold on while we create a read-only change set to get a diff with accurate replacement information (use --method=template to use a less accurate but faster template-only diff)

Stack controlplane-stack
There were no differences

Lookup role arn:aws:iam::715860911762:role/cdk-hnb659fds-lookup-role-715860911762-us-east-2 was not assumed. Proceeding with default credentials.
Lookup role arn:aws:iam::715860911762:role/cdk-hnb659fds-lookup-role-715860911762-us-east-2 was not assumed. Proceeding with default credentials.
start: Building EcsCluster Nested Stack Template
success: Built EcsCluster Nested Stack Template
start: Publishing EcsCluster Nested Stack Template (current_account-current_region)
current credentials could not be used to assume 'arn:aws:iam::715860911762:role/cdk-hnb659fds-file-publishing-role-715860911762-us-east-2', but are for the right account. Proceeding anyway.
success: Published EcsCluster Nested Stack Template (current_account-current_region)
start: Building tenant-template-stack-basic Template
success: Built tenant-template-stack-basic Template
start: Publishing tenant-template-stack-basic Template (current_account-current_region)
success: Published tenant-template-stack-basic Template (current_account-current_region)
Hold on while we create a read-only change set to get a diff with accurate replacement information (use --method=template to use a less accurate but faster template-only diff)

Stack tenant-template-stack-basic
IAM Statement Changes
┌───┬───────────────────────────────────────────────────────┬────────┬──────────────────────┬────────────────────────────────────────────────────────┬───────────┐
│   │ Resource                                              │ Effect │ Action               │ Principal                                              │ Condition │
├───┼───────────────────────────────────────────────────────┼────────┼──────────────────────┼────────────────────────────────────────────────────────┼───────────┤
│ + │ ${identity-EcsServices/IdentityLogGroup.Arn}          │ Allow  │ logs:CreateLogStream │ AWS:${identity-EcsServices/ecsTaskExecutionRole-basic} │           │
│   │ ${identity-EcsServices/identity-service/LogGroup.Arn} │        │ logs:PutLogEvents    │                                                        │           │
├───┼───────────────────────────────────────────────────────┼────────┼──────────────────────┼────────────────────────────────────────────────────────┼───────────┤
│ - │ ${identity-EcsServices/identity-service/LogGroup.Arn} │ Allow  │ logs:CreateLogStream │ AWS:${identity-EcsServices/ecsTaskExecutionRole-basic} │           │
│   │ ${identity-TaskDef/identity-container/LogGroup.Arn}   │        │ logs:PutLogEvents    │                                                        │           │
└───┴───────────────────────────────────────────────────────┴────────┴──────────────────────┴────────────────────────────────────────────────────────┴───────────┘
(NOTE: There may be security-related changes not in this list. See https://github.com/aws/aws-cdk/issues/1299)

Resources
[-] AWS::Logs::LogGroup identity-TaskDef/identity-container/LogGroup identityTaskDefidentitycontainerLogGroup2EAE7319 orphan
[+] AWS::Logs::LogGroup identity-EcsServices/IdentityLogGroup identityEcsServicesIdentityLogGroup6BCAA5D6
[+] AWS::Logs::MetricFilter identity-EcsServices/IemisAuditEmitFailureFilter identityEcsServicesIemisAuditEmitFailureFilter0557B504
[+] AWS::CloudWatch::Alarm identity-EcsServices/IemisAuditEmitFailuresAlarm identityEcsServicesIemisAuditEmitFailuresAlarm5174C1D8
[~] AWS::DynamoDB::Table identityStorage/edforge-identity-basic identityStorageedforgeidentitybasicED16B725
 ├─ [~] AttributeDefinitions
 │   └─ @@ -62,5 +62,13 @@
 │      [ ]   {
 │      [ ]     "AttributeName": "gsi7sk",
 │      [ ]     "AttributeType": "S"
 │      [+]   },
 │      [+]   {
 │      [+]     "AttributeName": "gsi8pk",
 │      [+]     "AttributeType": "S"
 │      [+]   },
 │      [+]   {
 │      [+]     "AttributeName": "gsi8sk",
 │      [+]     "AttributeType": "S"
 │      [ ]   }
 │      [ ] ]
 └─ [~] GlobalSecondaryIndexes
     └─ @@ -110,5 +110,21 @@
        [ ]     "Projection": {
        [ ]       "ProjectionType": "ALL"
        [ ]     }
        [+]   },
        [+]   {
        [+]     "IndexName": "GSI8",
        [+]     "KeySchema": [
        [+]       {
        [+]         "AttributeName": "gsi8pk",
        [+]         "KeyType": "HASH"
        [+]       },
        [+]       {
        [+]         "AttributeName": "gsi8sk",
        [+]         "KeyType": "RANGE"
        [+]       }
        [+]     ],
        [+]     "Projection": {
        [+]       "ProjectionType": "ALL"
        [+]     }
        [ ]   }
        [ ] ]
[~] AWS::IAM::Policy identity-EcsServices/ecsTaskExecutionRole-basic/DefaultPolicy identityEcsServicesecsTaskExecutionRolebasicDefaultPolicy19C92912
 └─ [~] PolicyDocument
     └─ [~] .Statement:
         └─ @@ -8,13 +8,13 @@
            [ ] "Resource": [
            [ ]   {
            [ ]     "Fn::GetAtt": [
            [-]       "identityEcsServicesidentityserviceLogGroupAADD4DC2",
            [+]       "identityEcsServicesIdentityLogGroup6BCAA5D6",
            [ ]       "Arn"
            [ ]     ]
            [ ]   },
            [ ]   {
            [ ]     "Fn::GetAtt": [
            [-]       "identityTaskDefidentitycontainerLogGroup2EAE7319",
            [+]       "identityEcsServicesidentityserviceLogGroupAADD4DC2",
            [ ]       "Arn"
            [ ]     ]
            [ ]   }
[~] AWS::ECS::TaskDefinition identity-TaskDef identityTaskDef4E17C112 may be replaced
 └─ [~] ContainerDefinitions (may cause replacement)
     └─ @@ -76,7 +76,7 @@
        [ ] "LogDriver": "awslogs",
        [ ] "Options": {
        [ ]   "awslogs-group": {
        [-]     "Ref": "identityTaskDefidentitycontainerLogGroup2EAE7319"
        [+]     "Ref": "identityEcsServicesIdentityLogGroup6BCAA5D6"
        [ ]   },
        [ ]   "awslogs-stream-prefix": "ecs-container-logs",
        [ ]   "awslogs-region": {
[~] AWS::DynamoDB::Table academicsStorage/edforge-academics-basic academicsStorageedforgeacademicsbasic3A1D540B
 ├─ [~] AttributeDefinitions
 │   └─ @@ -62,5 +62,13 @@
 │      [ ]   {
 │      [ ]     "AttributeName": "gsi7sk",
 │      [ ]     "AttributeType": "S"
 │      [+]   },
 │      [+]   {
 │      [+]     "AttributeName": "gsi8pk",
 │      [+]     "AttributeType": "S"
 │      [+]   },
 │      [+]   {
 │      [+]     "AttributeName": "gsi8sk",
 │      [+]     "AttributeType": "S"
 │      [ ]   }
 │      [ ] ]
 └─ [~] GlobalSecondaryIndexes
     └─ @@ -110,5 +110,21 @@
        [ ]     "Projection": {
        [ ]       "ProjectionType": "ALL"
        [ ]     }
        [+]   },
        [+]   {
        [+]     "IndexName": "GSI8",
        [+]     "KeySchema": [
        [+]       {
        [+]         "AttributeName": "gsi8pk",
        [+]         "KeyType": "HASH"
        [+]       },
        [+]       {
        [+]         "AttributeName": "gsi8sk",
        [+]         "KeyType": "RANGE"
        [+]       }
        [+]     ],
        [+]     "Projection": {
        [+]       "ProjectionType": "ALL"
        [+]     }
        [ ]   }
        [ ] ]
[~] AWS::DynamoDB::Table financeStorage/edforge-finance-basic financeStorageedforgefinancebasic93F99320
 ├─ [~] AttributeDefinitions
 │   └─ @@ -62,5 +62,13 @@
 │      [ ]   {
 │      [ ]     "AttributeName": "gsi7sk",
 │      [ ]     "AttributeType": "S"
 │      [+]   },
 │      [+]   {
 │      [+]     "AttributeName": "gsi8pk",
 │      [+]     "AttributeType": "S"
 │      [+]   },
 │      [+]   {
 │      [+]     "AttributeName": "gsi8sk",
 │      [+]     "AttributeType": "S"
 │      [ ]   }
 │      [ ] ]
 └─ [~] GlobalSecondaryIndexes
     └─ @@ -110,5 +110,21 @@
        [ ]     "Projection": {
        [ ]       "ProjectionType": "ALL"
        [ ]     }
        [+]   },
        [+]   {
        [+]     "IndexName": "GSI8",
        [+]     "KeySchema": [
        [+]       {
        [+]         "AttributeName": "gsi8pk",
        [+]         "KeyType": "HASH"
        [+]       },
        [+]       {
        [+]         "AttributeName": "gsi8sk",
        [+]         "KeyType": "RANGE"
        [+]       }
        [+]     ],
        [+]     "Projection": {
        [+]       "ProjectionType": "ALL"
        [+]     }
        [ ]   }
        [ ] ]
[~] Custom::AWS CreateTenantMapping/Resource CreateTenantMappingA61F466B may be replaced
 ├─ [~] Create (may cause replacement)
 │   └─ [~] .Fn::Join:
 │       └─ @@ -5,6 +5,6 @@
 │          [ ]     {
 │          [ ]       "Fn::ImportValue": "shared-infra-stack:ExportsOutputRefTenantMappingTable8521321C99BF1CB4"
 │          [ ]     },
 │          [-]     "\",\"Item\":{\"tenantId\":{\"S\":\"basic\"},\"stackName\":{\"S\":\"tenant-template-stack-basic\"},\"codeCommitId\":{\"S\":\"622ec9c\"},\"waveNumber\":{\"S\":\"1\"}}}}"
 │          [+]     "\",\"Item\":{\"tenantId\":{\"S\":\"basic\"},\"stackName\":{\"S\":\"tenant-template-stack-basic\"},\"codeCommitId\":{\"S\":\"554d5ea\"},\"waveNumber\":{\"S\":\"1\"}}}}"
 │          [ ]   ]
 │          [ ] ]
 └─ [~] Update (may cause replacement)
     └─ [~] .Fn::Join:
         └─ @@ -5,6 +5,6 @@
            [ ]     {
            [ ]       "Fn::ImportValue": "shared-infra-stack:ExportsOutputRefTenantMappingTable8521321C99BF1CB4"
            [ ]     },
            [-]     "\",\"Key\":{\"tenantId\":{\"S\":\"basic\"}},\"UpdateExpression\":\"set codeCommitId = :codeCommitId\",\"ExpressionAttributeValues\":{\":codeCommitId\":{\"S\":\"622ec9c\"}}}}"
            [+]     "\",\"Key\":{\"tenantId\":{\"S\":\"basic\"}},\"UpdateExpression\":\"set codeCommitId = :codeCommitId\",\"ExpressionAttributeValues\":{\":codeCommitId\":{\"S\":\"554d5ea\"}}}}"
            [ ]   ]
            [ ] ]

Outputs
[~] Output S3SourceVersion S3SourceVersion: {"Value":"622ec9c"} to {"Value":"554d5ea"}

Stack tenant-template-stack-basic-EcsClusterNestedStackEcsClusterNestedStackResource0624F17C-1FZBNBODE5FVM
There were no differences


✨  Number of stacks with differences: 1

