{
    "service": {
        "serviceArn": "arn:aws:ecs:us-east-2:715860911762:service/prod-basic/identitybasic",
        "serviceName": "identitybasic",
        "clusterArn": "arn:aws:ecs:us-east-2:715860911762:cluster/prod-basic",
        "loadBalancers": [],
        "serviceRegistries": [],
        "status": "ACTIVE",
        "desiredCount": 2,
        "runningCount": 2,
        "pendingCount": 0,
        "launchType": "FARGATE",
        "platformVersion": "LATEST",
        "platformFamily": "Linux",
        "taskDefinition": "arn:aws:ecs:us-east-2:715860911762:task-definition/identity-TaskDef:12",
        "deploymentConfiguration": {
            "deploymentCircuitBreaker": {
                "enable": false,
                "rollback": false
            },
            "maximumPercent": 200,
            "minimumHealthyPercent": 50,
            "alarms": {
                "alarmNames": [],
                "rollback": false,
                "enable": false
            },
            "strategy": "ROLLING",
            "bakeTimeInMinutes": 0
        },
        "deployments": [
            {
                "id": "ecs-svc/1390422012962252991",
                "status": "PRIMARY",
                "taskDefinition": "arn:aws:ecs:us-east-2:715860911762:task-definition/identity-TaskDef:12",
                "desiredCount": 0,
                "pendingCount": 0,
                "runningCount": 0,
                "failedTasks": 0,
                "createdAt": "2026-04-23T13:33:27.378000-05:00",
                "updatedAt": "2026-04-23T13:33:27.378000-05:00",
                "launchType": "FARGATE",
                "platformVersion": "1.4.0",
                "platformFamily": "Linux",
                "networkConfiguration": {
                    "awsvpcConfiguration": {
                        "subnets": [
                            "subnet-0d21d98426e3638f6",
                            "subnet-0dc3db8d5609a9396",
                            "subnet-08e95eb9a3f3db1b8"
                        ],
                        "securityGroups": [
                            "sg-00ae4c06abb94a97b"
                        ],
                        "assignPublicIp": "DISABLED"
                    }
                },
                "rolloutState": "IN_PROGRESS",
                "rolloutStateReason": "ECS deployment ecs-svc/1390422012962252991 in progress.",
                "serviceConnectConfiguration": {
                    "enabled": true,
                    "namespace": "arn:aws:servicediscovery:us-east-2:715860911762:namespace/ns-z34c2ljqicggqh4o",
                    "services": [
                        {
                            "portName": "identity",
                            "discoveryName": "identity-api",
                            "clientAliases": [
                                {
                                    "port": 3010,
                                    "dnsName": "identity-api.basic.sc"
                                }
                            ]
                        }
                    ],
                    "logConfiguration": {
                        "logDriver": "awslogs",
                        "options": {
                            "awslogs-group": "tenant-template-stack-basic-identityEcsServicesidentityserviceLogGroupAADD4DC2-8hIvN9hkfokS",
                            "awslogs-region": "us-east-2",
                            "awslogs-stream-prefix": "identity-sc-traffic-"
                        },
                        "secretOptions": []
                    }
                },
                "serviceConnectResources": [
                    {
                        "discoveryName": "identity-api",
                        "discoveryArn": "arn:aws:servicediscovery:us-east-2:715860911762:service/srv-fltwlj7wewl4hal5"
                    }
                ]
            },
            {
                "id": "ecs-svc/4688044731186362421",
                "status": "ACTIVE",
                "taskDefinition": "arn:aws:ecs:us-east-2:715860911762:task-definition/identity-TaskDef:12",
                "desiredCount": 2,
                "pendingCount": 0,
                "runningCount": 2,
                "failedTasks": 0,
                "createdAt": "2026-04-21T12:20:59.617000-05:00",
                "updatedAt": "2026-04-21T12:25:25.412000-05:00",
                "launchType": "FARGATE",
                "platformVersion": "1.4.0",
                "platformFamily": "Linux",
                "networkConfiguration": {
                    "awsvpcConfiguration": {
                        "subnets": [
                            "subnet-0d21d98426e3638f6",
                            "subnet-0dc3db8d5609a9396",
                            "subnet-08e95eb9a3f3db1b8"
                        ],
                        "securityGroups": [
                            "sg-00ae4c06abb94a97b"
                        ],
                        "assignPublicIp": "DISABLED"
                    }
                },
                "rolloutState": "COMPLETED",
                "rolloutStateReason": "ECS deployment ecs-svc/4688044731186362421 completed.",
                "serviceConnectConfiguration": {
                    "enabled": true,
                    "namespace": "arn:aws:servicediscovery:us-east-2:715860911762:namespace/ns-z34c2ljqicggqh4o",
                    "services": [
                        {
                            "portName": "identity",
                            "discoveryName": "identity-api",
                            "clientAliases": [
                                {
                                    "port": 3010,
                                    "dnsName": "identity-api.basic.sc"
                                }
                            ]
                        }
                    ],
                    "logConfiguration": {
                        "logDriver": "awslogs",
                        "options": {
                            "awslogs-group": "tenant-template-stack-basic-identityEcsServicesidentityserviceLogGroupAADD4DC2-8hIvN9hkfokS",
                            "awslogs-region": "us-east-2",
                            "awslogs-stream-prefix": "identity-sc-traffic-"
                        },
                        "secretOptions": []
                    }
                },
                "serviceConnectResources": [
                    {
                        "discoveryName": "identity-api",
                        "discoveryArn": "arn:aws:servicediscovery:us-east-2:715860911762:service/srv-fltwlj7wewl4hal5"
                    }
                ]
            }
        ],
        "roleArn": "arn:aws:iam::715860911762:role/aws-service-role/ecs.amazonaws.com/AWSServiceRoleForECS",
        "events": [
            {
                "id": "09f1ce6c-42a9-4fbd-a8b2-66dca5af0429",
                "createdAt": "2026-04-23T12:27:28.122000-05:00",
                "message": "(service identitybasic) has reached a steady state."
            },
            {
                "id": "59a17d08-09df-4519-9ffa-9c304893eaa0",
                "createdAt": "2026-04-23T06:27:25.858000-05:00",
                "message": "(service identitybasic) has reached a steady state."
            },
            {
                "id": "eab4c822-612b-4713-8dfb-3752fcb8a606",
                "createdAt": "2026-04-23T00:27:14.529000-05:00",
                "message": "(service identitybasic) has reached a steady state."
            },
            {
                "id": "b307c6cc-aff0-448e-a64e-3d828214dac6",
                "createdAt": "2026-04-22T18:26:45.319000-05:00",
                "message": "(service identitybasic) has reached a steady state."
            },
            {
                "id": "e6a30b65-17c5-46a6-9bb9-d55377991b98",
                "createdAt": "2026-04-22T12:26:20.840000-05:00",
                "message": "(service identitybasic) has reached a steady state."
            },
            {
                "id": "d0627671-a78f-458c-b7ce-b66b3f428082",
                "createdAt": "2026-04-22T06:26:05.045000-05:00",
                "message": "(service identitybasic) has reached a steady state."
            },
            {
                "id": "d405f8e8-5833-40d4-9335-6163c6a596c4",
                "createdAt": "2026-04-22T00:25:54.071000-05:00",
                "message": "(service identitybasic) has reached a steady state."
            },
            {
                "id": "d8cacddd-e39f-43ad-bf5c-86785611ff5d",
                "createdAt": "2026-04-21T18:25:31.589000-05:00",
                "message": "(service identitybasic) has reached a steady state."
            },
            {
                "id": "8459025c-a4ee-4e90-b418-e44104aa0127",
                "createdAt": "2026-04-21T12:25:25.417000-05:00",
                "message": "(service identitybasic) has reached a steady state."
            },
            {
                "id": "84215584-5c23-4c3d-bd45-944402644cfa",
                "createdAt": "2026-04-21T12:25:25.416000-05:00",
                "message": "(service identitybasic) (deployment ecs-svc/4688044731186362421) deployment completed."
            },
            {
                "id": "f313910e-28d5-430b-8254-f291e58a517c",
                "createdAt": "2026-04-21T12:22:43.242000-05:00",
                "message": "(service identitybasic) has stopped 1 running tasks: (task 26245e1ea7ca4d6b8542c1f8754bcf15)."
            },
            {
                "id": "d572127f-6f62-47d5-b9c3-2b0c224bb857",
                "createdAt": "2026-04-21T12:22:12.848000-05:00",
                "message": "(service identitybasic) has started 1 tasks: (task 1367bf9962164b4f88e62ac5ecfde286)."
            },
            {
                "id": "d2872992-aece-4a5c-a5c3-2278ba1a452a",
                "createdAt": "2026-04-21T12:21:41.395000-05:00",
                "message": "(service identitybasic) has started 1 tasks: (task c18c18ab247844c986b062da20a1f351)."
            },
            {
                "id": "e369118d-bfd5-437a-ae24-51e828fca333",
                "createdAt": "2026-04-21T12:21:40.485000-05:00",
                "message": "(service identitybasic) has stopped 1 running tasks: (task 5ca2468adaca43529dd25ea38d6f4b5a)."
            },
            {
                "id": "802807e1-d8a4-4eec-a258-f1a0198da769",
                "createdAt": "2026-04-21T11:06:35.829000-05:00",
                "message": "(service identitybasic) has reached a steady state."
            },
            {
                "id": "b2eed12d-e9b6-424c-a454-465178bcfb9f",
                "createdAt": "2026-04-21T11:06:35.828000-05:00",
                "message": "(service identitybasic) (deployment ecs-svc/3438238763593724237) deployment completed."
            },
            {
                "id": "1ed651e4-6e9e-4f33-af26-9841d7e95680",
                "createdAt": "2026-04-21T11:03:51.466000-05:00",
                "message": "(service identitybasic) has stopped 1 running tasks: (task e748c90010d64d81af1971f4c92955a1)."
            },
            {
                "id": "17d3d73c-b7a6-4956-906f-4582c0d35d2f",
                "createdAt": "2026-04-21T11:03:20.260000-05:00",
                "message": "(service identitybasic) has started 1 tasks: (task 26245e1ea7ca4d6b8542c1f8754bcf15)."
            },
            {
                "id": "ee17e005-e200-41a7-a966-1eeaab5376ac",
                "createdAt": "2026-04-21T11:02:57.639000-05:00",
                "message": "(service identitybasic) has started 1 tasks: (task 5ca2468adaca43529dd25ea38d6f4b5a)."
            },
            {
                "id": "28b3999f-8eb6-4426-bfa9-47f3c2870ddc",
                "createdAt": "2026-04-21T11:02:56.719000-05:00",
                "message": "(service identitybasic) has stopped 1 running tasks: (task bf9b391cda7a480e8244a894cba869e3)."
            },
            {
                "id": "71260c65-f8d8-4ef4-b1da-a1e7ade73a5d",
                "createdAt": "2026-04-21T05:26:35.478000-05:00",
                "message": "(service identitybasic) has reached a steady state."
            },
            {
                "id": "2a8492ac-aaea-4885-abee-8788c727138a",
                "createdAt": "2026-04-20T23:26:28.448000-05:00",
                "message": "(service identitybasic) has reached a steady state."
            },
            {
                "id": "61aa52cf-4a6b-4752-8be1-60f6c60b81d7",
                "createdAt": "2026-04-20T23:26:28.446000-05:00",
                "message": "(service identitybasic) (deployment ecs-svc/3662195353023215003) deployment completed."
            },
            {
                "id": "13e05f3f-c424-48d1-9b81-fac10a5e2b9b",
                "createdAt": "2026-04-20T23:23:33.699000-05:00",
                "message": "(service identitybasic) has stopped 1 running tasks: (task 8d3e8ba67007400e9271523ba135444a)."
            },
            {
                "id": "06babd89-b324-4f39-8e31-59ef8006064a",
                "createdAt": "2026-04-20T23:22:42.182000-05:00",
                "message": "(service identitybasic) has started 1 tasks: (task bf9b391cda7a480e8244a894cba869e3)."
            },
            {
                "id": "c7d1a71a-83b5-4e90-8a65-aed12b7d630e",
                "createdAt": "2026-04-20T23:22:22.030000-05:00",
                "message": "(service identitybasic) has started 1 tasks: (task e748c90010d64d81af1971f4c92955a1)."
            },
            {
                "id": "0115569a-c3e0-473d-b395-a72ee7814b35",
                "createdAt": "2026-04-20T23:22:21.120000-05:00",
                "message": "(service identitybasic) has stopped 1 running tasks: (task 269cdff2dc834a589b71e6a1f8718f5a)."
            },
            {
                "id": "9b35dd66-e8ca-4ec3-a0b3-99fb54f5557e",
                "createdAt": "2026-04-20T22:59:31.873000-05:00",
                "message": "(service identitybasic) has reached a steady state."
            },
            {
                "id": "9eb64183-364a-4882-bbba-f4bc3929a2b7",
                "createdAt": "2026-04-20T22:59:31.872000-05:00",
                "message": "(service identitybasic) (deployment ecs-svc/8229883802479504422) deployment completed."
            },
            {
                "id": "0494d53b-e40a-41ed-9868-6b9824e05b9b",
                "createdAt": "2026-04-20T22:56:58.690000-05:00",
                "message": "(service identitybasic) has stopped 1 running tasks: (task 0d0195f0c1374b7c92e8b7d74d8f0ac2)."
            },
            {
                "id": "c3182387-a3bc-45d5-bef3-88a203011fb0",
                "createdAt": "2026-04-20T22:56:18.332000-05:00",
                "message": "(service identitybasic) has started 1 tasks: (task 8d3e8ba67007400e9271523ba135444a)."
            },
            {
                "id": "6b5ec636-3328-4844-8bd1-35f2d17562b5",
                "createdAt": "2026-04-20T22:55:47.679000-05:00",
                "message": "(service identitybasic) has started 1 tasks: (task 269cdff2dc834a589b71e6a1f8718f5a)."
            },
            {
                "id": "ae430d60-09ff-43da-80d6-a821741594b7",
                "createdAt": "2026-04-20T22:55:46.813000-05:00",
                "message": "(service identitybasic) has stopped 1 running tasks: (task da6fef92957148348f388371f31c92f6)."
            },
            {
                "id": "edadf2f4-0890-4e6f-8f00-c9c870b3334c",
                "createdAt": "2026-04-20T22:39:12.399000-05:00",
                "message": "(service identitybasic) has reached a steady state."
            },
            {
                "id": "0deb2316-4708-40bc-8fc4-fb9b20a4e8c3",
                "createdAt": "2026-04-20T22:39:12.398000-05:00",
                "message": "(service identitybasic) (deployment ecs-svc/3632855012418966888) deployment completed."
            },
            {
                "id": "ec74a7ca-1b20-4a93-a73f-366a6e9eab89",
                "createdAt": "2026-04-20T22:36:27.189000-05:00",
                "message": "(service identitybasic) has stopped 1 running tasks: (task 62af234c4c29486d8bfd57604d4a08e3)."
            },
            {
                "id": "a360f532-432a-4605-a15a-b696460db8ba",
                "createdAt": "2026-04-20T22:35:47.300000-05:00",
                "message": "(service identitybasic) has started 1 tasks: (task 0d0195f0c1374b7c92e8b7d74d8f0ac2)."
            },
            {
                "id": "ee07bef4-00cb-4a63-8edc-af97a92e0a94",
                "createdAt": "2026-04-20T22:35:25.239000-05:00",
                "message": "(service identitybasic) has started 1 tasks: (task da6fef92957148348f388371f31c92f6)."
            },
            {
                "id": "91e9c494-5509-4a0b-a757-af3cf7995ca9",
                "createdAt": "2026-04-20T22:35:24.362000-05:00",
                "message": "(service identitybasic) has stopped 1 running tasks: (task e6673ff61914481490188d60595c3c89)."
            },
            {
                "id": "1d3680b3-06a5-4ffc-a041-77922bcff333",
                "createdAt": "2026-04-20T21:23:10.380000-05:00",
                "message": "(service identitybasic) has reached a steady state."
            },
            {
                "id": "67db662d-ac85-4e33-9f1a-dfdd7f01611e",
                "createdAt": "2026-04-20T15:23:09.458000-05:00",
                "message": "(service identitybasic) has reached a steady state."
            },
            {
                "id": "f1e80315-4526-43e7-b26c-a2aefa3f15a2",
                "createdAt": "2026-04-20T09:22:52.940000-05:00",
                "message": "(service identitybasic) has reached a steady state."
            },
            {
                "id": "67423e4b-62dc-4798-99bb-505e66e248ae",
                "createdAt": "2026-04-20T03:22:44.851000-05:00",
                "message": "(service identitybasic) has reached a steady state."
            },
            {
                "id": "e05ad59c-0867-4ffa-95ea-6ce1880fa66a",
                "createdAt": "2026-04-19T21:22:19.812000-05:00",
                "message": "(service identitybasic) has reached a steady state."
            },
            {
                "id": "1d50566c-d8d8-4704-9b15-7652fccf1606",
                "createdAt": "2026-04-19T15:21:49.104000-05:00",
                "message": "(service identitybasic) has reached a steady state."
            },
            {
                "id": "05575a46-7783-43d6-952e-d0a93ff54b88",
                "createdAt": "2026-04-19T15:21:49.103000-05:00",
                "message": "(service identitybasic) (deployment ecs-svc/1570700602030934439) deployment completed."
            },
            {
                "id": "a49eac8c-7a88-4e08-a838-12e14bbf7c75",
                "createdAt": "2026-04-19T15:18:56.113000-05:00",
                "message": "(service identitybasic) has stopped 1 running tasks: (task 1d3c3e3c9fd841ca9de767007013a9cc)."
            },
            {
                "id": "d550fee3-5e4d-4b48-a573-248d3d57c954",
                "createdAt": "2026-04-19T15:18:03.848000-05:00",
                "message": "(service identitybasic) has started 1 tasks: (task 62af234c4c29486d8bfd57604d4a08e3)."
            },
            {
                "id": "78ab5706-cb89-4c3d-85a6-4c3766704835",
                "createdAt": "2026-04-19T15:17:43.957000-05:00",
                "message": "(service identitybasic) has started 1 tasks: (task e6673ff61914481490188d60595c3c89)."
            },
            {
                "id": "6bc0916f-9202-4261-a6bb-14873aa9e439",
                "createdAt": "2026-04-19T15:17:43.269000-05:00",
                "message": "(service identitybasic) has stopped 1 running tasks: (task 5a30cca4e39d4650acb38f6c8327b63d)."
            },
            {
                "id": "c5c55c09-0d75-4ae4-a16e-8ce8e77c54b4",
                "createdAt": "2026-04-19T15:08:43.779000-05:00",
                "message": "(service identitybasic) has reached a steady state."
            },
            {
                "id": "4e5d6313-d942-4819-983f-b19acc1092e4",
                "createdAt": "2026-04-19T15:08:43.778000-05:00",
                "message": "(service identitybasic) (deployment ecs-svc/8115799269972760673) deployment completed."
            },
            {
                "id": "b4ef47ea-53f1-4c8a-8a38-9821baa0590b",
                "createdAt": "2026-04-19T15:06:10.131000-05:00",
                "message": "(service identitybasic) has stopped 1 running tasks: (task 84359783b8ec44569cebd3caee58d042)."
            },
            {
                "id": "53718835-4696-4a9b-b685-282497e7c1f7",
                "createdAt": "2026-04-19T15:05:38.579000-05:00",
                "message": "(service identitybasic) has started 1 tasks: (task 1d3c3e3c9fd841ca9de767007013a9cc)."
            },
            {
                "id": "0325bd32-ca96-4e54-829e-df4a7bc5a0dc",
                "createdAt": "2026-04-19T15:05:18.223000-05:00",
                "message": "(service identitybasic) has started 1 tasks: (task 5a30cca4e39d4650acb38f6c8327b63d)."
            },
            {
                "id": "6921275c-f247-4196-ae30-63eea0886b74",
                "createdAt": "2026-04-19T15:05:17.320000-05:00",
                "message": "(service identitybasic) has stopped 1 running tasks: (task 506d9d8d685b44cbb93b4e553e692149)."
            },
            {
                "id": "32b4229a-2e60-4d02-bd19-d963c20a15fd",
                "createdAt": "2026-04-19T13:53:51.023000-05:00",
                "message": "(service identitybasic) has reached a steady state."
            },
            {
                "id": "4bb00062-26e1-4714-8ffa-74f7d5030120",
                "createdAt": "2026-04-19T07:53:27.902000-05:00",
                "message": "(service identitybasic) has reached a steady state."
            },
            {
                "id": "6478d219-424a-4c0e-b17b-19150ac23b46",
                "createdAt": "2026-04-19T01:53:06.457000-05:00",
                "message": "(service identitybasic) has reached a steady state."
            },
            {
                "id": "9aef0bf8-e315-4f43-bcac-d94f783eaf4f",
                "createdAt": "2026-04-18T19:52:59.901000-05:00",
                "message": "(service identitybasic) has reached a steady state."
            },
            {
                "id": "03bf652e-9140-4712-8c57-fa1c27e97436",
                "createdAt": "2026-04-18T19:52:59.900000-05:00",
                "message": "(service identitybasic) (deployment ecs-svc/1115140207655664993) deployment completed."
            },
            {
                "id": "42ebc169-eef3-4730-a005-d5f04706c53d",
                "createdAt": "2026-04-18T19:50:06.681000-05:00",
                "message": "(service identitybasic) has stopped 1 running tasks: (task f5c774f1f00d4bb4b28ea6bf55eed575)."
            },
            {
                "id": "baba7de8-c850-4d60-8a23-0e63d6ed5d48",
                "createdAt": "2026-04-18T19:49:15.620000-05:00",
                "message": "(service identitybasic) has started 1 tasks: (task 84359783b8ec44569cebd3caee58d042)."
            },
            {
                "id": "e1b4e373-424c-43d1-a056-00d942ea1c20",
                "createdAt": "2026-04-18T19:48:54.237000-05:00",
                "message": "(service identitybasic) has started 1 tasks: (task 506d9d8d685b44cbb93b4e553e692149)."
            },
            {
                "id": "40c9a8cc-767a-4bd2-be03-6bd0817ed818",
                "createdAt": "2026-04-18T19:48:53.491000-05:00",
                "message": "(service identitybasic) has stopped 1 running tasks: (task eb532b58e7c14928a6f44b9679ef8a85)."
            },
            {
                "id": "845534fd-d09a-430d-b124-1cff103cea83",
                "createdAt": "2026-04-18T17:00:52.152000-05:00",
                "message": "(service identitybasic) has reached a steady state."
            },
            {
                "id": "eed3f84d-a24e-4709-92bc-ee6590ea5be3",
                "createdAt": "2026-04-18T11:00:31.333000-05:00",
                "message": "(service identitybasic) has reached a steady state."
            },
            {
                "id": "67d6ac9a-1bfe-40aa-b8f0-f91f9803969e",
                "createdAt": "2026-04-18T05:00:07.756000-05:00",
                "message": "(service identitybasic) has reached a steady state."
            },
            {
                "id": "ba84d230-1658-4b6c-bddc-9a110dc4f70e",
                "createdAt": "2026-04-17T22:59:39.930000-05:00",
                "message": "(service identitybasic) has reached a steady state."
            },
            {
                "id": "f90d7df5-4687-4124-80ac-f6ecc79b6d36",
                "createdAt": "2026-04-17T22:59:39.929000-05:00",
                "message": "(service identitybasic) (deployment ecs-svc/8756035655690584031) deployment completed."
            },
            {
                "id": "ca7b86e8-6f9c-4e3b-ba5a-ff235ce68fee",
                "createdAt": "2026-04-17T22:56:44.401000-05:00",
                "message": "(service identitybasic) has stopped 1 running tasks: (task abe9c8181f7a49f8abcc1a43b4682225)."
            },
            {
                "id": "2c288c0a-d3b9-43cf-970b-6a5237b5fee8",
                "createdAt": "2026-04-17T22:55:53.166000-05:00",
                "message": "(service identitybasic) has started 1 tasks: (task eb532b58e7c14928a6f44b9679ef8a85)."
            },
            {
                "id": "93984e7b-25ae-491b-a520-08b769374fe4",
                "createdAt": "2026-04-17T22:55:31.603000-05:00",
                "message": "(service identitybasic) has started 1 tasks: (task f5c774f1f00d4bb4b28ea6bf55eed575)."
            },
            {
                "id": "13d6d810-bc6b-42e7-81be-e740e0710b27",
                "createdAt": "2026-04-17T22:55:30.799000-05:00",
                "message": "(service identitybasic) has stopped 1 running tasks: (task 38ab1f6fbc8c44708ad3c91151900fdd)."
            },
            {
                "id": "5c8443e8-2f58-401a-a20b-447b2db9c242",
                "createdAt": "2026-04-17T18:47:00.231000-05:00",
                "message": "(service identitybasic) has reached a steady state."
            },
            {
                "id": "84f97b36-0cfa-409f-b181-f652a27707fe",
                "createdAt": "2026-04-17T12:46:43.502000-05:00",
                "message": "(service identitybasic) has reached a steady state."
            },
            {
                "id": "a2acd8c6-ec6a-4fa6-8883-59bdaf5dcdd8",
                "createdAt": "2026-04-17T06:46:27.286000-05:00",
                "message": "(service identitybasic) has reached a steady state."
            },
            {
                "id": "d35f4ace-f0c4-410f-8bf4-59f976cec16f",
                "createdAt": "2026-04-17T00:46:03.200000-05:00",
                "message": "(service identitybasic) has reached a steady state."
            },
            {
                "id": "514fb51f-fc02-483e-9f54-371caabeb876",
                "createdAt": "2026-04-17T00:46:03.199000-05:00",
                "message": "(service identitybasic) (deployment ecs-svc/0455752568837921271) deployment completed."
            },
            {
                "id": "58630940-b344-436a-8ea9-28020b7cc2dc",
                "createdAt": "2026-04-17T00:43:27.962000-05:00",
                "message": "(service identitybasic) has stopped 1 running tasks: (task e28f34bff83e4bf4a7da166cdc8581e5)."
            },
            {
                "id": "afb4dbe8-8f64-45c9-a913-39efb6e2f089",
                "createdAt": "2026-04-17T00:42:57.178000-05:00",
                "message": "(service identitybasic) has started 1 tasks: (task abe9c8181f7a49f8abcc1a43b4682225)."
            },
            {
                "id": "ef0c9233-956b-4296-9525-11e984830d7b",
                "createdAt": "2026-04-17T00:42:26.599000-05:00",
                "message": "(service identitybasic) was unable to place a task. Reason: InternalError: failed to create container model: failed to normalize image reference \".dkr.ecr..amazonaws.com/identity\". Launch a new task to retry.."
            },
            {
                "id": "0dc742ad-891a-46e0-8236-0ffbe1bf648e",
                "createdAt": "2026-04-17T00:42:25.559000-05:00",
                "message": "(service identitybasic) has started 1 tasks: (task 38ab1f6fbc8c44708ad3c91151900fdd)."
            },
            {
                "id": "9b809feb-9e78-49ce-a5f5-09ebffc8ddac",
                "createdAt": "2026-04-17T00:42:24.910000-05:00",
                "message": "(service identitybasic) stopped 1 pending tasks."
            },
            {
                "id": "7a2b6ec0-1fc1-417c-a530-7502eba68fc4",
                "createdAt": "2026-04-17T00:42:16.231000-05:00",
                "message": "(service identitybasic) has started 2 tasks: (task 45a6cdcfb5f548b09a948e30518839f0) (task d576a5b19f684841b3a7ea50aee428f2)."
            },
            {
                "id": "7ae4fa9a-99ae-4410-9a01-067ebdf3115a",
                "createdAt": "2026-04-17T00:41:45.015000-05:00",
                "message": "(service identitybasic) was unable to place a task. Reason: InternalError: failed to create container model: failed to normalize image reference \".dkr.ecr..amazonaws.com/identity\". Launch a new task to retry.."
            },
            {
                "id": "34be5bf5-d7d1-4385-aa7c-effda659a710",
                "createdAt": "2026-04-17T00:41:33.679000-05:00",
                "message": "(service identitybasic) has started 2 tasks: (task 3898d2caed0043bb8808200ecbe6251b) (task 42f99cdd556b4f84b2475512161fb9fe)."
            },
            {
                "id": "841d293a-412b-46a4-8db0-e0845cbf76a9",
                "createdAt": "2026-04-17T00:41:03.274000-05:00",
                "message": "(service identitybasic) was unable to place a task. Reason: InternalError: failed to create container model: failed to normalize image reference \".dkr.ecr..amazonaws.com/identity\". Launch a new task to retry.."
            },
            {
                "id": "496722e9-270b-4e39-ab7a-0d3824ef93df",
                "createdAt": "2026-04-17T00:40:43.573000-05:00",
                "message": "(service identitybasic) has started 2 tasks: (task 1ad67b2fdec14ccbb9db0e33193f0066) (task c3b7ac0014444040be5637b8508683b7)."
            },
            {
                "id": "ab65a335-d7cb-41d2-b6a6-d27d66f22514",
                "createdAt": "2026-04-17T00:38:19.506000-05:00",
                "message": "(service identitybasic) is unable to consistently start tasks successfully. For more information, see the Troubleshooting section of the Amazon ECS Developer Guide."
            },
            {
                "id": "0f466baa-3080-494a-9b74-e28f0fb341c1",
                "createdAt": "2026-04-17T00:38:19.505000-05:00",
                "message": "(service identitybasic) was unable to place a task. Reason: InternalError: failed to create container model: failed to normalize image reference \".dkr.ecr..amazonaws.com/identity\". Launch a new task to retry.."
            },
            {
                "id": "9fd655c0-854a-41da-b3d9-2610942b15b0",
                "createdAt": "2026-04-17T00:38:01.371000-05:00",
                "message": "(service identitybasic) has started 2 tasks: (task 664f7fe0654747b6abd5255648997117) (task 685bd57a6e194b4b81f2a50e7b37b5ba)."
            },
            {
                "id": "27120743-617c-434b-8fbb-3dd8bc889d9c",
                "createdAt": "2026-04-17T00:25:00.511000-05:00",
                "message": "(service identitybasic) is unable to consistently start tasks successfully. For more information, see the Troubleshooting section of the Amazon ECS Developer Guide."
            },
            {
                "id": "f734e688-c293-462b-8cd3-892671a27975",
                "createdAt": "2026-04-17T00:25:00.510000-05:00",
                "message": "(service identitybasic) was unable to place a task. Reason: InternalError: failed to create container model: failed to normalize image reference \".dkr.ecr..amazonaws.com/identity\". Launch a new task to retry.."
            },
            {
                "id": "beb8c52d-b6d8-484b-bcc3-71c8c0febd78",
                "createdAt": "2026-04-17T00:24:41.557000-05:00",
                "message": "(service identitybasic) has started 2 tasks: (task 2e09bb6e8f734e4b83dd2621de566598) (task c20620a5aebb4d358c7bf9c6250dbddb)."
            },
            {
                "id": "3ef67c5d-6859-40ed-8932-a8d325897051",
                "createdAt": "2026-04-17T00:11:06.020000-05:00",
                "message": "(service identitybasic) is unable to consistently start tasks successfully. For more information, see the Troubleshooting section of the Amazon ECS Developer Guide."
            },
            {
                "id": "262a13cc-5ecb-435d-a06f-3f555b3a575f",
                "createdAt": "2026-04-17T00:11:06.019000-05:00",
                "message": "(service identitybasic) was unable to place a task. Reason: InternalError: failed to create container model: failed to normalize image reference \".dkr.ecr..amazonaws.com/identity\". Launch a new task to retry.."
            },
            {
                "id": "c4181ab2-aa20-48b3-970d-6260d8fbceda",
                "createdAt": "2026-04-17T00:10:47.634000-05:00",
                "message": "(service identitybasic) has started 2 tasks: (task b8cb08ae05c14f85a79c45a75d2c8f9d) (task c7da22ad34fe401485269e67eebbc13b)."
            },
            {
                "id": "b67105d2-b0a2-4386-9e17-5ea7710688dc",
                "createdAt": "2026-04-16T23:56:42.284000-05:00",
                "message": "(service identitybasic) is unable to consistently start tasks successfully. For more information, see the Troubleshooting section of the Amazon ECS Developer Guide."
            },
            {
                "id": "97c2de16-fa92-4153-b509-f964cdc5db3a",
                "createdAt": "2026-04-16T23:56:42.283000-05:00",
                "message": "(service identitybasic) was unable to place a task. Reason: InternalError: failed to create container model: failed to normalize image reference \".dkr.ecr..amazonaws.com/identity\". Launch a new task to retry.."
            }
        ],
        "createdAt": "2026-03-31T08:29:50.127000-05:00",
        "placementConstraints": [],
        "placementStrategy": [],
        "networkConfiguration": {
            "awsvpcConfiguration": {
                "subnets": [
                    "subnet-0d21d98426e3638f6",
                    "subnet-0dc3db8d5609a9396",
                    "subnet-08e95eb9a3f3db1b8"
                ],
                "securityGroups": [
                    "sg-00ae4c06abb94a97b"
                ],
                "assignPublicIp": "DISABLED"
            }
        },
        "healthCheckGracePeriodSeconds": 0,
        "schedulingStrategy": "REPLICA",
        "deploymentController": {
            "type": "ECS"
        },
        "createdBy": "arn:aws:iam::715860911762:role/cdk-hnb659fds-cfn-exec-role-715860911762-us-east-2",
        "enableECSManagedTags": false,
        "propagateTags": "NONE",
        "enableExecuteCommand": true,
        "availabilityZoneRebalancing": "ENABLED"
    }
}
