Scoped to single service: academics
Login Succeeded
Image version tag: 554d5ea-20260423204000
[0;33m==========[0;32m Repository [academics] checking... [0;33m==========[0m
Repository [academics] already exists.
{
    "registryId": "715860911762",
    "repositoryName": "academics",
    "lifecyclePolicyText": "{\"rules\":[{\"rulePriority\":1,\"description\":\"Keep last 10 versioned images\",\"selection\":{\"tagStatus\":\"tagged\",\"tagPrefixList\":[\"nogit\",\"latest\"],\"countType\":\"imageCountMoreThan\",\"countNumber\":10},\"action\":{\"type\":\"expire\"}},{\"rulePriority\":2,\"description\":\"Expire untagged images after 7 days\",\"selection\":{\"tagStatus\":\"untagged\",\"countType\":\"sinceImagePushed\",\"countUnit\":\"days\",\"countNumber\":7},\"action\":{\"type\":\"expire\"}}]}"
}
Building academics service from monorepo root...
#0 building with "desktop-linux" instance using docker driver

#1 [internal] load build definition from Dockerfile.academics
#1 transferring dockerfile: 1.58kB done
#1 DONE 0.0s

#2 [internal] load metadata for docker.io/library/node:20-alpine
#2 DONE 0.2s

#3 [build 1/7] FROM docker.io/library/node:20-alpine@sha256:fb4cd12c85ee03686f6af5362a0b0d56d50c58a04632e6c0fb8363f609372293
#3 resolve docker.io/library/node:20-alpine@sha256:fb4cd12c85ee03686f6af5362a0b0d56d50c58a04632e6c0fb8363f609372293 done
#3 DONE 0.0s

#4 [internal] load .dockerignore
#4 transferring context: 404B done
#4 DONE 0.0s

#5 [internal] load build context
#5 transferring context: 9.53MB 0.1s done
#5 DONE 0.1s

#6 [build 2/7] WORKDIR /app
#6 CACHED

#7 [build 3/7] RUN apk update && apk upgrade
#7 CACHED

#8 [build 4/7] COPY server/application/package.json ./
#8 CACHED

#9 [build 5/7] RUN npm install --production=false
#9 CACHED

#10 [build 6/7] COPY server/application .
#10 DONE 0.1s

#11 [build 7/7] RUN npm run build academics
#11 0.521 
#11 0.521 > application@0.0.1 prebuild
#11 0.521 > rimraf dist
#11 0.521 
#11 0.894 
#11 0.894 > application@0.0.1 build
#11 0.894 > nest build academics
#11 0.894 
#11 9.508 webpack 5.97.1 compiled [1m[32msuccessfully[39m[22m in 7377 ms
#11 DONE 10.1s

#12 [stage-1 5/7] RUN npm install --production=true && npm cache clean --force
#12 CACHED

#13 [stage-1 6/7] COPY --from=build /app/dist ./dist
#13 DONE 0.0s

#14 [stage-1 7/7] COPY --from=build /app/libs ./libs
#14 DONE 0.0s

#15 exporting to image
#15 exporting layers 0.0s done
#15 exporting manifest sha256:e3534d77b6971d3385759af5d179130534f2c5318d3786a5e2f80f1ef4901021 done
#15 exporting config sha256:3db3365265944e9ebfb6ec3649bb8e8ce1a9689f587ac86cc85ed8bc34d245f1 done
#15 exporting attestation manifest sha256:d50f34226fcdab955aa245343c906165dbdffe92cfbdf4fb47808dfab8011c95 done
#15 exporting manifest list sha256:b998e43f80d695fe05fe1f84dc68c44d381a3f1114710b9c450a51fd3b5023fb done
#15 naming to 715860911762.dkr.ecr.us-east-2.amazonaws.com/academics:latest done
#15 DONE 0.1s

View build details: docker-desktop://dashboard/build/desktop-linux/desktop-linux/e3dsz0ryc5bwl8xt8vjuzcgcq
The push refers to repository [715860911762.dkr.ecr.us-east-2.amazonaws.com/academics]
b2cbbfe903b0: Waiting
c4760bf58bba: Waiting
17bedeb8f7e6: Waiting
16343f7107c9: Waiting
ecad2da7170f: Waiting
6a0ac1617861: Waiting
fff4e2c1b189: Waiting
ddd66c5608eb: Waiting
7282ccc6a6e9: Waiting
49776c0cd470: Waiting
4feea04c1543: Waiting
16343f7107c9: Waiting
ecad2da7170f: Waiting
6a0ac1617861: Waiting
fff4e2c1b189: Waiting
ddd66c5608eb: Waiting
7282ccc6a6e9: Waiting
49776c0cd470: Waiting
4feea04c1543: Waiting
b2cbbfe903b0: Waiting
c4760bf58bba: Waiting
17bedeb8f7e6: Waiting
c4760bf58bba: Waiting
17bedeb8f7e6: Waiting
16343f7107c9: Waiting
ecad2da7170f: Waiting
6a0ac1617861: Waiting
fff4e2c1b189: Waiting
ddd66c5608eb: Waiting
7282ccc6a6e9: Waiting
49776c0cd470: Waiting
4feea04c1543: Waiting
b2cbbfe903b0: Waiting
16343f7107c9: Waiting
ecad2da7170f: Waiting
6a0ac1617861: Waiting
fff4e2c1b189: Waiting
ddd66c5608eb: Waiting
7282ccc6a6e9: Waiting
49776c0cd470: Waiting
4feea04c1543: Waiting
b2cbbfe903b0: Waiting
c4760bf58bba: Waiting
17bedeb8f7e6: Waiting
16343f7107c9: Waiting
ecad2da7170f: Waiting
6a0ac1617861: Layer already exists
fff4e2c1b189: Waiting
ddd66c5608eb: Waiting
7282ccc6a6e9: Waiting
49776c0cd470: Waiting
4feea04c1543: Waiting
b2cbbfe903b0: Waiting
c4760bf58bba: Layer already exists
17bedeb8f7e6: Waiting
fff4e2c1b189: Layer already exists
ddd66c5608eb: Layer already exists
7282ccc6a6e9: Layer already exists
49776c0cd470: Layer already exists
4feea04c1543: Layer already exists
b2cbbfe903b0: Layer already exists
17bedeb8f7e6: Waiting
16343f7107c9: Waiting
ecad2da7170f: Waiting
16343f7107c9: Pushed
17bedeb8f7e6: Pushed
ecad2da7170f: Pushed
554d5ea-20260423204000: digest: sha256:b998e43f80d695fe05fe1f84dc68c44d381a3f1114710b9c450a51fd3b5023fb size: 856
The push refers to repository [715860911762.dkr.ecr.us-east-2.amazonaws.com/academics]
4feea04c1543: Waiting
b2cbbfe903b0: Waiting
ddd66c5608eb: Waiting
c4760bf58bba: Waiting
ecad2da7170f: Waiting
6a0ac1617861: Waiting
fff4e2c1b189: Waiting
7282ccc6a6e9: Waiting
49776c0cd470: Waiting
17bedeb8f7e6: Waiting
16343f7107c9: Waiting
ecad2da7170f: Waiting
6a0ac1617861: Waiting
fff4e2c1b189: Waiting
7282ccc6a6e9: Waiting
49776c0cd470: Waiting
17bedeb8f7e6: Waiting
16343f7107c9: Waiting
4feea04c1543: Waiting
b2cbbfe903b0: Waiting
ddd66c5608eb: Waiting
c4760bf58bba: Waiting
ecad2da7170f: Waiting
6a0ac1617861: Waiting
fff4e2c1b189: Waiting
7282ccc6a6e9: Waiting
49776c0cd470: Waiting
17bedeb8f7e6: Waiting
16343f7107c9: Waiting
4feea04c1543: Waiting
b2cbbfe903b0: Waiting
ddd66c5608eb: Waiting
c4760bf58bba: Waiting
ecad2da7170f: Waiting
6a0ac1617861: Waiting
fff4e2c1b189: Waiting
7282ccc6a6e9: Waiting
49776c0cd470: Waiting
17bedeb8f7e6: Waiting
16343f7107c9: Waiting
4feea04c1543: Waiting
b2cbbfe903b0: Waiting
ddd66c5608eb: Waiting
c4760bf58bba: Waiting
ecad2da7170f: Waiting
6a0ac1617861: Waiting
fff4e2c1b189: Waiting
7282ccc6a6e9: Waiting
49776c0cd470: Waiting
17bedeb8f7e6: Waiting
16343f7107c9: Waiting
4feea04c1543: Waiting
b2cbbfe903b0: Waiting
ddd66c5608eb: Waiting
c4760bf58bba: Waiting
ecad2da7170f: Waiting
6a0ac1617861: Waiting
fff4e2c1b189: Waiting
7282ccc6a6e9: Layer already exists
49776c0cd470: Waiting
17bedeb8f7e6: Waiting
16343f7107c9: Waiting
4feea04c1543: Layer already exists
b2cbbfe903b0: Waiting
ddd66c5608eb: Layer already exists
c4760bf58bba: Waiting
c4760bf58bba: Layer already exists
ecad2da7170f: Waiting
6a0ac1617861: Layer already exists
fff4e2c1b189: Layer already exists
49776c0cd470: Layer already exists
17bedeb8f7e6: Layer already exists
16343f7107c9: Waiting
b2cbbfe903b0: Waiting
b2cbbfe903b0: Layer already exists
ecad2da7170f: Layer already exists
16343f7107c9: Already exists
latest: digest: sha256:b998e43f80d695fe05fe1f84dc68c44d381a3f1114710b9c450a51fd3b5023fb size: 856
Pushed: 715860911762.dkr.ecr.us-east-2.amazonaws.com/academics:554d5ea-20260423204000 (also tagged :latest)

==============================================
EdForge Service Build Complete: academics
==============================================
Built services: academics

Note: Tenant service is Lambda-based and deployed via CDK (cdk deploy)
==============================================
