[cdk] env file: .env + .env.uat
CDK NAG:  false
#0 building with "desktop-linux" instance using docker driver

#1 [internal] load build definition from Dockerfile
#1 transferring dockerfile: 1.56kB done
#1 DONE 0.0s

#2 [internal] load metadata for public.ecr.aws/sam/build-python3.10:latest
#2 DONE 0.8s

#3 [internal] load .dockerignore
#3 transferring context: 2B done
#3 DONE 0.0s

#4 [1/2] FROM public.ecr.aws/sam/build-python3.10:latest@sha256:2421fe882644e88ff4d0d10f0147f8a1671a84c475da6eeaee59e61b4b3d307f
#4 resolve public.ecr.aws/sam/build-python3.10:latest@sha256:2421fe882644e88ff4d0d10f0147f8a1671a84c475da6eeaee59e61b4b3d307f done
#4 DONE 0.0s

#5 [2/2] RUN     python -m venv /usr/app/venv &&     mkdir /tmp/pip-cache &&     chmod -R 777 /tmp/pip-cache &&     pip install --upgrade pip &&     mkdir /tmp/poetry-cache &&     chmod -R 777 /tmp/poetry-cache &&     pip install pipenv==2022.4.8 poetry==1.5.1 &&     rm -rf /tmp/pip-cache/* /tmp/poetry-cache/*
#5 CACHED

#6 exporting to image
#6 exporting layers done
#6 exporting manifest sha256:51513a9b0014c33907038e04a6966341582349788f94478c8d4e2dac4b062442 done
#6 exporting config sha256:cebb20296a30cbe48d609d89fef25ef93ea52f2d321f34d5c83e7fd2f2565123 done
#6 exporting attestation manifest sha256:8453e0084329f3911242926721bacdba9f01be1f924889b86aca35f6da149763 0.0s done
#6 exporting manifest list sha256:dc9a55388b0237cfdd419973d562801d65333ca8360d7b855c3701a22dbbf714 done
#6 naming to docker.io/library/cdk-cc00d3c8b7a394c42c1b7f01c426af15484ab3611aaa7dd8dbb441f6fd21c223:latest done
#6 DONE 0.0s

View build details: docker-desktop://dashboard/build/desktop-linux/desktop-linux/qjvpntwl3599lo9nq6ubh3oui
#0 building with "desktop-linux" instance using docker driver

#1 [internal] load build definition from Dockerfile
#1 transferring dockerfile: 1.56kB done
#1 DONE 0.0s

#2 [internal] load metadata for public.ecr.aws/sam/build-python3.10:latest
#2 DONE 0.2s

#3 [internal] load .dockerignore
#3 transferring context: 2B done
#3 DONE 0.0s

#4 [1/2] FROM public.ecr.aws/sam/build-python3.10:latest@sha256:2421fe882644e88ff4d0d10f0147f8a1671a84c475da6eeaee59e61b4b3d307f
#4 resolve public.ecr.aws/sam/build-python3.10:latest@sha256:2421fe882644e88ff4d0d10f0147f8a1671a84c475da6eeaee59e61b4b3d307f done
#4 DONE 0.0s

#5 [2/2] RUN     python -m venv /usr/app/venv &&     mkdir /tmp/pip-cache &&     chmod -R 777 /tmp/pip-cache &&     pip install --upgrade pip &&     mkdir /tmp/poetry-cache &&     chmod -R 777 /tmp/poetry-cache &&     pip install pipenv==2022.4.8 poetry==1.5.1 &&     rm -rf /tmp/pip-cache/* /tmp/poetry-cache/*
#5 CACHED

#6 exporting to image
#6 exporting layers done
#6 exporting manifest sha256:51513a9b0014c33907038e04a6966341582349788f94478c8d4e2dac4b062442 done
#6 exporting config sha256:cebb20296a30cbe48d609d89fef25ef93ea52f2d321f34d5c83e7fd2f2565123 done
#6 exporting attestation manifest sha256:a3035359dcefd638e3fc93c89b82a14f2ca39a7386757f3a09b9654aa0ad9421 done
#6 exporting manifest list sha256:955b79284fedf7aa8b810412a31ba2c8b4264f848ae37d97b478652e98ceb164 done
#6 naming to docker.io/library/cdk-cc00d3c8b7a394c42c1b7f01c426af15484ab3611aaa7dd8dbb441f6fd21c223:latest done
#6 DONE 0.0s

View build details: docker-desktop://dashboard/build/desktop-linux/desktop-linux/zzvmc7ii6re77c8c432f8660m
#0 building with "desktop-linux" instance using docker driver

#1 [internal] load build definition from Dockerfile
#1 transferring dockerfile: 1.56kB done
#1 DONE 0.0s

#2 [internal] load metadata for public.ecr.aws/sam/build-python3.13:latest
#2 DONE 0.6s

#3 [internal] load .dockerignore
#3 transferring context: 2B done
#3 DONE 0.0s

#4 [1/2] FROM public.ecr.aws/sam/build-python3.13:latest@sha256:be015b4dbfce398c76feb589c307073a48aed25b6accee4db41a481b78a490d2
#4 resolve public.ecr.aws/sam/build-python3.13:latest@sha256:be015b4dbfce398c76feb589c307073a48aed25b6accee4db41a481b78a490d2 done
#4 DONE 0.0s

#5 [2/2] RUN     python -m venv /usr/app/venv &&     mkdir /tmp/pip-cache &&     chmod -R 777 /tmp/pip-cache &&     pip install --upgrade pip &&     mkdir /tmp/poetry-cache &&     chmod -R 777 /tmp/poetry-cache &&     pip install pipenv==2022.4.8 poetry==1.5.1 &&     rm -rf /tmp/pip-cache/* /tmp/poetry-cache/*
#5 CACHED

#6 exporting to image
#6 exporting layers done
#6 exporting manifest sha256:13a6185e9271e933a5926f5f04489192d9d49ecbda1c6a8b2e36faa8b723a624 done
#6 exporting config sha256:ad9568a79883661f5b7399d87b99e718e47d93a37496672ce3cc3493c7a813e1 done
#6 exporting attestation manifest sha256:f13e79870490f307049de066ed04299686cce720af9522c80183a7c299658351 done
#6 exporting manifest list sha256:b9c203971f13af960dfd3845575a8cce2f7c61a2c1856f7bd17684edbc191038 done
#6 naming to docker.io/library/cdk-b88284e8533f19eb9f4e68a95bb6c02a2133a18e257c811977ee854e4dd1b826:latest done
#6 unpacking to docker.io/library/cdk-b88284e8533f19eb9f4e68a95bb6c02a2133a18e257c811977ee854e4dd1b826:latest done
#6 DONE 0.0s

View build details: docker-desktop://dashboard/build/desktop-linux/desktop-linux/phymizcm3g9h4h7shkpk2oltn
#0 building with "desktop-linux" instance using docker driver

#1 [internal] load build definition from Dockerfile
#1 transferring dockerfile: 1.56kB done
#1 DONE 0.0s

#2 [internal] load metadata for public.ecr.aws/sam/build-python3.13:latest
#2 DONE 0.2s

#3 [internal] load .dockerignore
#3 transferring context: 2B done
#3 DONE 0.0s

#4 [1/2] FROM public.ecr.aws/sam/build-python3.13:latest@sha256:be015b4dbfce398c76feb589c307073a48aed25b6accee4db41a481b78a490d2
#4 resolve public.ecr.aws/sam/build-python3.13:latest@sha256:be015b4dbfce398c76feb589c307073a48aed25b6accee4db41a481b78a490d2 done
#4 DONE 0.0s

#5 [2/2] RUN     python -m venv /usr/app/venv &&     mkdir /tmp/pip-cache &&     chmod -R 777 /tmp/pip-cache &&     pip install --upgrade pip &&     mkdir /tmp/poetry-cache &&     chmod -R 777 /tmp/poetry-cache &&     pip install pipenv==2022.4.8 poetry==1.5.1 &&     rm -rf /tmp/pip-cache/* /tmp/poetry-cache/*
#5 CACHED

#6 exporting to image
#6 exporting layers done
#6 exporting manifest sha256:13a6185e9271e933a5926f5f04489192d9d49ecbda1c6a8b2e36faa8b723a624 done
#6 exporting config sha256:ad9568a79883661f5b7399d87b99e718e47d93a37496672ce3cc3493c7a813e1 done
#6 exporting attestation manifest sha256:6eb1935abd343a762f0c0ca398ee9b086e5eca5af71a7633a15583c9abfc1090 done
#6 exporting manifest list sha256:0e7c905977bb47a20f50763d17aa589c41dfa4860d93fa59e3fbf2cc8eef5b22 done
#6 naming to docker.io/library/cdk-b88284e8533f19eb9f4e68a95bb6c02a2133a18e257c811977ee854e4dd1b826:latest done
#6 unpacking to docker.io/library/cdk-b88284e8533f19eb9f4e68a95bb6c02a2133a18e257c811977ee854e4dd1b826:latest done
#6 DONE 0.0s

View build details: docker-desktop://dashboard/build/desktop-linux/desktop-linux/qf8qsbjsk7tosnqocqtqcn098
#0 building with "desktop-linux" instance using docker driver

#1 [internal] load build definition from Dockerfile
#1 transferring dockerfile: 1.56kB done
#1 DONE 0.0s

#2 [internal] load metadata for public.ecr.aws/sam/build-python3.13:latest
#2 DONE 0.1s

#3 [internal] load .dockerignore
#3 transferring context: 2B done
#3 DONE 0.0s

#4 [1/2] FROM public.ecr.aws/sam/build-python3.13:latest@sha256:be015b4dbfce398c76feb589c307073a48aed25b6accee4db41a481b78a490d2
#4 resolve public.ecr.aws/sam/build-python3.13:latest@sha256:be015b4dbfce398c76feb589c307073a48aed25b6accee4db41a481b78a490d2 done
#4 DONE 0.0s

#5 [2/2] RUN     python -m venv /usr/app/venv &&     mkdir /tmp/pip-cache &&     chmod -R 777 /tmp/pip-cache &&     pip install --upgrade pip &&     mkdir /tmp/poetry-cache &&     chmod -R 777 /tmp/poetry-cache &&     pip install pipenv==2022.4.8 poetry==1.5.1 &&     rm -rf /tmp/pip-cache/* /tmp/poetry-cache/*
#5 CACHED

#6 exporting to image
#6 exporting layers done
#6 exporting manifest sha256:13a6185e9271e933a5926f5f04489192d9d49ecbda1c6a8b2e36faa8b723a624 done
#6 exporting config sha256:ad9568a79883661f5b7399d87b99e718e47d93a37496672ce3cc3493c7a813e1 done
#6 exporting attestation manifest sha256:14438dad9bd8e9d1f8eb8f20989819d211e2540c567d0ae282ac70ebab07e0d8 done
#6 exporting manifest list sha256:c46186d6a7ea150f0ee8d44e35343967a7e1557328a5967ebb4b54e487347f31 done
#6 naming to docker.io/library/cdk-b88284e8533f19eb9f4e68a95bb6c02a2133a18e257c811977ee854e4dd1b826:latest done
#6 unpacking to docker.io/library/cdk-b88284e8533f19eb9f4e68a95bb6c02a2133a18e257c811977ee854e4dd1b826:latest done
#6 DONE 0.0s

View build details: docker-desktop://dashboard/build/desktop-linux/desktop-linux/g3m2nhk6qfu3qhriqdg6c1dtc
#0 building with "desktop-linux" instance using docker driver

#1 [internal] load build definition from Dockerfile
#1 transferring dockerfile: 1.56kB done
#1 DONE 0.0s

#2 [internal] load metadata for public.ecr.aws/sam/build-python3.13:latest
#2 DONE 0.3s

#3 [internal] load .dockerignore
#3 transferring context: 2B done
#3 DONE 0.0s

#4 [1/2] FROM public.ecr.aws/sam/build-python3.13:latest@sha256:be015b4dbfce398c76feb589c307073a48aed25b6accee4db41a481b78a490d2
#4 resolve public.ecr.aws/sam/build-python3.13:latest@sha256:be015b4dbfce398c76feb589c307073a48aed25b6accee4db41a481b78a490d2 done
#4 DONE 0.0s

#5 [2/2] RUN     python -m venv /usr/app/venv &&     mkdir /tmp/pip-cache &&     chmod -R 777 /tmp/pip-cache &&     pip install --upgrade pip &&     mkdir /tmp/poetry-cache &&     chmod -R 777 /tmp/poetry-cache &&     pip install pipenv==2022.4.8 poetry==1.5.1 &&     rm -rf /tmp/pip-cache/* /tmp/poetry-cache/*
#5 CACHED

#6 exporting to image
#6 exporting layers done
#6 exporting manifest sha256:13a6185e9271e933a5926f5f04489192d9d49ecbda1c6a8b2e36faa8b723a624 done
#6 exporting config sha256:ad9568a79883661f5b7399d87b99e718e47d93a37496672ce3cc3493c7a813e1 done
#6 exporting attestation manifest sha256:9f8671dfa29a3e9fb0e64cc97bc17c43e8cad65c78707cc38674276c8e0800e4 done
#6 exporting manifest list sha256:08a909dfdd84c7b7ca8dc59ba2680a6b7f83a9e54032498e2a406c826f8b0dcb done
#6 naming to docker.io/library/cdk-b88284e8533f19eb9f4e68a95bb6c02a2133a18e257c811977ee854e4dd1b826:latest done
#6 unpacking to docker.io/library/cdk-b88284e8533f19eb9f4e68a95bb6c02a2133a18e257c811977ee854e4dd1b826:latest done
#6 DONE 0.0s

View build details: docker-desktop://dashboard/build/desktop-linux/desktop-linux/nuz5nbaqted8loti7zblob5ur
#0 building with "desktop-linux" instance using docker driver

#1 [internal] load build definition from Dockerfile
#1 transferring dockerfile: 1.56kB done
#1 DONE 0.0s

#2 [internal] load metadata for public.ecr.aws/sam/build-python3.13:latest
#2 DONE 0.2s

#3 [internal] load .dockerignore
#3 transferring context: 2B done
#3 DONE 0.0s

#4 [1/2] FROM public.ecr.aws/sam/build-python3.13:latest@sha256:be015b4dbfce398c76feb589c307073a48aed25b6accee4db41a481b78a490d2
#4 resolve public.ecr.aws/sam/build-python3.13:latest@sha256:be015b4dbfce398c76feb589c307073a48aed25b6accee4db41a481b78a490d2 done
#4 DONE 0.0s

#5 [2/2] RUN     python -m venv /usr/app/venv &&     mkdir /tmp/pip-cache &&     chmod -R 777 /tmp/pip-cache &&     pip install --upgrade pip &&     mkdir /tmp/poetry-cache &&     chmod -R 777 /tmp/poetry-cache &&     pip install pipenv==2022.4.8 poetry==1.5.1 &&     rm -rf /tmp/pip-cache/* /tmp/poetry-cache/*
#5 CACHED

#6 exporting to image
#6 exporting layers done
#6 exporting manifest sha256:13a6185e9271e933a5926f5f04489192d9d49ecbda1c6a8b2e36faa8b723a624 done
#6 exporting config sha256:ad9568a79883661f5b7399d87b99e718e47d93a37496672ce3cc3493c7a813e1 done
#6 exporting attestation manifest sha256:c356f9af11a33becfa6293b916331f63b4b3ac1b4a4617eb0bda070642becc02 done
#6 exporting manifest list sha256:08ff4c67dab25801fd01a88b1dba690d63e34ceed5acc9af94de6063d530d5de done
#6 naming to docker.io/library/cdk-b88284e8533f19eb9f4e68a95bb6c02a2133a18e257c811977ee854e4dd1b826:latest done
#6 unpacking to docker.io/library/cdk-b88284e8533f19eb9f4e68a95bb6c02a2133a18e257c811977ee854e4dd1b826:latest done
#6 DONE 0.0s

View build details: docker-desktop://dashboard/build/desktop-linux/desktop-linux/1yc28pn3cebbah1vavrn4byfv
#0 building with "desktop-linux" instance using docker driver

#1 [internal] load build definition from Dockerfile
#1 transferring dockerfile: 1.56kB done
#1 DONE 0.0s

#2 [internal] load metadata for public.ecr.aws/sam/build-python3.13:latest
#2 DONE 0.1s

#3 [internal] load .dockerignore
#3 transferring context: 2B done
#3 DONE 0.0s

#4 [1/2] FROM public.ecr.aws/sam/build-python3.13:latest@sha256:be015b4dbfce398c76feb589c307073a48aed25b6accee4db41a481b78a490d2
#4 resolve public.ecr.aws/sam/build-python3.13:latest@sha256:be015b4dbfce398c76feb589c307073a48aed25b6accee4db41a481b78a490d2 0.0s done
#4 DONE 0.0s

#5 [2/2] RUN     python -m venv /usr/app/venv &&     mkdir /tmp/pip-cache &&     chmod -R 777 /tmp/pip-cache &&     pip install --upgrade pip &&     mkdir /tmp/poetry-cache &&     chmod -R 777 /tmp/poetry-cache &&     pip install pipenv==2022.4.8 poetry==1.5.1 &&     rm -rf /tmp/pip-cache/* /tmp/poetry-cache/*
#5 CACHED

#6 exporting to image
#6 exporting layers done
#6 exporting manifest sha256:13a6185e9271e933a5926f5f04489192d9d49ecbda1c6a8b2e36faa8b723a624 done
#6 exporting config sha256:ad9568a79883661f5b7399d87b99e718e47d93a37496672ce3cc3493c7a813e1 done
#6 exporting attestation manifest sha256:e455a56b2ba26f36019a7f3762f7c303a767ee57c0b3ed65de980cdf11f6be46 done
#6 exporting manifest list sha256:69c725f02b21d137923de093b3ec280c217c1f77322c0fd7994d591636df0cf8 done
#6 naming to docker.io/library/cdk-b88284e8533f19eb9f4e68a95bb6c02a2133a18e257c811977ee854e4dd1b826:latest done
#6 unpacking to docker.io/library/cdk-b88284e8533f19eb9f4e68a95bb6c02a2133a18e257c811977ee854e4dd1b826:latest done
#6 DONE 0.0s

View build details: docker-desktop://dashboard/build/desktop-linux/desktop-linux/b3urk7qnq2gydlxoh2hgnht5o
Bundling asset analytics-stack/AggregatorFunction/Code/Stage...

  ...680ee97c4b51bc73e87bb07bad5cc1f2a2d46a95afd22c-building/index.js  155.7kb

⚡ Done in 32ms
Bundling asset analytics-stack/ApiLambda/Code/Stage...

  ...6f8b1afb721c227097b4a9c3d324ffe699d887fe1a1560-building/index.js  604.1kb

⚡ Done in 13ms
Bundling asset analytics-stack/RollupLambda/Function/Code/Stage...

  ...9600391f9433db2c2b6f01a5ae5a36b66c44260f2200385-building/index.js  19.5kb

⚡ Done in 2ms
Bundling asset tenant-template-stack-basic/CognitoLoginEmitter/Function/Code/Stage...

  ...3e3320b3a8192c1d9e03826c5b6abc1898a66ec552cb0efc-building/index.js  4.1kb

⚡ Done in 2ms
Including dependency stacks: shared-infra-stack, controlplane-stack
[Warning at /tenant-template-stack-basic/Vpc] fromVpcAttributes: 'availabilityZones' is a list token: the imported VPC will not work with constructs that require a list of subnets at synthesis time. Use 'Vpc.fromLookup()' or 'Fn.importListValue' instead. [ack: @aws-cdk/aws-ec2:vpcAttributeIsListTokenavailabilityZones]
[Warning at /tenant-template-stack-basic/Vpc] fromVpcAttributes: 'privateSubnetIds' is a list token: the imported VPC will not work with constructs that require a list of subnets at synthesis time. Use 'Vpc.fromLookup()' or 'Fn.importListValue' instead. [ack: @aws-cdk/aws-ec2:vpcAttributeIsListTokenprivateSubnetIds]
[Warning at /tenant-template-stack-basic/Vpc/PrivateSubnet1] No routeTableId was provided to the subnet at 'tenant-template-stack-basic/Vpc/PrivateSubnet1'. Attempting to read its .routeTable.routeTableId will return null/undefined. (More info: https://github.com/aws/aws-cdk/pull/3171) [ack: @aws-cdk/aws-ec2:noSubnetRouteTableId]
[Warning at /tenant-template-stack-basic/identity-TaskDef/identity-container] Proper policies need to be attached before pulling from ECR repository, or use 'fromEcrRepository'. [ack: @aws-cdk/aws-ecs:ecrImageRequiresPolicy]
[Warning at /tenant-template-stack-basic/academics-TaskDef/academics-container] Proper policies need to be attached before pulling from ECR repository, or use 'fromEcrRepository'. [ack: @aws-cdk/aws-ecs:ecrImageRequiresPolicy]
[Warning at /tenant-template-stack-basic/finance-TaskDef/finance-container] Proper policies need to be attached before pulling from ECR repository, or use 'fromEcrRepository'. [ack: @aws-cdk/aws-ecs:ecrImageRequiresPolicy]
[Warning at /tenant-template-stack-basic/rproxy-TaskDef/rproxy-container] Proper policies need to be attached before pulling from ECR repository, or use 'fromEcrRepository'. [ack: @aws-cdk/aws-ecs:ecrImageRequiresPolicy]
current credentials could not be used to assume 'arn:aws:iam::715860911762:role/cdk-hnb659fds-lookup-role-715860911762-us-east-2', but are for the right account. Proceeding anyway.
Lookup role arn:aws:iam::715860911762:role/cdk-hnb659fds-lookup-role-715860911762-us-east-2 was not assumed. Proceeding with default credentials.
Lookup role arn:aws:iam::715860911762:role/cdk-hnb659fds-lookup-role-715860911762-us-east-2 was not assumed. Proceeding with default credentials.
current credentials could not be used to assume 'arn:aws:iam::715860911762:role/cdk-hnb659fds-deploy-role-715860911762-us-east-2', but are for the right account. Proceeding anyway.
start: Building shared-infra-stack Template
success: Built shared-infra-stack Template
start: Publishing shared-infra-stack Template (current_account-current_region)
current credentials could not be used to assume 'arn:aws:iam::715860911762:role/cdk-hnb659fds-file-publishing-role-715860911762-us-east-2', but are for the right account. Proceeding anyway.
success: Published shared-infra-stack Template (current_account-current_region)
current credentials could not be used to assume 'arn:aws:iam::715860911762:role/cdk-hnb659fds-deploy-role-715860911762-us-east-2', but are for the right account. Proceeding anyway.
Hold on while we create a read-only change set to get a diff with accurate replacement information (use --method=template to use a less accurate but faster template-only diff)

Stack shared-infra-stack
There were no differences
Omitted 2 changes because they are likely mangled non-ASCII characters. Use --strict to print them.

Lookup role arn:aws:iam::715860911762:role/cdk-hnb659fds-lookup-role-715860911762-us-east-2 was not assumed. Proceeding with default credentials.
Lookup role arn:aws:iam::715860911762:role/cdk-hnb659fds-lookup-role-715860911762-us-east-2 was not assumed. Proceeding with default credentials.
start: Building controlplane-stack Template
success: Built controlplane-stack Template
start: Publishing controlplane-stack Template (current_account-current_region)
current credentials could not be used to assume 'arn:aws:iam::715860911762:role/cdk-hnb659fds-file-publishing-role-715860911762-us-east-2', but are for the right account. Proceeding anyway.
success: Published controlplane-stack Template (current_account-current_region)
Hold on while we create a read-only change set to get a diff with accurate replacement information (use --method=template to use a less accurate but faster template-only diff)

Stack controlplane-stack
There were no differences

Lookup role arn:aws:iam::715860911762:role/cdk-hnb659fds-lookup-role-715860911762-us-east-2 was not assumed. Proceeding with default credentials.
Lookup role arn:aws:iam::715860911762:role/cdk-hnb659fds-lookup-role-715860911762-us-east-2 was not assumed. Proceeding with default credentials.
start: Building EcsCluster Nested Stack Template
success: Built EcsCluster Nested Stack Template
start: Publishing EcsCluster Nested Stack Template (current_account-current_region)
current credentials could not be used to assume 'arn:aws:iam::715860911762:role/cdk-hnb659fds-file-publishing-role-715860911762-us-east-2', but are for the right account. Proceeding anyway.
success: Published EcsCluster Nested Stack Template (current_account-current_region)
start: Building tenant-template-stack-basic Template
success: Built tenant-template-stack-basic Template
start: Publishing tenant-template-stack-basic Template (current_account-current_region)
success: Published tenant-template-stack-basic Template (current_account-current_region)
Hold on while we create a read-only change set to get a diff with accurate replacement information (use --method=template to use a less accurate but faster template-only diff)

Stack tenant-template-stack-basic
IAM Statement Changes
┌───┬──────────────────────────────────────────────────────────────────────────────────────────────────────────────────────────────────────────────────────────────────┬────────┬─────────────────────────────────────────┬────────────────────────────────────────────────────────┬───────────┐
│   │ Resource                                                                                                                                                         │ Effect │ Action                                  │ Principal                                              │ Condition │
├───┼──────────────────────────────────────────────────────────────────────────────────────────────────────────────────────────────────────────────────────────────────┼────────┼─────────────────────────────────────────┼────────────────────────────────────────────────────────┼───────────┤
│ + │ ${identity-EcsServices/IdentityLogGroup.Arn}                                                                                                                     │ Allow  │ logs:CreateLogStream                    │ AWS:${identity-EcsServices/ecsTaskExecutionRole-basic} │           │
│   │ ${identity-EcsServices/identity-service/LogGroup.Arn}                                                                                                            │        │ logs:PutLogEvents                       │                                                        │           │
├───┼──────────────────────────────────────────────────────────────────────────────────────────────────────────────────────────────────────────────────────────────────┼────────┼─────────────────────────────────────────┼────────────────────────────────────────────────────────┼───────────┤
│ - │ ${identity-EcsServices/identity-service/LogGroup.Arn}                                                                                                            │ Allow  │ logs:CreateLogStream                    │ AWS:${identity-EcsServices/ecsTaskExecutionRole-basic} │           │
│   │ ${identity-TaskDef/identity-container/LogGroup.Arn}                                                                                                              │        │ logs:PutLogEvents                       │                                                        │           │
├───┼──────────────────────────────────────────────────────────────────────────────────────────────────────────────────────────────────────────────────────────────────┼────────┼─────────────────────────────────────────┼────────────────────────────────────────────────────────┼───────────┤
│ + │ arn:aws:cognito-idp:ap-south-1:257526644020:userpool/${IdentityProvider/basic}                                                                                   │ Allow  │ cognito-idp:AdminAddUserToGroup         │ AWS:${identity-ecsTaskRole}                            │           │
│   │                                                                                                                                                                  │        │ cognito-idp:AdminCreateUser             │                                                        │           │
│   │                                                                                                                                                                  │        │ cognito-idp:AdminDeleteUser             │                                                        │           │
│   │                                                                                                                                                                  │        │ cognito-idp:AdminDisableUser            │                                                        │           │
│   │                                                                                                                                                                  │        │ cognito-idp:AdminEnableUser             │                                                        │           │
│   │                                                                                                                                                                  │        │ cognito-idp:AdminGetUser                │                                                        │           │
│   │                                                                                                                                                                  │        │ cognito-idp:AdminInitiateAuth           │                                                        │           │
│   │                                                                                                                                                                  │        │ cognito-idp:AdminListGroupsForUser      │                                                        │           │
│   │                                                                                                                                                                  │        │ cognito-idp:AdminRespondToAuthChallenge │                                                        │           │
│   │                                                                                                                                                                  │        │ cognito-idp:AdminSetUserMFAPreference   │                                                        │           │
│   │                                                                                                                                                                  │        │ cognito-idp:AdminUpdateUserAttributes   │                                                        │           │
│   │                                                                                                                                                                  │        │ cognito-idp:AdminUserGlobalSignOut      │                                                        │           │
│   │                                                                                                                                                                  │        │ cognito-idp:AssociateSoftwareToken      │                                                        │           │
│   │                                                                                                                                                                  │        │ cognito-idp:ChangePassword              │                                                        │           │
│   │                                                                                                                                                                  │        │ cognito-idp:CreateGroup                 │                                                        │           │
│   │                                                                                                                                                                  │        │ cognito-idp:GetGroup                    │                                                        │           │
│   │                                                                                                                                                                  │        │ cognito-idp:GlobalSignOut               │                                                        │           │
│   │                                                                                                                                                                  │        │ cognito-idp:ListUsers                   │                                                        │           │
│   │                                                                                                                                                                  │        │ cognito-idp:ListUsersInGroup            │                                                        │           │
│   │                                                                                                                                                                  │        │ cognito-idp:SetUserMFAPreference        │                                                        │           │
│   │                                                                                                                                                                  │        │ cognito-idp:VerifySoftwareToken         │                                                        │           │
├───┼──────────────────────────────────────────────────────────────────────────────────────────────────────────────────────────────────────────────────────────────────┼────────┼─────────────────────────────────────────┼────────────────────────────────────────────────────────┼───────────┤
│ - │ arn:aws:cognito-idp:us-east-2:715860911762:userpool/${IdentityProvider/basic}                                                                                    │ Allow  │ cognito-idp:AdminAddUserToGroup         │ AWS:${identity-ecsTaskRole}                            │           │
│   │                                                                                                                                                                  │        │ cognito-idp:AdminCreateUser             │                                                        │           │
│   │                                                                                                                                                                  │        │ cognito-idp:AdminDeleteUser             │                                                        │           │
│   │                                                                                                                                                                  │        │ cognito-idp:AdminDisableUser            │                                                        │           │
│   │                                                                                                                                                                  │        │ cognito-idp:AdminEnableUser             │                                                        │           │
│   │                                                                                                                                                                  │        │ cognito-idp:AdminGetUser                │                                                        │           │
│   │                                                                                                                                                                  │        │ cognito-idp:AdminInitiateAuth           │                                                        │           │
│   │                                                                                                                                                                  │        │ cognito-idp:AdminListGroupsForUser      │                                                        │           │
│   │                                                                                                                                                                  │        │ cognito-idp:AdminRespondToAuthChallenge │                                                        │           │
│   │                                                                                                                                                                  │        │ cognito-idp:AdminSetUserMFAPreference   │                                                        │           │
│   │                                                                                                                                                                  │        │ cognito-idp:AdminUpdateUserAttributes   │                                                        │           │
│   │                                                                                                                                                                  │        │ cognito-idp:AdminUserGlobalSignOut      │                                                        │           │
│   │                                                                                                                                                                  │        │ cognito-idp:AssociateSoftwareToken      │                                                        │           │
│   │                                                                                                                                                                  │        │ cognito-idp:ChangePassword              │                                                        │           │
│   │                                                                                                                                                                  │        │ cognito-idp:CreateGroup                 │                                                        │           │
│   │                                                                                                                                                                  │        │ cognito-idp:GetGroup                    │                                                        │           │
│   │                                                                                                                                                                  │        │ cognito-idp:GlobalSignOut               │                                                        │           │
│   │                                                                                                                                                                  │        │ cognito-idp:ListUsers                   │                                                        │           │
│   │                                                                                                                                                                  │        │ cognito-idp:ListUsersInGroup            │                                                        │           │
│   │                                                                                                                                                                  │        │ cognito-idp:SetUserMFAPreference        │                                                        │           │
│   │                                                                                                                                                                  │        │ cognito-idp:VerifySoftwareToken         │                                                        │           │
├───┼──────────────────────────────────────────────────────────────────────────────────────────────────────────────────────────────────────────────────────────────────┼────────┼─────────────────────────────────────────┼────────────────────────────────────────────────────────┼───────────┤
│ + │ arn:aws:dynamodb:ap-south-1:257526644020:table/edforge-academics-*                                                                                               │ Allow  │ dynamodb:BatchGetItem                   │ AWS:${academics-ecsTaskRole}                           │           │
│   │ arn:aws:dynamodb:ap-south-1:257526644020:table/edforge-academics-*/index/*                                                                                       │        │ dynamodb:BatchWriteItem                 │                                                        │           │
│   │                                                                                                                                                                  │        │ dynamodb:ConditionCheckItem             │                                                        │           │
│   │                                                                                                                                                                  │        │ dynamodb:DeleteItem                     │                                                        │           │
│   │                                                                                                                                                                  │        │ dynamodb:GetItem                        │                                                        │           │
│   │                                                                                                                                                                  │        │ dynamodb:PutItem                        │                                                        │           │
│   │                                                                                                                                                                  │        │ dynamodb:Query                          │                                                        │           │
│   │                                                                                                                                                                  │        │ dynamodb:Scan                           │                                                        │           │
│   │                                                                                                                                                                  │        │ dynamodb:TransactGetItems               │                                                        │           │
│   │                                                                                                                                                                  │        │ dynamodb:TransactWriteItems             │                                                        │           │
│   │                                                                                                                                                                  │        │ dynamodb:UpdateItem                     │                                                        │           │
├───┼──────────────────────────────────────────────────────────────────────────────────────────────────────────────────────────────────────────────────────────────────┼────────┼─────────────────────────────────────────┼────────────────────────────────────────────────────────┼───────────┤
│ + │ arn:aws:dynamodb:ap-south-1:257526644020:table/edforge-finance-*                                                                                                 │ Allow  │ dynamodb:BatchGetItem                   │ AWS:${finance-ecsTaskRole}                             │           │
│   │ arn:aws:dynamodb:ap-south-1:257526644020:table/edforge-finance-*/index/*                                                                                         │        │ dynamodb:BatchWriteItem                 │                                                        │           │
│   │                                                                                                                                                                  │        │ dynamodb:ConditionCheckItem             │                                                        │           │
│   │                                                                                                                                                                  │        │ dynamodb:DeleteItem                     │                                                        │           │
│   │                                                                                                                                                                  │        │ dynamodb:GetItem                        │                                                        │           │
│   │                                                                                                                                                                  │        │ dynamodb:PutItem                        │                                                        │           │
│   │                                                                                                                                                                  │        │ dynamodb:Query                          │                                                        │           │
│   │                                                                                                                                                                  │        │ dynamodb:Scan                           │                                                        │           │
│   │                                                                                                                                                                  │        │ dynamodb:TransactGetItems               │                                                        │           │
│   │                                                                                                                                                                  │        │ dynamodb:TransactWriteItems             │                                                        │           │
│   │                                                                                                                                                                  │        │ dynamodb:UpdateItem                     │                                                        │           │
├───┼──────────────────────────────────────────────────────────────────────────────────────────────────────────────────────────────────────────────────────────────────┼────────┼─────────────────────────────────────────┼────────────────────────────────────────────────────────┼───────────┤
│ - │ arn:aws:dynamodb:us-east-2:715860911762:table/edforge-academics-*                                                                                                │ Allow  │ dynamodb:BatchGetItem                   │ AWS:${academics-ecsTaskRole}                           │           │
│   │ arn:aws:dynamodb:us-east-2:715860911762:table/edforge-academics-*/index/*                                                                                        │        │ dynamodb:BatchWriteItem                 │                                                        │           │
│   │                                                                                                                                                                  │        │ dynamodb:ConditionCheckItem             │                                                        │           │
│   │                                                                                                                                                                  │        │ dynamodb:DeleteItem                     │                                                        │           │
│   │                                                                                                                                                                  │        │ dynamodb:GetItem                        │                                                        │           │
│   │                                                                                                                                                                  │        │ dynamodb:PutItem                        │                                                        │           │
│   │                                                                                                                                                                  │        │ dynamodb:Query                          │                                                        │           │
│   │                                                                                                                                                                  │        │ dynamodb:Scan                           │                                                        │           │
│   │                                                                                                                                                                  │        │ dynamodb:TransactGetItems               │                                                        │           │
│   │                                                                                                                                                                  │        │ dynamodb:TransactWriteItems             │                                                        │           │
│   │                                                                                                                                                                  │        │ dynamodb:UpdateItem                     │                                                        │           │
├───┼──────────────────────────────────────────────────────────────────────────────────────────────────────────────────────────────────────────────────────────────────┼────────┼─────────────────────────────────────────┼────────────────────────────────────────────────────────┼───────────┤
│ - │ arn:aws:dynamodb:us-east-2:715860911762:table/edforge-finance-*                                                                                                  │ Allow  │ dynamodb:BatchGetItem                   │ AWS:${finance-ecsTaskRole}                             │           │
│   │ arn:aws:dynamodb:us-east-2:715860911762:table/edforge-finance-*/index/*                                                                                          │        │ dynamodb:BatchWriteItem                 │                                                        │           │
│   │                                                                                                                                                                  │        │ dynamodb:ConditionCheckItem             │                                                        │           │
│   │                                                                                                                                                                  │        │ dynamodb:DeleteItem                     │                                                        │           │
│   │                                                                                                                                                                  │        │ dynamodb:GetItem                        │                                                        │           │
│   │                                                                                                                                                                  │        │ dynamodb:PutItem                        │                                                        │           │
│   │                                                                                                                                                                  │        │ dynamodb:Query                          │                                                        │           │
│   │                                                                                                                                                                  │        │ dynamodb:Scan                           │                                                        │           │
│   │                                                                                                                                                                  │        │ dynamodb:TransactGetItems               │                                                        │           │
│   │                                                                                                                                                                  │        │ dynamodb:TransactWriteItems             │                                                        │           │
│   │                                                                                                                                                                  │        │ dynamodb:UpdateItem                     │                                                        │           │
├───┼──────────────────────────────────────────────────────────────────────────────────────────────────────────────────────────────────────────────────────────────────┼────────┼─────────────────────────────────────────┼────────────────────────────────────────────────────────┼───────────┤
│ + │ arn:aws:events:ap-south-1:257526644020:event-bus/{"Fn::ImportValue":"controlplane-stack:ExportsOutputRefcontrolplanesbtEventManagerSbtEventBus84ECD1F3FE22559E"} │ Allow  │ events:PutEvents                        │ AWS:${identity-ecsTaskRole}                            │           │
│ + │ arn:aws:events:ap-south-1:257526644020:event-bus/{"Fn::ImportValue":"controlplane-stack:ExportsOutputRefcontrolplanesbtEventManagerSbtEventBus84ECD1F3FE22559E"} │ Allow  │ events:PutEvents                        │ AWS:${academics-ecsTaskRole}                           │           │
│ + │ arn:aws:events:ap-south-1:257526644020:event-bus/{"Fn::ImportValue":"controlplane-stack:ExportsOutputRefcontrolplanesbtEventManagerSbtEventBus84ECD1F3FE22559E"} │ Allow  │ events:PutEvents                        │ AWS:${finance-ecsTaskRole}                             │           │
├───┼──────────────────────────────────────────────────────────────────────────────────────────────────────────────────────────────────────────────────────────────────┼────────┼─────────────────────────────────────────┼────────────────────────────────────────────────────────┼───────────┤
│ - │ arn:aws:events:us-east-2:715860911762:event-bus/{"Fn::ImportValue":"controlplane-stack:ExportsOutputRefcontrolplanesbtEventManagerSbtEventBus84ECD1F3FE22559E"}  │ Allow  │ events:PutEvents                        │ AWS:${identity-ecsTaskRole}                            │           │
│ - │ arn:aws:events:us-east-2:715860911762:event-bus/{"Fn::ImportValue":"controlplane-stack:ExportsOutputRefcontrolplanesbtEventManagerSbtEventBus84ECD1F3FE22559E"}  │ Allow  │ events:PutEvents                        │ AWS:${academics-ecsTaskRole}                           │           │
│ - │ arn:aws:events:us-east-2:715860911762:event-bus/{"Fn::ImportValue":"controlplane-stack:ExportsOutputRefcontrolplanesbtEventManagerSbtEventBus84ECD1F3FE22559E"}  │ Allow  │ events:PutEvents                        │ AWS:${finance-ecsTaskRole}                             │           │
└───┴──────────────────────────────────────────────────────────────────────────────────────────────────────────────────────────────────────────────────────────────────┴────────┴─────────────────────────────────────────┴────────────────────────────────────────────────────────┴───────────┘
(NOTE: There may be security-related changes not in this list. See https://github.com/aws/aws-cdk/issues/1299)

Resources
[-] AWS::Logs::LogGroup identity-TaskDef/identity-container/LogGroup identityTaskDefidentitycontainerLogGroup2EAE7319 orphan
[+] AWS::Logs::LogGroup identity-EcsServices/IdentityLogGroup identityEcsServicesIdentityLogGroup6BCAA5D6
[+] AWS::Logs::MetricFilter identity-EcsServices/IemisAuditEmitFailureFilter identityEcsServicesIemisAuditEmitFailureFilter0557B504
[+] AWS::CloudWatch::Alarm identity-EcsServices/IemisAuditEmitFailuresAlarm identityEcsServicesIemisAuditEmitFailuresAlarm5174C1D8
[~] AWS::DynamoDB::Table identityStorage/edforge-identity-basic identityStorageedforgeidentitybasicED16B725
 ├─ [~] AttributeDefinitions
 │   └─ @@ -62,5 +62,13 @@
 │      [ ]   {
 │      [ ]     "AttributeName": "gsi7sk",
 │      [ ]     "AttributeType": "S"
 │      [+]   },
 │      [+]   {
 │      [+]     "AttributeName": "gsi8pk",
 │      [+]     "AttributeType": "S"
 │      [+]   },
 │      [+]   {
 │      [+]     "AttributeName": "gsi8sk",
 │      [+]     "AttributeType": "S"
 │      [ ]   }
 │      [ ] ]
 └─ [~] GlobalSecondaryIndexes
     └─ @@ -110,5 +110,21 @@
        [ ]     "Projection": {
        [ ]       "ProjectionType": "ALL"
        [ ]     }
        [+]   },
        [+]   {
        [+]     "IndexName": "GSI8",
        [+]     "KeySchema": [
        [+]       {
        [+]         "AttributeName": "gsi8pk",
        [+]         "KeyType": "HASH"
        [+]       },
        [+]       {
        [+]         "AttributeName": "gsi8sk",
        [+]         "KeyType": "RANGE"
        [+]       }
        [+]     ],
        [+]     "Projection": {
        [+]       "ProjectionType": "ALL"
        [+]     }
        [ ]   }
        [ ] ]
[~] AWS::IAM::Policy identityAdditionalPolicy identityAdditionalPolicyC8B83EBD
 └─ [~] PolicyDocument
     └─ [~] .Statement:
         └─ @@ -28,7 +28,7 @@
            [ ] "Fn::Join": [
            [ ]   "",
            [ ]   [
            [-]     "arn:aws:cognito-idp:us-east-2:715860911762:userpool/",
            [+]     "arn:aws:cognito-idp:ap-south-1:257526644020:userpool/",
            [ ]     {
            [ ]       "Ref": "basicUserPoolbasic"
            [ ]     }
            @@ -53,7 +53,7 @@
            [ ] "Fn::Join": [
            [ ]   "",
            [ ]   [
            [-]     "arn:aws:events:us-east-2:715860911762:event-bus/",
            [+]     "arn:aws:events:ap-south-1:257526644020:event-bus/",
            [ ]     {
            [ ]       "Fn::ImportValue": "controlplane-stack:ExportsOutputRefcontrolplanesbtEventManagerSbtEventBus84ECD1F3FE22559E"
            [ ]     }
[~] AWS::IAM::Policy identity-EcsServices/ecsTaskExecutionRole-basic/DefaultPolicy identityEcsServicesecsTaskExecutionRolebasicDefaultPolicy19C92912
 └─ [~] PolicyDocument
     └─ [~] .Statement:
         └─ @@ -8,13 +8,13 @@
            [ ] "Resource": [
            [ ]   {
            [ ]     "Fn::GetAtt": [
            [-]       "identityEcsServicesidentityserviceLogGroupAADD4DC2",
            [+]       "identityEcsServicesIdentityLogGroup6BCAA5D6",
            [ ]       "Arn"
            [ ]     ]
            [ ]   },
            [ ]   {
            [ ]     "Fn::GetAtt": [
            [-]       "identityTaskDefidentitycontainerLogGroup2EAE7319",
            [+]       "identityEcsServicesidentityserviceLogGroupAADD4DC2",
            [ ]       "Arn"
            [ ]     ]
            [ ]   }
[~] AWS::ECS::TaskDefinition identity-TaskDef identityTaskDef4E17C112 may be replaced
 └─ [~] ContainerDefinitions (may cause replacement)
     └─ @@ -71,12 +71,12 @@
        [ ]   }
        [ ] ],
        [ ] "Essential": true,
        [-] "Image": "715860911762.dkr.ecr.us-east-2.amazonaws.com/identity",
        [+] "Image": "257526644020.dkr.ecr.ap-south-1.amazonaws.com/identity",
        [ ] "LogConfiguration": {
        [ ]   "LogDriver": "awslogs",
        [ ]   "Options": {
        [ ]     "awslogs-group": {
        [-]       "Ref": "identityTaskDefidentitycontainerLogGroup2EAE7319"
        [+]       "Ref": "identityEcsServicesIdentityLogGroup6BCAA5D6"
        [ ]     },
        [ ]     "awslogs-stream-prefix": "ecs-container-logs",
        [ ]     "awslogs-region": {
[~] AWS::DynamoDB::Table academicsStorage/edforge-academics-basic academicsStorageedforgeacademicsbasic3A1D540B
 ├─ [~] AttributeDefinitions
 │   └─ @@ -62,5 +62,13 @@
 │      [ ]   {
 │      [ ]     "AttributeName": "gsi7sk",
 │      [ ]     "AttributeType": "S"
 │      [+]   },
 │      [+]   {
 │      [+]     "AttributeName": "gsi8pk",
 │      [+]     "AttributeType": "S"
 │      [+]   },
 │      [+]   {
 │      [+]     "AttributeName": "gsi8sk",
 │      [+]     "AttributeType": "S"
 │      [ ]   }
 │      [ ] ]
 └─ [~] GlobalSecondaryIndexes
     └─ @@ -110,5 +110,21 @@
        [ ]     "Projection": {
        [ ]       "ProjectionType": "ALL"
        [ ]     }
        [+]   },
        [+]   {
        [+]     "IndexName": "GSI8",
        [+]     "KeySchema": [
        [+]       {
        [+]         "AttributeName": "gsi8pk",
        [+]         "KeyType": "HASH"
        [+]       },
        [+]       {
        [+]         "AttributeName": "gsi8sk",
        [+]         "KeyType": "RANGE"
        [+]       }
        [+]     ],
        [+]     "Projection": {
        [+]       "ProjectionType": "ALL"
        [+]     }
        [ ]   }
        [ ] ]
[~] AWS::IAM::Policy academicsAdditionalPolicy academicsAdditionalPolicyCC46FF36
 └─ [~] PolicyDocument
     └─ [~] .Statement:
         └─ @@ -25,8 +25,8 @@
            [ ]   ],
            [ ]   "Effect": "Allow",
            [ ]   "Resource": [
            [-]     "arn:aws:dynamodb:us-east-2:715860911762:table/edforge-academics-*",
            [-]     "arn:aws:dynamodb:us-east-2:715860911762:table/edforge-academics-*/index/*"
            [+]     "arn:aws:dynamodb:ap-south-1:257526644020:table/edforge-academics-*",
            [+]     "arn:aws:dynamodb:ap-south-1:257526644020:table/edforge-academics-*/index/*"
            [ ]   ]
            [ ] },
            [ ] {
            @@ -36,7 +36,7 @@
            [ ] "Fn::Join": [
            [ ]   "",
            [ ]   [
            [-]     "arn:aws:events:us-east-2:715860911762:event-bus/",
            [+]     "arn:aws:events:ap-south-1:257526644020:event-bus/",
            [ ]     {
            [ ]       "Fn::ImportValue": "controlplane-stack:ExportsOutputRefcontrolplanesbtEventManagerSbtEventBus84ECD1F3FE22559E"
            [ ]     }
[~] AWS::ECS::TaskDefinition academics-TaskDef academicsTaskDefEDF7D68A may be replaced
 └─ [~] ContainerDefinitions (may cause replacement)
     └─ @@ -83,7 +83,7 @@
        [ ]   }
        [ ] ],
        [ ] "Essential": true,
        [-] "Image": "715860911762.dkr.ecr.us-east-2.amazonaws.com/academics",
        [+] "Image": "257526644020.dkr.ecr.ap-south-1.amazonaws.com/academics",
        [ ] "LogConfiguration": {
        [ ]   "LogDriver": "awslogs",
        [ ]   "Options": {
[~] AWS::DynamoDB::Table financeStorage/edforge-finance-basic financeStorageedforgefinancebasic93F99320
 ├─ [~] AttributeDefinitions
 │   └─ @@ -62,5 +62,13 @@
 │      [ ]   {
 │      [ ]     "AttributeName": "gsi7sk",
 │      [ ]     "AttributeType": "S"
 │      [+]   },
 │      [+]   {
 │      [+]     "AttributeName": "gsi8pk",
 │      [+]     "AttributeType": "S"
 │      [+]   },
 │      [+]   {
 │      [+]     "AttributeName": "gsi8sk",
 │      [+]     "AttributeType": "S"
 │      [ ]   }
 │      [ ] ]
 └─ [~] GlobalSecondaryIndexes
     └─ @@ -110,5 +110,21 @@
        [ ]     "Projection": {
        [ ]       "ProjectionType": "ALL"
        [ ]     }
        [+]   },
        [+]   {
        [+]     "IndexName": "GSI8",
        [+]     "KeySchema": [
        [+]       {
        [+]         "AttributeName": "gsi8pk",
        [+]         "KeyType": "HASH"
        [+]       },
        [+]       {
        [+]         "AttributeName": "gsi8sk",
        [+]         "KeyType": "RANGE"
        [+]       }
        [+]     ],
        [+]     "Projection": {
        [+]       "ProjectionType": "ALL"
        [+]     }
        [ ]   }
        [ ] ]
[~] AWS::IAM::Policy financeAdditionalPolicy financeAdditionalPolicy085B7562
 └─ [~] PolicyDocument
     └─ [~] .Statement:
         └─ @@ -25,8 +25,8 @@
            [ ]   ],
            [ ]   "Effect": "Allow",
            [ ]   "Resource": [
            [-]     "arn:aws:dynamodb:us-east-2:715860911762:table/edforge-finance-*",
            [-]     "arn:aws:dynamodb:us-east-2:715860911762:table/edforge-finance-*/index/*"
            [+]     "arn:aws:dynamodb:ap-south-1:257526644020:table/edforge-finance-*",
            [+]     "arn:aws:dynamodb:ap-south-1:257526644020:table/edforge-finance-*/index/*"
            [ ]   ]
            [ ] },
            [ ] {
            @@ -36,7 +36,7 @@
            [ ] "Fn::Join": [
            [ ]   "",
            [ ]   [
            [-]     "arn:aws:events:us-east-2:715860911762:event-bus/",
            [+]     "arn:aws:events:ap-south-1:257526644020:event-bus/",
            [ ]     {
            [ ]       "Fn::ImportValue": "controlplane-stack:ExportsOutputRefcontrolplanesbtEventManagerSbtEventBus84ECD1F3FE22559E"
            [ ]     }
[~] AWS::ECS::TaskDefinition finance-TaskDef financeTaskDefCFB71E6A may be replaced
 └─ [~] ContainerDefinitions (may cause replacement)
     └─ @@ -87,7 +87,7 @@
        [ ]   }
        [ ] ],
        [ ] "Essential": true,
        [-] "Image": "715860911762.dkr.ecr.us-east-2.amazonaws.com/finance",
        [+] "Image": "257526644020.dkr.ecr.ap-south-1.amazonaws.com/finance",
        [ ] "LogConfiguration": {
        [ ]   "LogDriver": "awslogs",
        [ ]   "Options": {
[~] AWS::ECS::TaskDefinition rproxy-TaskDef rproxyTaskDefA08A04AC replace
 └─ [~] ContainerDefinitions (requires replacement)
     └─ @@ -38,7 +38,7 @@
        [ ]   }
        [ ] ],
        [ ] "Essential": true,
        [-] "Image": "715860911762.dkr.ecr.us-east-2.amazonaws.com/rproxy",
        [+] "Image": "257526644020.dkr.ecr.ap-south-1.amazonaws.com/rproxy",
        [ ] "LogConfiguration": {
        [ ]   "LogDriver": "awslogs",
        [ ]   "Options": {
[~] Custom::AWS CreateTenantMapping/Resource CreateTenantMappingA61F466B may be replaced
 ├─ [~] Create (may cause replacement)
 │   └─ [~] .Fn::Join:
 │       └─ @@ -5,6 +5,6 @@
 │          [ ]     {
 │          [ ]       "Fn::ImportValue": "shared-infra-stack:ExportsOutputRefTenantMappingTable8521321C99BF1CB4"
 │          [ ]     },
 │          [-]     "\",\"Item\":{\"tenantId\":{\"S\":\"basic\"},\"stackName\":{\"S\":\"tenant-template-stack-basic\"},\"codeCommitId\":{\"S\":\"622ec9c\"},\"waveNumber\":{\"S\":\"1\"}}}}"
 │          [+]     "\",\"Item\":{\"tenantId\":{\"S\":\"basic\"},\"stackName\":{\"S\":\"tenant-template-stack-basic\"},\"codeCommitId\":{\"S\":\"554d5ea\"},\"waveNumber\":{\"S\":\"1\"}}}}"
 │          [ ]   ]
 │          [ ] ]
 └─ [~] Update (may cause replacement)
     └─ [~] .Fn::Join:
         └─ @@ -5,6 +5,6 @@
            [ ]     {
            [ ]       "Fn::ImportValue": "shared-infra-stack:ExportsOutputRefTenantMappingTable8521321C99BF1CB4"
            [ ]     },
            [-]     "\",\"Key\":{\"tenantId\":{\"S\":\"basic\"}},\"UpdateExpression\":\"set codeCommitId = :codeCommitId\",\"ExpressionAttributeValues\":{\":codeCommitId\":{\"S\":\"622ec9c\"}}}}"
            [+]     "\",\"Key\":{\"tenantId\":{\"S\":\"basic\"}},\"UpdateExpression\":\"set codeCommitId = :codeCommitId\",\"ExpressionAttributeValues\":{\":codeCommitId\":{\"S\":\"554d5ea\"}}}}"
            [ ]   ]
            [ ] ]

Outputs
[~] Output S3SourceVersion S3SourceVersion: {"Value":"622ec9c"} to {"Value":"554d5ea"}

Stack tenant-template-stack-basic-EcsClusterNestedStackEcsClusterNestedStackResource0624F17C-1FZBNBODE5FVM
There were no differences


✨  Number of stacks with differences: 1

