// Jest Snapshot v1, https://goo.gl/fbAQLP

exports[`RolesService — permission matrix snapshots the full backend-enforced matrix (compare vs Security Policies UI / intent) 1`] = `
"resource:action | Principal | VicePrincipal | Teacher | Accountant | Staff | Counselor | Nurse | Student | Parent
---
students:view | ✓ | ✓ | ✓ | ✓ | ✓ | ✓ | ✓ | ✓ | ✓
students:create | ✓ | ✗ | ✗ | ✗ | ✗ | ✗ | ✗ | ✗ | ✗
students:edit | ✓ | ✓ | ✗ | ✗ | ✗ | ✗ | ✗ | ✗ | ✗
students:delete | ✓ | ✗ | ✗ | ✗ | ✗ | ✗ | ✗ | ✗ | ✗
students:manage | ✓ | ✗ | ✗ | ✗ | ✗ | ✗ | ✗ | ✗ | ✗
students:export | ✓ | ✗ | ✗ | ✗ | ✗ | ✗ | ✗ | ✗ | ✗
teachers:view | ✓ | ✓ | ✗ | ✗ | ✗ | ✗ | ✗ | ✗ | ✗
teachers:create | ✓ | ✗ | ✗ | ✗ | ✗ | ✗ | ✗ | ✗ | ✗
teachers:edit | ✓ | ✓ | ✗ | ✗ | ✗ | ✗ | ✗ | ✗ | ✗
teachers:delete | ✓ | ✗ | ✗ | ✗ | ✗ | ✗ | ✗ | ✗ | ✗
teachers:manage | ✓ | ✗ | ✗ | ✗ | ✗ | ✗ | ✗ | ✗ | ✗
staff:view | ✓ | ✓ | ✗ | ✗ | ✗ | ✗ | ✗ | ✗ | ✗
staff:create | ✓ | ✗ | ✗ | ✗ | ✗ | ✗ | ✗ | ✗ | ✗
staff:edit | ✓ | ✗ | ✗ | ✗ | ✗ | ✗ | ✗ | ✗ | ✗
staff:delete | ✓ | ✗ | ✗ | ✗ | ✗ | ✗ | ✗ | ✗ | ✗
staff:manage | ✓ | ✗ | ✗ | ✗ | ✗ | ✗ | ✗ | ✗ | ✗
grades:view | ✓ | ✓ | ✓ | ✗ | ✗ | ✗ | ✗ | ✓ | ✓
grades:create | ✓ | ✗ | ✗ | ✗ | ✗ | ✗ | ✗ | ✗ | ✗
grades:edit | ✓ | ✓ | ✓ | ✗ | ✗ | ✗ | ✗ | ✗ | ✗
grades:delete | ✓ | ✗ | ✗ | ✗ | ✗ | ✗ | ✗ | ✗ | ✗
grades:export | ✓ | ✗ | ✗ | ✗ | ✗ | ✗ | ✗ | ✗ | ✗
attendance:view | ✓ | ✓ | ✓ | ✗ | ✓ | ✗ | ✗ | ✓ | ✓
attendance:create | ✓ | ✓ | ✓ | ✗ | ✗ | ✗ | ✗ | ✗ | ✗
attendance:edit | ✓ | ✓ | ✓ | ✗ | ✗ | ✗ | ✗ | ✗ | ✗
attendance:delete | ✓ | ✓ | ✗ | ✗ | ✗ | ✗ | ✗ | ✗ | ✗
attendance:export | ✓ | ✓ | ✗ | ✗ | ✗ | ✗ | ✗ | ✗ | ✗
enrollment:view | ✓ | ✓ | ✗ | ✗ | ✗ | ✗ | ✗ | ✓ | ✓
enrollment:create | ✓ | ✗ | ✗ | ✗ | ✗ | ✗ | ✗ | ✗ | ✗
enrollment:edit | ✓ | ✓ | ✗ | ✗ | ✗ | ✗ | ✗ | ✗ | ✗
enrollment:delete | ✓ | ✗ | ✗ | ✗ | ✗ | ✗ | ✗ | ✗ | ✗
enrollment:approve | ✓ | ✗ | ✗ | ✗ | ✗ | ✗ | ✗ | ✗ | ✗
courses:view | ✓ | ✓ | ✓ | ✗ | ✗ | ✗ | ✗ | ✓ | ✓
courses:create | ✓ | ✗ | ✗ | ✗ | ✗ | ✗ | ✗ | ✗ | ✗
courses:edit | ✓ | ✗ | ✗ | ✗ | ✗ | ✗ | ✗ | ✗ | ✗
courses:delete | ✓ | ✗ | ✗ | ✗ | ✗ | ✗ | ✗ | ✗ | ✗
courses:manage | ✓ | ✗ | ✗ | ✗ | ✗ | ✗ | ✗ | ✗ | ✗
scheduling:view | ✓ | ✓ | ✓ | ✗ | ✓ | ✓ | ✗ | ✓ | ✓
scheduling:create | ✓ | ✗ | ✗ | ✗ | ✗ | ✗ | ✗ | ✗ | ✗
scheduling:edit | ✓ | ✓ | ✗ | ✗ | ✗ | ✗ | ✗ | ✗ | ✗
scheduling:delete | ✓ | ✗ | ✗ | ✗ | ✗ | ✗ | ✗ | ✗ | ✗
scheduling:manage | ✓ | ✗ | ✗ | ✗ | ✗ | ✗ | ✗ | ✗ | ✗
reports:view | ✓ | ✓ | ✗ | ✗ | ✗ | ✗ | ✗ | ✗ | ✗
reports:export | ✓ | ✓ | ✗ | ✗ | ✗ | ✗ | ✗ | ✗ | ✗
reports:finance | ✓ | ✗ | ✗ | ✓ | ✗ | ✗ | ✗ | ✗ | ✗
settings:school | ✓ | ✗ | ✗ | ✗ | ✗ | ✗ | ✗ | ✗ | ✗
settings:manage | ✗ | ✗ | ✗ | ✗ | ✗ | ✗ | ✗ | ✗ | ✗
branding:view | ✓ | ✗ | ✗ | ✗ | ✗ | ✗ | ✗ | ✗ | ✗
branding:configure | ✓ | ✗ | ✗ | ✗ | ✗ | ✗ | ✗ | ✗ | ✗
pdf-templates:view | ✓ | ✗ | ✗ | ✗ | ✗ | ✗ | ✗ | ✗ | ✗
pdf-templates:configure | ✗ | ✗ | ✗ | ✗ | ✗ | ✗ | ✗ | ✗ | ✗
billing:view | ✓ | ✓ | ✗ | ✓ | ✓ | ✗ | ✗ | ✓ | ✓
billing:create | ✓ | ✓ | ✗ | ✓ | ✗ | ✗ | ✗ | ✗ | ✓
billing:edit | ✓ | ✓ | ✗ | ✓ | ✗ | ✗ | ✗ | ✗ | ✗
billing:delete | ✓ | ✗ | ✗ | ✓ | ✗ | ✗ | ✗ | ✗ | ✗
billing:manage | ✓ | ✗ | ✗ | ✓ | ✗ | ✗ | ✗ | ✗ | ✗
payroll:view | ✗ | ✗ | ✗ | ✓ | ✗ | ✗ | ✗ | ✗ | ✗
payroll:create | ✗ | ✗ | ✗ | ✗ | ✗ | ✗ | ✗ | ✗ | ✗
payroll:edit | ✗ | ✗ | ✗ | ✗ | ✗ | ✗ | ✗ | ✗ | ✗
payroll:manage | ✗ | ✗ | ✗ | ✗ | ✗ | ✗ | ✗ | ✗ | ✗
expenses:view | ✗ | ✗ | ✗ | ✓ | ✗ | ✗ | ✗ | ✗ | ✗
expenses:create | ✗ | ✗ | ✗ | ✓ | ✗ | ✗ | ✗ | ✗ | ✗
expenses:edit | ✗ | ✗ | ✗ | ✓ | ✗ | ✗ | ✗ | ✗ | ✗
expenses:delete | ✗ | ✗ | ✗ | ✓ | ✗ | ✗ | ✗ | ✗ | ✗
expenses:approve | ✗ | ✗ | ✗ | ✓ | ✗ | ✗ | ✗ | ✗ | ✗
expenses:manage | ✗ | ✗ | ✗ | ✓ | ✗ | ✗ | ✗ | ✗ | ✗
special-programs:view | ✗ | ✗ | ✗ | ✗ | ✗ | ✓ | ✗ | ✗ | ✗
special-programs:create | ✗ | ✗ | ✗ | ✗ | ✗ | ✓ | ✗ | ✗ | ✗
special-programs:edit | ✗ | ✗ | ✗ | ✗ | ✗ | ✓ | ✗ | ✗ | ✗
special-programs:delete | ✗ | ✗ | ✗ | ✗ | ✗ | ✓ | ✗ | ✗ | ✗
special-programs:manage | ✗ | ✗ | ✗ | ✗ | ✗ | ✓ | ✗ | ✗ | ✗
health-records:view | ✗ | ✗ | ✗ | ✗ | ✗ | ✗ | ✓ | ✗ | ✗
health-records:create | ✗ | ✗ | ✗ | ✗ | ✗ | ✗ | ✓ | ✗ | ✗
health-records:edit | ✗ | ✗ | ✗ | ✗ | ✗ | ✗ | ✓ | ✗ | ✗
health-records:delete | ✗ | ✗ | ✗ | ✗ | ✗ | ✗ | ✓ | ✗ | ✗
health-records:manage | ✗ | ✗ | ✗ | ✗ | ✗ | ✗ | ✓ | ✗ | ✗
student-portal:grades | ✗ | ✗ | ✗ | ✗ | ✗ | ✗ | ✗ | ✓ | ✗
student-portal:attendance | ✗ | ✗ | ✗ | ✗ | ✗ | ✗ | ✗ | ✓ | ✗
student-portal:schedule | ✗ | ✗ | ✗ | ✗ | ✗ | ✗ | ✗ | ✓ | ✗
student-portal:assignments | ✗ | ✗ | ✗ | ✗ | ✗ | ✗ | ✗ | ✓ | ✗
parent-portal:grades | ✗ | ✗ | ✗ | ✗ | ✗ | ✗ | ✗ | ✗ | ✓
parent-portal:attendance | ✗ | ✗ | ✗ | ✗ | ✗ | ✗ | ✗ | ✗ | ✓
parent-portal:schedule | ✗ | ✗ | ✗ | ✗ | ✗ | ✗ | ✗ | ✗ | ✓
parent-portal:fees | ✗ | ✗ | ✗ | ✗ | ✗ | ✗ | ✗ | ✗ | ✓
iemis:import | ✗ | ✗ | ✗ | ✗ | ✗ | ✗ | ✗ | ✗ | ✗
iemis:export | ✗ | ✗ | ✗ | ✗ | ✗ | ✗ | ✗ | ✗ | ✗
iemis:verify-code | ✗ | ✗ | ✗ | ✗ | ✗ | ✗ | ✗ | ✗ | ✗
iemis:view-audit | ✗ | ✗ | ✗ | ✗ | ✗ | ✗ | ✗ | ✗ | ✗
iemis:manage-templates | ✗ | ✗ | ✗ | ✗ | ✗ | ✗ | ✗ | ✗ | ✗
education-organizations:view | ✓ | ✓ | ✗ | ✗ | ✗ | ✗ | ✗ | ✗ | ✗
education-organizations:create | ✓ | ✗ | ✗ | ✗ | ✗ | ✗ | ✗ | ✗ | ✗
education-organizations:edit | ✓ | ✗ | ✗ | ✗ | ✗ | ✗ | ✗ | ✗ | ✗
education-organizations:delete | ✓ | ✗ | ✗ | ✗ | ✗ | ✗ | ✗ | ✗ | ✗
education-organizations:manage | ✓ | ✗ | ✗ | ✗ | ✗ | ✗ | ✗ | ✗ | ✗
gradelevels:view | ✓ | ✓ | ✓ | ✗ | ✓ | ✗ | ✗ | ✗ | ✗
gradelevels:create | ✓ | ✗ | ✗ | ✗ | ✗ | ✗ | ✗ | ✗ | ✗
gradelevels:edit | ✓ | ✓ | ✗ | ✗ | ✗ | ✗ | ✗ | ✗ | ✗
gradelevels:delete | ✓ | ✗ | ✗ | ✗ | ✗ | ✗ | ✗ | ✗ | ✗
gradelevels:manage | ✓ | ✗ | ✗ | ✗ | ✗ | ✗ | ✗ | ✗ | ✗
staff-assignments:view | ✓ | ✓ | ✗ | ✗ | ✗ | ✗ | ✗ | ✗ | ✗
staff-assignments:create | ✓ | ✓ | ✗ | ✗ | ✗ | ✗ | ✗ | ✗ | ✗
staff-assignments:edit | ✓ | ✓ | ✗ | ✗ | ✗ | ✗ | ✗ | ✗ | ✗
staff-assignments:delete | ✓ | ✗ | ✗ | ✗ | ✗ | ✗ | ✗ | ✗ | ✗
employment-history:view | ✓ | ✓ | ✗ | ✗ | ✗ | ✗ | ✗ | ✗ | ✗"
`;
